Archive member included to satisfy reference by file (symbol)

c:/st/stm32cubeide_1.8.0/stm32cubeide/plugins/com.st.stm32cube.ide.mcu.externaltools.gnu-tools-for-stm32.9-2020-q2-update.win32_2.0.0.202105311346/tools/bin/../lib/gcc/arm-none-eabi/9.3.1/../../../../arm-none-eabi/lib/thumb/v7-m/nofp\libc_nano.a(lib_a-atoi.o)
                              ./Drivers/Bluetooth/bluetooth.o (atoi)
c:/st/stm32cubeide_1.8.0/stm32cubeide/plugins/com.st.stm32cube.ide.mcu.externaltools.gnu-tools-for-stm32.9-2020-q2-update.win32_2.0.0.202105311346/tools/bin/../lib/gcc/arm-none-eabi/9.3.1/../../../../arm-none-eabi/lib/thumb/v7-m/nofp\libc_nano.a(lib_a-atol.o)
                              ./Drivers/Files/files.o (atol)
c:/st/stm32cubeide_1.8.0/stm32cubeide/plugins/com.st.stm32cube.ide.mcu.externaltools.gnu-tools-for-stm32.9-2020-q2-update.win32_2.0.0.202105311346/tools/bin/../lib/gcc/arm-none-eabi/9.3.1/../../../../arm-none-eabi/lib/thumb/v7-m/nofp\libc_nano.a(lib_a-errno.o)
                              ./Core/Src/syscalls.o (__errno)
c:/st/stm32cubeide_1.8.0/stm32cubeide/plugins/com.st.stm32cube.ide.mcu.externaltools.gnu-tools-for-stm32.9-2020-q2-update.win32_2.0.0.202105311346/tools/bin/../lib/gcc/arm-none-eabi/9.3.1/../../../../arm-none-eabi/lib/thumb/v7-m/nofp\libc_nano.a(lib_a-exit.o)
                              c:/st/stm32cubeide_1.8.0/stm32cubeide/plugins/com.st.stm32cube.ide.mcu.externaltools.gnu-tools-for-stm32.9-2020-q2-update.win32_2.0.0.202105311346/tools/bin/../lib/gcc/arm-none-eabi/9.3.1/../../../../arm-none-eabi/lib/thumb/v7-m/nofp/crt0.o (exit)
c:/st/stm32cubeide_1.8.0/stm32cubeide/plugins/com.st.stm32cube.ide.mcu.externaltools.gnu-tools-for-stm32.9-2020-q2-update.win32_2.0.0.202105311346/tools/bin/../lib/gcc/arm-none-eabi/9.3.1/../../../../arm-none-eabi/lib/thumb/v7-m/nofp\libc_nano.a(lib_a-impure.o)
                              c:/st/stm32cubeide_1.8.0/stm32cubeide/plugins/com.st.stm32cube.ide.mcu.externaltools.gnu-tools-for-stm32.9-2020-q2-update.win32_2.0.0.202105311346/tools/bin/../lib/gcc/arm-none-eabi/9.3.1/../../../../arm-none-eabi/lib/thumb/v7-m/nofp\libc_nano.a(lib_a-exit.o) (_global_impure_ptr)
c:/st/stm32cubeide_1.8.0/stm32cubeide/plugins/com.st.stm32cube.ide.mcu.externaltools.gnu-tools-for-stm32.9-2020-q2-update.win32_2.0.0.202105311346/tools/bin/../lib/gcc/arm-none-eabi/9.3.1/../../../../arm-none-eabi/lib/thumb/v7-m/nofp\libc_nano.a(lib_a-init.o)
                              c:/st/stm32cubeide_1.8.0/stm32cubeide/plugins/com.st.stm32cube.ide.mcu.externaltools.gnu-tools-for-stm32.9-2020-q2-update.win32_2.0.0.202105311346/tools/bin/../lib/gcc/arm-none-eabi/9.3.1/../../../../arm-none-eabi/lib/thumb/v7-m/nofp/crt0.o (__libc_init_array)
c:/st/stm32cubeide_1.8.0/stm32cubeide/plugins/com.st.stm32cube.ide.mcu.externaltools.gnu-tools-for-stm32.9-2020-q2-update.win32_2.0.0.202105311346/tools/bin/../lib/gcc/arm-none-eabi/9.3.1/../../../../arm-none-eabi/lib/thumb/v7-m/nofp\libc_nano.a(lib_a-itoa.o)
                              ./Drivers/FS/fs.o (itoa)
c:/st/stm32cubeide_1.8.0/stm32cubeide/plugins/com.st.stm32cube.ide.mcu.externaltools.gnu-tools-for-stm32.9-2020-q2-update.win32_2.0.0.202105311346/tools/bin/../lib/gcc/arm-none-eabi/9.3.1/../../../../arm-none-eabi/lib/thumb/v7-m/nofp\libc_nano.a(lib_a-memcpy-stub.o)
                              ./Drivers/Uart/uart.o (memcpy)
c:/st/stm32cubeide_1.8.0/stm32cubeide/plugins/com.st.stm32cube.ide.mcu.externaltools.gnu-tools-for-stm32.9-2020-q2-update.win32_2.0.0.202105311346/tools/bin/../lib/gcc/arm-none-eabi/9.3.1/../../../../arm-none-eabi/lib/thumb/v7-m/nofp\libc_nano.a(lib_a-memset.o)
                              c:/st/stm32cubeide_1.8.0/stm32cubeide/plugins/com.st.stm32cube.ide.mcu.externaltools.gnu-tools-for-stm32.9-2020-q2-update.win32_2.0.0.202105311346/tools/bin/../lib/gcc/arm-none-eabi/9.3.1/../../../../arm-none-eabi/lib/thumb/v7-m/nofp/crt0.o (memset)
c:/st/stm32cubeide_1.8.0/stm32cubeide/plugins/com.st.stm32cube.ide.mcu.externaltools.gnu-tools-for-stm32.9-2020-q2-update.win32_2.0.0.202105311346/tools/bin/../lib/gcc/arm-none-eabi/9.3.1/../../../../arm-none-eabi/lib/thumb/v7-m/nofp\libc_nano.a(lib_a-sprintf.o)
                              ./Drivers/Clock/clock.o (sprintf)
c:/st/stm32cubeide_1.8.0/stm32cubeide/plugins/com.st.stm32cube.ide.mcu.externaltools.gnu-tools-for-stm32.9-2020-q2-update.win32_2.0.0.202105311346/tools/bin/../lib/gcc/arm-none-eabi/9.3.1/../../../../arm-none-eabi/lib/thumb/v7-m/nofp\libc_nano.a(lib_a-sscanf.o)
                              ./Drivers/Clock/clock.o (sscanf)
c:/st/stm32cubeide_1.8.0/stm32cubeide/plugins/com.st.stm32cube.ide.mcu.externaltools.gnu-tools-for-stm32.9-2020-q2-update.win32_2.0.0.202105311346/tools/bin/../lib/gcc/arm-none-eabi/9.3.1/../../../../arm-none-eabi/lib/thumb/v7-m/nofp\libc_nano.a(lib_a-stdio.o)
[...]
Memory Configuration

Name             Origin             Length             Attributes
RAM              0x0000000020000000 0x0000000000008000 xrw
FLASH            0x0000000008005000 0x000000000003b000 xr
*default*        0x0000000000000000 0xffffffffffffffff

Linker script and memory map

LOAD c:/st/stm32cubeide_1.8.0/stm32cubeide/plugins/com.st.stm32cube.ide.mcu.externaltools.gnu-tools-for-stm32.9-2020-q2-update.win32_2.0.0.202105311346/tools/bin/../lib/gcc/arm-none-eabi/9.3.1/thumb/v7-m/nofp/crti.o
LOAD c:/st/stm32cubeide_1.8.0/stm32cubeide/plugins/com.st.stm32cube.ide.mcu.externaltools.gnu-tools-for-stm32.9-2020-q2-update.win32_2.0.0.202105311346/tools/bin/../lib/gcc/arm-none-eabi/9.3.1/thumb/v7-m/nofp/crtbegin.o
LOAD c:/st/stm32cubeide_1.8.0/stm32cubeide/plugins/com.st.stm32cube.ide.mcu.externaltools.gnu-tools-for-stm32.9-2020-q2-update.win32_2.0.0.202105311346/tools/bin/../lib/gcc/arm-none-eabi/9.3.1/../../../../arm-none-eabi/lib/thumb/v7-m/nofp/crt0.o
LOAD ./Core/Src/main.o
LOAD ./Core/Src/stm32l1xx_hal_msp.o
LOAD ./Core/Src/stm32l1xx_it.o
LOAD ./Core/Src/syscalls.o
LOAD ./Core/Src/sysmem.o
LOAD ./Core/Src/system_stm32l1xx.o
LOAD ./Core/Startup/startup_stm32l151rctx.o
LOAD ./Drivers/Bluetooth/bluetooth.o
LOAD ./Drivers/Clock/clock.o
LOAD ./Drivers/FS/fs.o
LOAD ./Drivers/FTP/ftp.o
LOAD ./Drivers/Files/files.o
LOAD ./Drivers/GSMLOC/gsmloc.o
LOAD ./Drivers/Gps/gps.o
LOAD ./Drivers/MQTT/mqtt.o
LOAD ./Drivers/Memory/memory.o
LOAD ./Drivers/STM32L1xx_HAL_Driver/Src/stm32l1xx_hal.o
LOAD ./Drivers/STM32L1xx_HAL_Driver/Src/stm32l1xx_hal_adc.o
LOAD ./Drivers/STM32L1xx_HAL_Driver/Src/stm32l1xx_hal_adc_ex.o
LOAD ./Drivers/STM32L1xx_HAL_Driver/Src/stm32l1xx_hal_cortex.o
LOAD ./Drivers/STM32L1xx_HAL_Driver/Src/stm32l1xx_hal_dma.o
LOAD ./Drivers/STM32L1xx_HAL_Driver/Src/stm32l1xx_hal_exti.o
LOAD ./Drivers/STM32L1xx_HAL_Driver/Src/stm32l1xx_hal_flash.o
LOAD ./Drivers/STM32L1xx_HAL_Driver/Src/stm32l1xx_hal_flash_ex.o
LOAD ./Drivers/STM32L1xx_HAL_Driver/Src/stm32l1xx_hal_flash_ramfunc.o
LOAD ./Drivers/STM32L1xx_HAL_Driver/Src/stm32l1xx_hal_gpio.o
LOAD ./Drivers/STM32L1xx_HAL_Driver/Src/stm32l1xx_hal_pwr.o
LOAD ./Drivers/STM32L1xx_HAL_Driver/Src/stm32l1xx_hal_pwr_ex.o
LOAD ./Drivers/STM32L1xx_HAL_Driver/Src/stm32l1xx_hal_rcc.o
LOAD ./Drivers/STM32L1xx_HAL_Driver/Src/stm32l1xx_hal_rcc_ex.o
LOAD ./Drivers/STM32L1xx_HAL_Driver/Src/stm32l1xx_hal_rtc.o
LOAD ./Drivers/STM32L1xx_HAL_Driver/Src/stm32l1xx_hal_rtc_ex.o
LOAD ./Drivers/STM32L1xx_HAL_Driver/Src/stm32l1xx_hal_tim.o
LOAD ./Drivers/STM32L1xx_HAL_Driver/Src/stm32l1xx_hal_tim_ex.o
LOAD ./Drivers/STM32L1xx_HAL_Driver/Src/stm32l1xx_hal_uart.o
LOAD ./Drivers/Sensor/sensor.o
LOAD ./Drivers/Sim868/sim868.o
LOAD ./Drivers/Sleep/sleep.o
LOAD ./Drivers/Uart/uart.o
LOAD ./Working/working.o
START GROUP
LOAD c:/st/stm32cubeide_1.8.0/stm32cubeide/plugins/com.st.stm32cube.ide.mcu.externaltools.gnu-tools-for-stm32.9-2020-q2-update.win32_2.0.0.202105311346/tools/bin/../lib/gcc/arm-none-eabi/9.3.1/../../../../arm-none-eabi/lib/thumb/v7-m/nofp\libc_nano.a
LOAD c:/st/stm32cubeide_1.8.0/stm32cubeide/plugins/com.st.stm32cube.ide.mcu.externaltools.gnu-tools-for-stm32.9-2020-q2-update.win32_2.0.0.202105311346/tools/bin/../lib/gcc/arm-none-eabi/9.3.1/../../../../arm-none-eabi/lib/thumb/v7-m/nofp\libm.a
END GROUP
START GROUP
LOAD c:/st/stm32cubeide_1.8.0/stm32cubeide/plugins/com.st.stm32cube.ide.mcu.externaltools.gnu-tools-for-stm32.9-2020-q2-update.win32_2.0.0.202105311346/tools/bin/../lib/gcc/arm-none-eabi/9.3.1/thumb/v7-m/nofp\libgcc.a
LOAD c:/st/stm32cubeide_1.8.0/stm32cubeide/plugins/com.st.stm32cube.ide.mcu.externaltools.gnu-tools-for-stm32.9-2020-q2-update.win32_2.0.0.202105311346/tools/bin/../lib/gcc/arm-none-eabi/9.3.1/../../../../arm-none-eabi/lib/thumb/v7-m/nofp\libc_nano.a
END GROUP
START GROUP
LOAD c:/st/stm32cubeide_1.8.0/stm32cubeide/plugins/com.st.stm32cube.ide.mcu.externaltools.gnu-tools-for-stm32.9-2020-q2-update.win32_2.0.0.202105311346/tools/bin/../lib/gcc/arm-none-eabi/9.3.1/thumb/v7-m/nofp\libgcc.a
LOAD c:/st/stm32cubeide_1.8.0/stm32cubeide/plugins/com.st.stm32cube.ide.mcu.externaltools.gnu-tools-for-stm32.9-2020-q2-update.win32_2.0.0.202105311346/tools/bin/../lib/gcc/arm-none-eabi/9.3.1/../../../../arm-none-eabi/lib/thumb/v7-m/nofp\libc_nano.a
LOAD c:/st/stm32cubeide_1.8.0/stm32cubeide/plugins/com.st.stm32cube.ide.mcu.externaltools.gnu-tools-for-stm32.9-2020-q2-update.win32_2.0.0.202105311346/tools/bin/../lib/gcc/arm-none-eabi/9.3.1/../../../../arm-none-eabi/lib/thumb/v7-m/nofp\libnosys.a
END GROUP
START GROUP
LOAD c:/st/stm32cubeide_1.8.0/stm32cubeide/plugins/com.st.stm32cube.ide.mcu.externaltools.gnu-tools-for-stm32.9-2020-q2-update.win32_2.0.0.202105311346/tools/bin/../lib/gcc/arm-none-eabi/9.3.1/thumb/v7-m/nofp\libgcc.a
LOAD c:/st/stm32cubeide_1.8.0/stm32cubeide/plugins/com.st.stm32cube.ide.mcu.externaltools.gnu-tools-for-stm32.9-2020-q2-update.win32_2.0.0.202105311346/tools/bin/../lib/gcc/arm-none-eabi/9.3.1/../../../../arm-none-eabi/lib/thumb/v7-m/nofp\libc_nano.a
LOAD c:/st/stm32cubeide_1.8.0/stm32cubeide/plugins/com.st.stm32cube.ide.mcu.externaltools.gnu-tools-for-stm32.9-2020-q2-update.win32_2.0.0.202105311346/tools/bin/../lib/gcc/arm-none-eabi/9.3.1/../../../../arm-none-eabi/lib/thumb/v7-m/nofp\libnosys.a
END GROUP
LOAD c:/st/stm32cubeide_1.8.0/stm32cubeide/plugins/com.st.stm32cube.ide.mcu.externaltools.gnu-tools-for-stm32.9-2020-q2-update.win32_2.0.0.202105311346/tools/bin/../lib/gcc/arm-none-eabi/9.3.1/thumb/v7-m/nofp/crtend.o
LOAD c:/st/stm32cubeide_1.8.0/stm32cubeide/plugins/com.st.stm32cube.ide.mcu.externaltools.gnu-tools-for-stm32.9-2020-q2-update.win32_2.0.0.202105311346/tools/bin/../lib/gcc/arm-none-eabi/9.3.1/thumb/v7-m/nofp/crtn.o
                0x0000000020008000                _estack = (ORIGIN (RAM) + LENGTH (RAM))
                0x0000000000000200                _Min_Heap_Size = 0x200
                0x0000000000000400                _Min_Stack_Size = 0x400

.isr_vector     0x0000000008005000      0x13c
                0x0000000008005000                . = ALIGN (0x4)
 *(.isr_vector)
 .isr_vector    0x0000000008005000      0x13c ./Core/Startup/startup_stm32l151rctx.o
                0x0000000008005000                g_pfnVectors
                0x000000000800513c                . = ALIGN (0x4)

.text           0x000000000800513c     0xf8f4
                0x000000000800513c                . = ALIGN (0x4)
 *(.text)
 .text          0x000000000800513c       0x40 c:/st/stm32cubeide_1.8.0/stm32cubeide/plugins/com.st.stm32cube.ide.mcu.externaltools.gnu-tools-for-stm32.9-2020-q2-update.win32_2.0.0.202105311346/tools/bin/../lib/gcc/arm-none-eabi/9.3.1/thumb/v7-m/nofp/crtbegin.o
 .text          0x000000000800517c       0x14 c:/st/stm32cubeide_1.8.0/stm32cubeide/plugins/com.st.stm32cube.ide.mcu.externaltools.gnu-tools-for-stm32.9-2020-q2-update.win32_2.0.0.202105311346/tools/bin/../lib/gcc/arm-none-eabi/9.3.1/../../../../arm-none-eabi/lib/thumb/v7-m/nofp\libc_nano.a(lib_a-strcmp.o)
                0x000000000800517c                strcmp
 .text          0x0000000008005190       0x10 c:/st/stm32cubeide_1.8.0/stm32cubeide/plugins/com.st.stm32cube.ide.mcu.externaltools.gnu-tools-for-stm32.9-2020-q2-update.win32_2.0.0.202105311346/tools/bin/../lib/gcc/arm-none-eabi/9.3.1/../../../../arm-none-eabi/lib/thumb/v7-m/nofp\libc_nano.a(lib_a-strlen.o)
                0x0000000008005190                strlen
 .text          0x00000000080051a0      0x378 c:/st/stm32cubeide_1.8.0/stm32cubeide/plugins/com.st.stm32cube.ide.mcu.externaltools.gnu-tools-for-stm32.9-2020-q2-update.win32_2.0.0.202105311346/tools/bin/../lib/gcc/arm-none-eabi/9.3.1/thumb/v7-m/nofp\libgcc.a(_arm_addsubdf3.o)
                0x00000000080051a0                __aeabi_drsub
                0x00000000080051a8                __aeabi_dsub
                0x00000000080051a8                __subdf3
                0x00000000080051ac                __aeabi_dadd
                0x00000000080051ac                __adddf3
                0x0000000008005424                __floatunsidf
                0x0000000008005424                __aeabi_ui2d
                0x0000000008005444                __floatsidf
                0x0000000008005444                __aeabi_i2d
                0x0000000008005468                __aeabi_f2d
                0x0000000008005468                __extendsfdf2
                0x00000000080054ac                __floatundidf
                0x00000000080054ac                __aeabi_ul2d
                0x00000000080054bc                __floatdidf
                0x00000000080054bc                __aeabi_l2d
 .text          0x0000000008005518      0x424 c:/st/stm32cubeide_1.8.0/stm32cubeide/plugins/com.st.stm32cube.ide.mcu.externaltools.gnu-tools-for-stm32.9-2020-q2-update.win32_2.0.0.202105311346/tools/bin/../lib/gcc/arm-none-eabi/9.3.1/thumb/v7-m/nofp\libgcc.a(_arm_muldivdf3.o)
                0x0000000008005518                __aeabi_dmul
                0x0000000008005518                __muldf3
                0x000000000800576c                __divdf3
                0x000000000800576c                __aeabi_ddiv
 .text          0x000000000800593c       0x50 c:/st/stm32cubeide_1.8.0/stm32cubeide/plugins/com.st.stm32cube.ide.mcu.externaltools.gnu-tools-for-stm32.9-2020-q2-update.win32_2.0.0.202105311346/tools/bin/../lib/gcc/arm-none-eabi/9.3.1/thumb/v7-m/nofp\libgcc.a(_arm_fixdfsi.o)
                0x000000000800593c                __aeabi_d2iz
                0x000000000800593c                __fixdfsi
 .text          0x000000000800598c       0x30 c:/st/stm32cubeide_1.8.0/stm32cubeide/plugins/com.st.stm32cube.ide.mcu.externaltools.gnu-tools-for-stm32.9-2020-q2-update.win32_2.0.0.202105311346/tools/bin/../lib/gcc/arm-none-eabi/9.3.1/thumb/v7-m/nofp\libgcc.a(_aeabi_uldivmod.o)
                0x000000000800598c                __aeabi_uldivmod
 .text          0x00000000080059bc      0x2c4 c:/st/stm32cubeide_1.8.0/stm32cubeide/plugins/com.st.stm32cube.ide.mcu.externaltools.gnu-tools-for-stm32.9-2020-q2-update.win32_2.0.0.202105311346/tools/bin/../lib/gcc/arm-none-eabi/9.3.1/thumb/v7-m/nofp\libgcc.a(_udivmoddi4.o)
                0x00000000080059bc                __udivmoddi4
 .text          0x0000000008005c80        0x4 c:/st/stm32cubeide_1.8.0/stm32cubeide/plugins/com.st.stm32cube.ide.mcu.externaltools.gnu-tools-for-stm32.9-2020-q2-update.win32_2.0.0.202105311346/tools/bin/../lib/gcc/arm-none-eabi/9.3.1/thumb/v7-m/nofp\libgcc.a(_dvmd_tls.o)
                0x0000000008005c80                __aeabi_idiv0
                0x0000000008005c80                __aeabi_ldiv0
 *(.text*)
 .text.main     0x0000000008005c84       0xa4 ./Core/Src/main.o
                0x0000000008005c84                main
 .text.SystemClock_Config
                0x0000000008005d28       0xd4 ./Core/Src/main.o
                0x0000000008005d28                SystemClock_Config
 .text.MX_ADC_Init
                0x0000000008005dfc       0xb0 ./Core/Src/main.o
 .text.MX_RTC_Init
                0x0000000008005eac       0xa8 ./Core/Src/main.o
 .text.MX_TIM2_Init
                0x0000000008005f54       0x9c ./Core/Src/main.o
 .text.MX_TIM3_Init
                0x0000000008005ff0       0x9c ./Core/Src/main.o
 .text.MX_TIM4_Init
                0x000000000800608c       0x9c ./Core/Src/main.o
 .text.MX_TIM5_Init
                0x0000000008006128       0xac ./Core/Src/main.o
 .text.MX_USART1_UART_Init
                0x00000000080061d4       0x54 ./Core/Src/main.o
 .text.MX_USART2_UART_Init
                0x0000000008006228       0x54 ./Core/Src/main.o
 .text.MX_USART3_UART_Init
                0x000000000800627c       0x54 ./Core/Src/main.o
 .text.MX_GPIO_Init
                0x00000000080062d0      0x1c0 ./Core/Src/main.o
 .text.HAL_RTC_AlarmAEventCallback
                0x0000000008006490       0x2c ./Core/Src/main.o
                0x0000000008006490                HAL_RTC_AlarmAEventCallback
 .text.sleep    0x00000000080064bc       0x64 ./Core/Src/main.o
                0x00000000080064bc                sleep
 .text.wakeUp   0x0000000008006520       0x70 ./Core/Src/main.o
                0x0000000008006520                wakeUp
 .text.usart3Init
                0x0000000008006590       0x24 ./Core/Src/main.o
                0x0000000008006590                usart3Init
 .text.Error_Handler
                0x00000000080065b4        0xa ./Core/Src/main.o
                0x00000000080065b4                Error_Handler
 *fill*         0x00000000080065be        0x2 
 .text.HAL_MspInit
                0x00000000080065c0       0x5c ./Core/Src/stm32l1xx_hal_msp.o
                0x00000000080065c0                HAL_MspInit
 .text.HAL_ADC_MspInit
                0x000000000800661c       0x80 ./Core/Src/stm32l1xx_hal_msp.o
                0x000000000800661c                HAL_ADC_MspInit
 .text.HAL_RTC_MspInit
                0x000000000800669c       0x38 ./Core/Src/stm32l1xx_hal_msp.o
                0x000000000800669c                HAL_RTC_MspInit
 .text.HAL_TIM_Base_MspInit
                0x00000000080066d4       0x88 ./Core/Src/stm32l1xx_hal_msp.o
                0x00000000080066d4                HAL_TIM_Base_MspInit
 .text.HAL_TIM_PWM_MspInit
                0x000000000800675c       0x3c ./Core/Src/stm32l1xx_hal_msp.o
                0x000000000800675c                HAL_TIM_PWM_MspInit
 .text.HAL_TIM_MspPostInit
                0x0000000008006798       0x70 ./Core/Src/stm32l1xx_hal_msp.o
                0x0000000008006798                HAL_TIM_MspPostInit
 .text.HAL_UART_MspInit
                0x0000000008006808      0x180 ./Core/Src/stm32l1xx_hal_msp.o
                0x0000000008006808                HAL_UART_MspInit
 .text.HAL_UART_MspDeInit
                0x0000000008006988       0x9c ./Core/Src/stm32l1xx_hal_msp.o
                0x0000000008006988                HAL_UART_MspDeInit
 .text.__NVIC_SystemReset
                0x0000000008006a24       0x2c ./Core/Src/stm32l1xx_it.o
 .text.NMI_Handler
                0x0000000008006a50        0xa ./Core/Src/stm32l1xx_it.o
                0x0000000008006a50                NMI_Handler
 .text.HardFault_Handler
                0x0000000008006a5a        0x8 ./Core/Src/stm32l1xx_it.o
                0x0000000008006a5a                HardFault_Handler
 .text.MemManage_Handler
                0x0000000008006a62        0x6 ./Core/Src/stm32l1xx_it.o
                0x0000000008006a62                MemManage_Handler
 .text.BusFault_Handler
                0x0000000008006a68        0x6 ./Core/Src/stm32l1xx_it.o
                0x0000000008006a68                BusFault_Handler
 .text.UsageFault_Handler
                0x0000000008006a6e        0x6 ./Core/Src/stm32l1xx_it.o
                0x0000000008006a6e                UsageFault_Handler
 .text.SVC_Handler
                0x0000000008006a74        0xc ./Core/Src/stm32l1xx_it.o
                0x0000000008006a74                SVC_Handler
 .text.DebugMon_Handler
                0x0000000008006a80        0xc ./Core/Src/stm32l1xx_it.o
                0x0000000008006a80                DebugMon_Handler
 .text.PendSV_Handler
                0x0000000008006a8c        0xc ./Core/Src/stm32l1xx_it.o
                0x0000000008006a8c                PendSV_Handler
 .text.SysTick_Handler
                0x0000000008006a98        0xc ./Core/Src/stm32l1xx_it.o
                0x0000000008006a98                SysTick_Handler
 .text.USART1_IRQHandler
                0x0000000008006aa4       0x14 ./Core/Src/stm32l1xx_it.o
                0x0000000008006aa4                USART1_IRQHandler
 .text.USART2_IRQHandler
                0x0000000008006ab8       0x14 ./Core/Src/stm32l1xx_it.o
                0x0000000008006ab8                USART2_IRQHandler
 .text.USART3_IRQHandler
                0x0000000008006acc       0x14 ./Core/Src/stm32l1xx_it.o
                0x0000000008006acc                USART3_IRQHandler
 .text.EXTI15_10_IRQHandler
                0x0000000008006ae0       0x18 ./Core/Src/stm32l1xx_it.o
                0x0000000008006ae0                EXTI15_10_IRQHandler
 .text.RTC_Alarm_IRQHandler
                0x0000000008006af8       0x14 ./Core/Src/stm32l1xx_it.o
                0x0000000008006af8                RTC_Alarm_IRQHandler
 .text._getpid  0x0000000008006b0c        0xe ./Core/Src/syscalls.o
                0x0000000008006b0c                _getpid
 .text._kill    0x0000000008006b1a       0x20 ./Core/Src/syscalls.o
                0x0000000008006b1a                _kill
 .text._exit    0x0000000008006b3a       0x14 ./Core/Src/syscalls.o
                0x0000000008006b3a                _exit
 .text._read    0x0000000008006b4e       0x3a ./Core/Src/syscalls.o
                0x0000000008006b4e                _read
 .text._write   0x0000000008006b88       0x38 ./Core/Src/syscalls.o
                0x0000000008006b88                _write
 .text._close   0x0000000008006bc0       0x16 ./Core/Src/syscalls.o
                0x0000000008006bc0                _close
 .text._fstat   0x0000000008006bd6       0x1e ./Core/Src/syscalls.o
                0x0000000008006bd6                _fstat
 .text._isatty  0x0000000008006bf4       0x14 ./Core/Src/syscalls.o
                0x0000000008006bf4                _isatty
 .text._lseek   0x0000000008006c08       0x18 ./Core/Src/syscalls.o
                0x0000000008006c08                _lseek
 .text._sbrk    0x0000000008006c20       0x6c ./Core/Src/sysmem.o
                0x0000000008006c20                _sbrk
 .text.SystemInit
                0x0000000008006c8c        0xc ./Core/Src/system_stm32l1xx.o
                0x0000000008006c8c                SystemInit
 .text.Reset_Handler
                0x0000000008006c98       0x48 ./Core/Startup/startup_stm32l151rctx.o
                0x0000000008006c98                Reset_Handler
 .text.Default_Handler
                0x0000000008006ce0        0x2 ./Core/Startup/startup_stm32l151rctx.o
                0x0000000008006ce0                EXTI2_IRQHandler
                0x0000000008006ce0                COMP_ACQ_IRQHandler
                0x0000000008006ce0                TIM10_IRQHandler
                0x0000000008006ce0                USB_HP_IRQHandler
                0x0000000008006ce0                TIM6_IRQHandler
                0x0000000008006ce0                PVD_IRQHandler
                0x0000000008006ce0                EXTI3_IRQHandler
                0x0000000008006ce0                EXTI0_IRQHandler
                0x0000000008006ce0                I2C2_EV_IRQHandler
                0x0000000008006ce0                SPI1_IRQHandler
                0x0000000008006ce0                USB_FS_WKUP_IRQHandler
                0x0000000008006ce0                DMA2_Channel2_IRQHandler
                0x0000000008006ce0                DMA1_Channel4_IRQHandler
                0x0000000008006ce0                ADC1_IRQHandler
                0x0000000008006ce0                DMA1_Channel7_IRQHandler
                0x0000000008006ce0                TIM4_IRQHandler
                0x0000000008006ce0                DMA2_Channel1_IRQHandler
                0x0000000008006ce0                I2C1_EV_IRQHandler
                0x0000000008006ce0                DMA1_Channel6_IRQHandler
                0x0000000008006ce0                DMA2_Channel4_IRQHandler
                0x0000000008006ce0                TIM3_IRQHandler
                0x0000000008006ce0                RCC_IRQHandler
                0x0000000008006ce0                DMA1_Channel1_IRQHandler
                0x0000000008006ce0                Default_Handler
                0x0000000008006ce0                TIM7_IRQHandler
                0x0000000008006ce0                TIM5_IRQHandler
                0x0000000008006ce0                EXTI9_5_IRQHandler
                0x0000000008006ce0                TIM9_IRQHandler
                0x0000000008006ce0                TAMPER_STAMP_IRQHandler
                0x0000000008006ce0                RTC_WKUP_IRQHandler
                0x0000000008006ce0                SPI2_IRQHandler
                0x0000000008006ce0                DMA2_Channel5_IRQHandler
                0x0000000008006ce0                DMA1_Channel5_IRQHandler
                0x0000000008006ce0                USB_LP_IRQHandler
                0x0000000008006ce0                EXTI4_IRQHandler
                0x0000000008006ce0                DMA1_Channel3_IRQHandler
                0x0000000008006ce0                COMP_IRQHandler
                0x0000000008006ce0                WWDG_IRQHandler
                0x0000000008006ce0                TIM2_IRQHandler
                0x0000000008006ce0                DAC_IRQHandler
                0x0000000008006ce0                EXTI1_IRQHandler
                0x0000000008006ce0                TIM11_IRQHandler
                0x0000000008006ce0                I2C2_ER_IRQHandler
                0x0000000008006ce0                DMA1_Channel2_IRQHandler
                0x0000000008006ce0                FLASH_IRQHandler
                0x0000000008006ce0                SPI3_IRQHandler
                0x0000000008006ce0                I2C1_ER_IRQHandler
                0x0000000008006ce0                DMA2_Channel3_IRQHandler
 *fill*         0x0000000008006ce2        0x2 
 .text.__NVIC_SystemReset
                0x0000000008006ce4       0x2c ./Drivers/Bluetooth/bluetooth.o
 .text.BTPowerOn
                0x0000000008006d10       0x7c ./Drivers/Bluetooth/bluetooth.o
                0x0000000008006d10                BTPowerOn
 .text.BTPowerOff
                0x0000000008006d8c       0x30 ./Drivers/Bluetooth/bluetooth.o
                0x0000000008006d8c                BTPowerOff
 .text.bluetoothMode
                0x0000000008006dbc      0xcb8 ./Drivers/Bluetooth/bluetooth.o
                0x0000000008006dbc                bluetoothMode
 .text.sendSpp  0x0000000008007a74      0xb70 ./Drivers/Bluetooth/bluetooth.o
                0x0000000008007a74                sendSpp
 .text.updateConnectedDeviceID
                0x00000000080085e4      0x140 ./Drivers/Bluetooth/bluetooth.o
                0x00000000080085e4                updateConnectedDeviceID
 .text.getBTRSII
                0x0000000008008724       0x84 ./Drivers/Bluetooth/bluetooth.o
                0x0000000008008724                getBTRSII
 .text.call     0x00000000080087a8       0x78 ./Drivers/Bluetooth/bluetooth.o
                0x00000000080087a8                call
 .text.getTime  0x0000000008008820       0x74 ./Drivers/Clock/clock.o
                0x0000000008008820                getTime
 .text.setTime  0x0000000008008894       0x94 ./Drivers/Clock/clock.o
                0x0000000008008894                setTime
 .text.fsCreate
                0x0000000008008928       0x54 ./Drivers/FS/fs.o
                0x0000000008008928                fsCreate
 .text.fsRead   0x000000000800897c      0x140 ./Drivers/FS/fs.o
                0x000000000800897c                fsRead
 .text.fsWrite  0x0000000008008abc      0x108 ./Drivers/FS/fs.o
                0x0000000008008abc                fsWrite
 .text.fsAdd    0x0000000008008bc4      0x10c ./Drivers/FS/fs.o
                0x0000000008008bc4                fsAdd
 .text.__NVIC_SystemReset
                0x0000000008008cd0       0x2c ./Drivers/FTP/ftp.o
 .text.ftpList  0x0000000008008cfc      0x184 ./Drivers/FTP/ftp.o
                0x0000000008008cfc                ftpList
 .text.ftpSetParam
                0x0000000008008e80      0x148 ./Drivers/FTP/ftp.o
                0x0000000008008e80                ftpSetParam
 .text.ftpGet   0x0000000008008fc8      0x2b4 ./Drivers/FTP/ftp.o
                0x0000000008008fc8                ftpGet
 .text.removeBoot
                0x000000000800927c       0x48 ./Drivers/FTP/ftp.o
                0x000000000800927c                removeBoot
 .text.removeFirst
                0x00000000080092c4       0x9c ./Drivers/FTP/ftp.o
                0x00000000080092c4                removeFirst
 .text.readConfig
                0x0000000008009360      0x3f4 ./Drivers/Files/files.o
                0x0000000008009360                readConfig
 .text.writeConfig
                0x0000000008009754      0x5ec ./Drivers/Files/files.o
                0x0000000008009754                writeConfig
 .text.readTable
                0x0000000008009d40       0xa0 ./Drivers/Files/files.o
                0x0000000008009d40                readTable
 .text.writeTable
                0x0000000008009de0       0xb8 ./Drivers/Files/files.o
                0x0000000008009de0                writeTable
 .text.defaultParam
                0x0000000008009e98      0x278 ./Drivers/Files/files.o
                0x0000000008009e98                defaultParam
 .text.defaultTable
                0x000000000800a110       0x5c ./Drivers/Files/files.o
                0x000000000800a110                defaultTable
 .text.updateConfig
                0x000000000800a16c       0x1a ./Drivers/Files/files.o
                0x000000000800a16c                updateConfig
 .text.updateTable
                0x000000000800a186       0x1a ./Drivers/Files/files.o
                0x000000000800a186                updateTable
 .text.getgsmloc
                0x000000000800a1a0       0x9c ./Drivers/GSMLOC/gsmloc.o
                0x000000000800a1a0                getgsmloc
 .text.updateTime
                0x000000000800a23c      0x114 ./Drivers/Gps/gps.o
                0x000000000800a23c                updateTime
 .text.gpsPowerOn
                0x000000000800a350       0x50 ./Drivers/Gps/gps.o
                0x000000000800a350                gpsPowerOn
 .text.NMEA     0x000000000800a3a0       0xc8 ./Drivers/Gps/gps.o
                0x000000000800a3a0                NMEA
 .text.__NVIC_SystemReset
                0x000000000800a468       0x2c ./Drivers/MQTT/mqtt.o
 .text.dataConnect
                0x000000000800a494      0x2bc ./Drivers/MQTT/mqtt.o
                0x000000000800a494                dataConnect
 .text.dataDisconnect
                0x000000000800a750       0xac ./Drivers/MQTT/mqtt.o
                0x000000000800a750                dataDisconnect
 .text.mqttConnect
                0x000000000800a7fc      0x2ec ./Drivers/MQTT/mqtt.o
                0x000000000800a7fc                mqttConnect
 .text.mqttDisconnect
                0x000000000800aae8       0xd0 ./Drivers/MQTT/mqtt.o
                0x000000000800aae8                mqttDisconnect
 .text.mqttSend
                0x000000000800abb8     0x1010 ./Drivers/MQTT/mqtt.o
                0x000000000800abb8                mqttSend
 .text.mqttReceive
                0x000000000800bbc8      0x640 ./Drivers/MQTT/mqtt.o
                0x000000000800bbc8                mqttReceive
 .text.__NVIC_SystemReset
                0x000000000800c208       0x2c ./Drivers/Memory/memory.o
 .text.addToLog
                0x000000000800c234      0x164 ./Drivers/Memory/memory.o
                0x000000000800c234                addToLog
 .text.readFromLog
                0x000000000800c398      0x130 ./Drivers/Memory/memory.o
                0x000000000800c398                readFromLog
 .text.getPos   0x000000000800c4c8       0x20 ./Drivers/Memory/memory.o
                0x000000000800c4c8                getPos
 .text.setPos   0x000000000800c4e8       0x4c ./Drivers/Memory/memory.o
                0x000000000800c4e8                setPos
 .text.defaulLog
                0x000000000800c534       0x1c ./Drivers/Memory/memory.o
                0x000000000800c534                defaulLog
 .text.HAL_Init
                0x000000000800c550       0x30 ./Drivers/STM32L1xx_HAL_Driver/Src/stm32l1xx_hal.o
                0x000000000800c550                HAL_Init
 .text.HAL_DeInit
                0x000000000800c580       0x3c ./Drivers/STM32L1xx_HAL_Driver/Src/stm32l1xx_hal.o
                0x000000000800c580                HAL_DeInit
 .text.HAL_MspDeInit
                0x000000000800c5bc        0xc ./Drivers/STM32L1xx_HAL_Driver/Src/stm32l1xx_hal.o
                0x000000000800c5bc                HAL_MspDeInit
 .text.HAL_InitTick
                0x000000000800c5c8       0x74 ./Drivers/STM32L1xx_HAL_Driver/Src/stm32l1xx_hal.o
                0x000000000800c5c8                HAL_InitTick
 .text.HAL_IncTick
                0x000000000800c63c       0x24 ./Drivers/STM32L1xx_HAL_Driver/Src/stm32l1xx_hal.o
                0x000000000800c63c                HAL_IncTick
 .text.HAL_GetTick
                0x000000000800c660       0x14 ./Drivers/STM32L1xx_HAL_Driver/Src/stm32l1xx_hal.o
                0x000000000800c660                HAL_GetTick
 .text.HAL_Delay
                0x000000000800c674       0x44 ./Drivers/STM32L1xx_HAL_Driver/Src/stm32l1xx_hal.o
                0x000000000800c674                HAL_Delay
 .text.HAL_SuspendTick
                0x000000000800c6b8       0x1c ./Drivers/STM32L1xx_HAL_Driver/Src/stm32l1xx_hal.o
                0x000000000800c6b8                HAL_SuspendTick
 .text.HAL_ResumeTick
                0x000000000800c6d4       0x1c ./Drivers/STM32L1xx_HAL_Driver/Src/stm32l1xx_hal.o
                0x000000000800c6d4                HAL_ResumeTick
 .text.HAL_ADC_Init
                0x000000000800c6f0      0x28c ./Drivers/STM32L1xx_HAL_Driver/Src/stm32l1xx_hal_adc.o
                0x000000000800c6f0                HAL_ADC_Init
 .text.HAL_ADC_Start
                0x000000000800c97c       0xc0 ./Drivers/STM32L1xx_HAL_Driver/Src/stm32l1xx_hal_adc.o
                0x000000000800c97c                HAL_ADC_Start
 .text.HAL_ADC_Stop
                0x000000000800ca3c       0x58 ./Drivers/STM32L1xx_HAL_Driver/Src/stm32l1xx_hal_adc.o
                0x000000000800ca3c                HAL_ADC_Stop
 .text.HAL_ADC_PollForConversion
                0x000000000800ca94      0x120 ./Drivers/STM32L1xx_HAL_Driver/Src/stm32l1xx_hal_adc.o
                0x000000000800ca94                HAL_ADC_PollForConversion
 .text.HAL_ADC_GetValue
                0x000000000800cbb4       0x18 ./Drivers/STM32L1xx_HAL_Driver/Src/stm32l1xx_hal_adc.o
                0x000000000800cbb4                HAL_ADC_GetValue
 .text.HAL_ADC_ConfigChannel
                0x000000000800cbcc      0x2a0 ./Drivers/STM32L1xx_HAL_Driver/Src/stm32l1xx_hal_adc.o
                0x000000000800cbcc                HAL_ADC_ConfigChannel
 .text.ADC_Enable
                0x000000000800ce6c       0xb8 ./Drivers/STM32L1xx_HAL_Driver/Src/stm32l1xx_hal_adc.o
                0x000000000800ce6c                ADC_Enable
 .text.ADC_ConversionStop_Disable
                0x000000000800cf24       0x82 ./Drivers/STM32L1xx_HAL_Driver/Src/stm32l1xx_hal_adc.o
                0x000000000800cf24                ADC_ConversionStop_Disable
 *fill*         0x000000000800cfa6        0x2 
 .text.__NVIC_SetPriorityGrouping
                0x000000000800cfa8       0x48 ./Drivers/STM32L1xx_HAL_Driver/Src/stm32l1xx_hal_cortex.o
 .text.__NVIC_GetPriorityGrouping
                0x000000000800cff0       0x1c ./Drivers/STM32L1xx_HAL_Driver/Src/stm32l1xx_hal_cortex.o
 .text.__NVIC_EnableIRQ
                0x000000000800d00c       0x38 ./Drivers/STM32L1xx_HAL_Driver/Src/stm32l1xx_hal_cortex.o
 .text.__NVIC_DisableIRQ
                0x000000000800d044       0x48 ./Drivers/STM32L1xx_HAL_Driver/Src/stm32l1xx_hal_cortex.o
 .text.__NVIC_SetPriority
                0x000000000800d08c       0x54 ./Drivers/STM32L1xx_HAL_Driver/Src/stm32l1xx_hal_cortex.o
 .text.NVIC_EncodePriority
                0x000000000800d0e0       0x64 ./Drivers/STM32L1xx_HAL_Driver/Src/stm32l1xx_hal_cortex.o
 .text.SysTick_Config
                0x000000000800d144       0x44 ./Drivers/STM32L1xx_HAL_Driver/Src/stm32l1xx_hal_cortex.o
 .text.HAL_NVIC_SetPriorityGrouping
                0x000000000800d188       0x16 ./Drivers/STM32L1xx_HAL_Driver/Src/stm32l1xx_hal_cortex.o
                0x000000000800d188                HAL_NVIC_SetPriorityGrouping
 .text.HAL_NVIC_SetPriority
                0x000000000800d19e       0x38 ./Drivers/STM32L1xx_HAL_Driver/Src/stm32l1xx_hal_cortex.o
                0x000000000800d19e                HAL_NVIC_SetPriority
 .text.HAL_NVIC_EnableIRQ
                0x000000000800d1d6       0x1c ./Drivers/STM32L1xx_HAL_Driver/Src/stm32l1xx_hal_cortex.o
                0x000000000800d1d6                HAL_NVIC_EnableIRQ
 .text.HAL_NVIC_DisableIRQ
                0x000000000800d1f2       0x1c ./Drivers/STM32L1xx_HAL_Driver/Src/stm32l1xx_hal_cortex.o
                0x000000000800d1f2                HAL_NVIC_DisableIRQ
 .text.HAL_SYSTICK_Config
                0x000000000800d20e       0x18 ./Drivers/STM32L1xx_HAL_Driver/Src/stm32l1xx_hal_cortex.o
                0x000000000800d20e                HAL_SYSTICK_Config
 .text.HAL_DMA_Abort
                0x000000000800d226       0x7a ./Drivers/STM32L1xx_HAL_Driver/Src/stm32l1xx_hal_dma.o
                0x000000000800d226                HAL_DMA_Abort
 .text.HAL_DMA_Abort_IT
                0x000000000800d2a0       0x82 ./Drivers/STM32L1xx_HAL_Driver/Src/stm32l1xx_hal_dma.o
                0x000000000800d2a0                HAL_DMA_Abort_IT
 *fill*         0x000000000800d322        0x2 
 .text.FLASH_WaitForLastOperation
                0x000000000800d324       0xbc ./Drivers/STM32L1xx_HAL_Driver/Src/stm32l1xx_hal_flash.o
                0x000000000800d324                FLASH_WaitForLastOperation
 .text.FLASH_SetErrorCode
                0x000000000800d3e0       0xf0 ./Drivers/STM32L1xx_HAL_Driver/Src/stm32l1xx_hal_flash.o
 .text.HAL_FLASHEx_DATAEEPROM_Unlock
                0x000000000800d4d0       0x38 ./Drivers/STM32L1xx_HAL_Driver/Src/stm32l1xx_hal_flash_ex.o
                0x000000000800d4d0                HAL_FLASHEx_DATAEEPROM_Unlock
 .text.HAL_FLASHEx_DATAEEPROM_Lock
                0x000000000800d508       0x20 ./Drivers/STM32L1xx_HAL_Driver/Src/stm32l1xx_hal_flash_ex.o
                0x000000000800d508                HAL_FLASHEx_DATAEEPROM_Lock
 .text.HAL_FLASHEx_DATAEEPROM_Program
                0x000000000800d528       0xdc ./Drivers/STM32L1xx_HAL_Driver/Src/stm32l1xx_hal_flash_ex.o
                0x000000000800d528                HAL_FLASHEx_DATAEEPROM_Program
 .text.FLASH_DATAEEPROM_FastProgramByte
                0x000000000800d604       0x50 ./Drivers/STM32L1xx_HAL_Driver/Src/stm32l1xx_hal_flash_ex.o
 .text.FLASH_DATAEEPROM_FastProgramHalfWord
                0x000000000800d654       0x50 ./Drivers/STM32L1xx_HAL_Driver/Src/stm32l1xx_hal_flash_ex.o
 .text.FLASH_DATAEEPROM_FastProgramWord
                0x000000000800d6a4       0x4c ./Drivers/STM32L1xx_HAL_Driver/Src/stm32l1xx_hal_flash_ex.o
 .text.FLASH_DATAEEPROM_ProgramByte
                0x000000000800d6f0       0x3e ./Drivers/STM32L1xx_HAL_Driver/Src/stm32l1xx_hal_flash_ex.o
 .text.FLASH_DATAEEPROM_ProgramHalfWord
                0x000000000800d72e       0x3e ./Drivers/STM32L1xx_HAL_Driver/Src/stm32l1xx_hal_flash_ex.o
 .text.FLASH_DATAEEPROM_ProgramWord
                0x000000000800d76c       0x3c ./Drivers/STM32L1xx_HAL_Driver/Src/stm32l1xx_hal_flash_ex.o
 .text.HAL_GPIO_Init
                0x000000000800d7a8      0x300 ./Drivers/STM32L1xx_HAL_Driver/Src/stm32l1xx_hal_gpio.o
                0x000000000800d7a8                HAL_GPIO_Init
 .text.HAL_GPIO_DeInit
                0x000000000800daa8      0x1c0 ./Drivers/STM32L1xx_HAL_Driver/Src/stm32l1xx_hal_gpio.o
                0x000000000800daa8                HAL_GPIO_DeInit
 .text.HAL_GPIO_ReadPin
                0x000000000800dc68       0x2e ./Drivers/STM32L1xx_HAL_Driver/Src/stm32l1xx_hal_gpio.o
                0x000000000800dc68                HAL_GPIO_ReadPin
 .text.HAL_GPIO_WritePin
                0x000000000800dc96       0x30 ./Drivers/STM32L1xx_HAL_Driver/Src/stm32l1xx_hal_gpio.o
                0x000000000800dc96                HAL_GPIO_WritePin
 *fill*         0x000000000800dcc6        0x2 
 .text.HAL_GPIO_EXTI_IRQHandler
                0x000000000800dcc8       0x30 ./Drivers/STM32L1xx_HAL_Driver/Src/stm32l1xx_hal_gpio.o
                0x000000000800dcc8                HAL_GPIO_EXTI_IRQHandler
 .text.HAL_PWR_EnterSTOPMode
                0x000000000800dcf8       0x58 ./Drivers/STM32L1xx_HAL_Driver/Src/stm32l1xx_hal_pwr.o
                0x000000000800dcf8                HAL_PWR_EnterSTOPMode
 .text.HAL_RCC_DeInit
                0x000000000800dd50      0x114 ./Drivers/STM32L1xx_HAL_Driver/Src/stm32l1xx_hal_rcc.o
                0x000000000800dd50                HAL_RCC_DeInit
 .text.HAL_RCC_OscConfig
                0x000000000800de64      0x660 ./Drivers/STM32L1xx_HAL_Driver/Src/stm32l1xx_hal_rcc.o
                0x000000000800de64                HAL_RCC_OscConfig
 .text.HAL_RCC_ClockConfig
                0x000000000800e4c4      0x268 ./Drivers/STM32L1xx_HAL_Driver/Src/stm32l1xx_hal_rcc.o
                0x000000000800e4c4                HAL_RCC_ClockConfig
 .text.HAL_RCC_EnableCSS
                0x000000000800e72c       0x18 ./Drivers/STM32L1xx_HAL_Driver/Src/stm32l1xx_hal_rcc.o
                0x000000000800e72c                HAL_RCC_EnableCSS
 .text.HAL_RCC_GetSysClockFreq
                0x000000000800e744      0x19c ./Drivers/STM32L1xx_HAL_Driver/Src/stm32l1xx_hal_rcc.o
                0x000000000800e744                HAL_RCC_GetSysClockFreq
 .text.HAL_RCC_GetHCLKFreq
                0x000000000800e8e0       0x14 ./Drivers/STM32L1xx_HAL_Driver/Src/stm32l1xx_hal_rcc.o
                0x000000000800e8e0                HAL_RCC_GetHCLKFreq
 .text.HAL_RCC_GetPCLK1Freq
                0x000000000800e8f4       0x28 ./Drivers/STM32L1xx_HAL_Driver/Src/stm32l1xx_hal_rcc.o
                0x000000000800e8f4                HAL_RCC_GetPCLK1Freq
 .text.HAL_RCC_GetPCLK2Freq
                0x000000000800e91c       0x28 ./Drivers/STM32L1xx_HAL_Driver/Src/stm32l1xx_hal_rcc.o
                0x000000000800e91c                HAL_RCC_GetPCLK2Freq
 .text.HAL_RCC_NMI_IRQHandler
                0x000000000800e944       0x28 ./Drivers/STM32L1xx_HAL_Driver/Src/stm32l1xx_hal_rcc.o
                0x000000000800e944                HAL_RCC_NMI_IRQHandler
 .text.HAL_RCC_CSSCallback
                0x000000000800e96c        0xc ./Drivers/STM32L1xx_HAL_Driver/Src/stm32l1xx_hal_rcc.o
                0x000000000800e96c                HAL_RCC_CSSCallback
 .text.RCC_SetFlashLatencyFromMSIRange
                0x000000000800e978       0xc0 ./Drivers/STM32L1xx_HAL_Driver/Src/stm32l1xx_hal_rcc.o
 .text.HAL_RCCEx_PeriphCLKConfig
                0x000000000800ea38      0x19c ./Drivers/STM32L1xx_HAL_Driver/Src/stm32l1xx_hal_rcc_ex.o
                0x000000000800ea38                HAL_RCCEx_PeriphCLKConfig
 .text.HAL_RCCEx_EnableLSECSS
                0x000000000800ebd4       0x18 ./Drivers/STM32L1xx_HAL_Driver/Src/stm32l1xx_hal_rcc_ex.o
                0x000000000800ebd4                HAL_RCCEx_EnableLSECSS
 .text.HAL_RTC_Init
                0x000000000800ebec      0x122 ./Drivers/STM32L1xx_HAL_Driver/Src/stm32l1xx_hal_rtc.o
                0x000000000800ebec                HAL_RTC_Init
 .text.HAL_RTC_SetTime
                0x000000000800ed0e      0x168 ./Drivers/STM32L1xx_HAL_Driver/Src/stm32l1xx_hal_rtc.o
                0x000000000800ed0e                HAL_RTC_SetTime
 .text.HAL_RTC_GetTime
                0x000000000800ee76       0xba ./Drivers/STM32L1xx_HAL_Driver/Src/stm32l1xx_hal_rtc.o
                0x000000000800ee76                HAL_RTC_GetTime
 .text.HAL_RTC_SetDate
                0x000000000800ef30      0x13c ./Drivers/STM32L1xx_HAL_Driver/Src/stm32l1xx_hal_rtc.o
                0x000000000800ef30                HAL_RTC_SetDate
 .text.HAL_RTC_GetDate
                0x000000000800f06c       0x9a ./Drivers/STM32L1xx_HAL_Driver/Src/stm32l1xx_hal_rtc.o
                0x000000000800f06c                HAL_RTC_GetDate
 *fill*         0x000000000800f106        0x2 
 .text.HAL_RTC_SetAlarm_IT
                0x000000000800f108      0x270 ./Drivers/STM32L1xx_HAL_Driver/Src/stm32l1xx_hal_rtc.o
                0x000000000800f108                HAL_RTC_SetAlarm_IT
 .text.HAL_RTC_AlarmIRQHandler
                0x000000000800f378       0x8c ./Drivers/STM32L1xx_HAL_Driver/Src/stm32l1xx_hal_rtc.o
                0x000000000800f378                HAL_RTC_AlarmIRQHandler
 .text.HAL_RTC_WaitForSynchro
                0x000000000800f404       0x5a ./Drivers/STM32L1xx_HAL_Driver/Src/stm32l1xx_hal_rtc.o
                0x000000000800f404                HAL_RTC_WaitForSynchro
 .text.RTC_EnterInitMode
                0x000000000800f45e       0x54 ./Drivers/STM32L1xx_HAL_Driver/Src/stm32l1xx_hal_rtc.o
                0x000000000800f45e                RTC_EnterInitMode
 .text.RTC_ByteToBcd2
                0x000000000800f4b2       0x3e ./Drivers/STM32L1xx_HAL_Driver/Src/stm32l1xx_hal_rtc.o
                0x000000000800f4b2                RTC_ByteToBcd2
 .text.RTC_Bcd2ToByte
                0x000000000800f4f0       0x36 ./Drivers/STM32L1xx_HAL_Driver/Src/stm32l1xx_hal_rtc.o
                0x000000000800f4f0                RTC_Bcd2ToByte
 .text.HAL_RTCEx_AlarmBEventCallback
                0x000000000800f526       0x12 ./Drivers/STM32L1xx_HAL_Driver/Src/stm32l1xx_hal_rtc_ex.o
                0x000000000800f526                HAL_RTCEx_AlarmBEventCallback
 .text.HAL_TIM_Base_Init
                0x000000000800f538       0x7e ./Drivers/STM32L1xx_HAL_Driver/Src/stm32l1xx_hal_tim.o
                0x000000000800f538                HAL_TIM_Base_Init
 *fill*         0x000000000800f5b6        0x2 
 .text.HAL_TIM_Base_Start
                0x000000000800f5b8       0x94 ./Drivers/STM32L1xx_HAL_Driver/Src/stm32l1xx_hal_tim.o
                0x000000000800f5b8                HAL_TIM_Base_Start
 .text.HAL_TIM_PWM_Init
                0x000000000800f64c       0x7e ./Drivers/STM32L1xx_HAL_Driver/Src/stm32l1xx_hal_tim.o
                0x000000000800f64c                HAL_TIM_PWM_Init
 *fill*         0x000000000800f6ca        0x2 
 .text.HAL_TIM_PWM_Start
                0x000000000800f6cc      0x12c ./Drivers/STM32L1xx_HAL_Driver/Src/stm32l1xx_hal_tim.o
                0x000000000800f6cc                HAL_TIM_PWM_Start
 .text.HAL_TIM_PWM_Stop
                0x000000000800f7f8       0x7a ./Drivers/STM32L1xx_HAL_Driver/Src/stm32l1xx_hal_tim.o
                0x000000000800f7f8                HAL_TIM_PWM_Stop
 *fill*         0x000000000800f872        0x2 
 .text.HAL_TIM_PWM_ConfigChannel
                0x000000000800f874      0x17c ./Drivers/STM32L1xx_HAL_Driver/Src/stm32l1xx_hal_tim.o
                0x000000000800f874                HAL_TIM_PWM_ConfigChannel
 .text.HAL_TIM_ConfigClockSource
                0x000000000800f9f0      0x188 ./Drivers/STM32L1xx_HAL_Driver/Src/stm32l1xx_hal_tim.o
                0x000000000800f9f0                HAL_TIM_ConfigClockSource
 .text.TIM_Base_SetConfig
                0x000000000800fb78       0xe0 ./Drivers/STM32L1xx_HAL_Driver/Src/stm32l1xx_hal_tim.o
 .text.TIM_OC1_SetConfig
                0x000000000800fc58       0x78 ./Drivers/STM32L1xx_HAL_Driver/Src/stm32l1xx_hal_tim.o
 .text.TIM_OC2_SetConfig
                0x000000000800fcd0       0x7c ./Drivers/STM32L1xx_HAL_Driver/Src/stm32l1xx_hal_tim.o
 .text.TIM_OC3_SetConfig
                0x000000000800fd4c       0x7a ./Drivers/STM32L1xx_HAL_Driver/Src/stm32l1xx_hal_tim.o
 .text.TIM_OC4_SetConfig
                0x000000000800fdc6       0x7c ./Drivers/STM32L1xx_HAL_Driver/Src/stm32l1xx_hal_tim.o
 .text.TIM_TI1_ConfigInputStage
                0x000000000800fe42       0x5c ./Drivers/STM32L1xx_HAL_Driver/Src/stm32l1xx_hal_tim.o
 .text.TIM_TI2_ConfigInputStage
                0x000000000800fe9e       0x5e ./Drivers/STM32L1xx_HAL_Driver/Src/stm32l1xx_hal_tim.o
 .text.TIM_ITRx_SetConfig
                0x000000000800fefc       0x34 ./Drivers/STM32L1xx_HAL_Driver/Src/stm32l1xx_hal_tim.o
 .text.TIM_ETR_SetConfig
                0x000000000800ff30       0x3e ./Drivers/STM32L1xx_HAL_Driver/Src/stm32l1xx_hal_tim.o
 .text.TIM_CCxChannelCmd
                0x000000000800ff6e       0x48 ./Drivers/STM32L1xx_HAL_Driver/Src/stm32l1xx_hal_tim.o
 *fill*         0x000000000800ffb6        0x2 
 .text.HAL_TIMEx_MasterConfigSynchronization
                0x000000000800ffb8       0xbc ./Drivers/STM32L1xx_HAL_Driver/Src/stm32l1xx_hal_tim_ex.o
                0x000000000800ffb8                HAL_TIMEx_MasterConfigSynchronization
 .text.HAL_UART_Init
                0x0000000008010074       0x9a ./Drivers/STM32L1xx_HAL_Driver/Src/stm32l1xx_hal_uart.o
                0x0000000008010074                HAL_UART_Init
 .text.HAL_UART_DeInit
                0x000000000801010e       0x5e ./Drivers/STM32L1xx_HAL_Driver/Src/stm32l1xx_hal_uart.o
                0x000000000801010e                HAL_UART_DeInit
 .text.HAL_UART_Transmit
                0x000000000801016c      0x124 ./Drivers/STM32L1xx_HAL_Driver/Src/stm32l1xx_hal_uart.o
                0x000000000801016c                HAL_UART_Transmit
 .text.HAL_UART_Transmit_IT
                0x0000000008010290       0x88 ./Drivers/STM32L1xx_HAL_Driver/Src/stm32l1xx_hal_uart.o
                0x0000000008010290                HAL_UART_Transmit_IT
 .text.HAL_UART_Receive_IT
                0x0000000008010318       0x60 ./Drivers/STM32L1xx_HAL_Driver/Src/stm32l1xx_hal_uart.o
                0x0000000008010318                HAL_UART_Receive_IT
 .text.HAL_UART_AbortReceive_IT
                0x0000000008010378       0xd4 ./Drivers/STM32L1xx_HAL_Driver/Src/stm32l1xx_hal_uart.o
                0x0000000008010378                HAL_UART_AbortReceive_IT
 .text.HAL_UART_IRQHandler
                0x000000000801044c      0x354 ./Drivers/STM32L1xx_HAL_Driver/Src/stm32l1xx_hal_uart.o
                0x000000000801044c                HAL_UART_IRQHandler
 .text.HAL_UART_ErrorCallback
                0x00000000080107a0       0x12 ./Drivers/STM32L1xx_HAL_Driver/Src/stm32l1xx_hal_uart.o
                0x00000000080107a0                HAL_UART_ErrorCallback
 .text.HAL_UART_AbortReceiveCpltCallback
                0x00000000080107b2       0x12 ./Drivers/STM32L1xx_HAL_Driver/Src/stm32l1xx_hal_uart.o
                0x00000000080107b2                HAL_UART_AbortReceiveCpltCallback
 .text.HAL_UARTEx_RxEventCallback
                0x00000000080107c4       0x16 ./Drivers/STM32L1xx_HAL_Driver/Src/stm32l1xx_hal_uart.o
                0x00000000080107c4                HAL_UARTEx_RxEventCallback
 .text.UART_WaitOnFlagUntilTimeout
                0x00000000080107da       0x94 ./Drivers/STM32L1xx_HAL_Driver/Src/stm32l1xx_hal_uart.o
 .text.UART_Start_Receive_IT
                0x000000000801086e       0x72 ./Drivers/STM32L1xx_HAL_Driver/Src/stm32l1xx_hal_uart.o
                0x000000000801086e                UART_Start_Receive_IT
 .text.UART_EndRxTransfer
                0x00000000080108e0       0x58 ./Drivers/STM32L1xx_HAL_Driver/Src/stm32l1xx_hal_uart.o
 .text.UART_DMAAbortOnError
                0x0000000008010938       0x28 ./Drivers/STM32L1xx_HAL_Driver/Src/stm32l1xx_hal_uart.o
 .text.UART_DMARxOnlyAbortCallback
                0x0000000008010960       0x30 ./Drivers/STM32L1xx_HAL_Driver/Src/stm32l1xx_hal_uart.o
 .text.UART_Transmit_IT
                0x0000000008010990       0x9e ./Drivers/STM32L1xx_HAL_Driver/Src/stm32l1xx_hal_uart.o
 .text.UART_EndTransmit_IT
                0x0000000008010a2e       0x30 ./Drivers/STM32L1xx_HAL_Driver/Src/stm32l1xx_hal_uart.o
 .text.UART_Receive_IT
                0x0000000008010a5e      0x152 ./Drivers/STM32L1xx_HAL_Driver/Src/stm32l1xx_hal_uart.o
 .text.UART_SetConfig
                0x0000000008010bb0      0x1c8 ./Drivers/STM32L1xx_HAL_Driver/Src/stm32l1xx_hal_uart.o
 .text.measureAll
                0x0000000008010d78       0x24 ./Drivers/Sensor/sensor.o
                0x0000000008010d78                measureAll
 .text.setHeight
                0x0000000008010d9c       0xbc ./Drivers/Sensor/sensor.o
                0x0000000008010d9c                setHeight
 .text.getSath  0x0000000008010e58      0xa8c ./Drivers/Sensor/sensor.o
                0x0000000008010e58                getSath
 .text.debug    0x00000000080118e4       0x90 ./Drivers/Sensor/sensor.o
                0x00000000080118e4                debug
 .text.delay    0x0000000008011974       0x30 ./Drivers/Sensor/sensor.o
                0x0000000008011974                delay
 .text.__NVIC_SystemReset
                0x00000000080119a4       0x2c ./Drivers/Sim868/sim868.o
 .text.ledsOn   0x00000000080119d0       0x18 ./Drivers/Sim868/sim868.o
                0x00000000080119d0                ledsOn
 .text.ledsOff  0x00000000080119e8       0x18 ./Drivers/Sim868/sim868.o
                0x00000000080119e8                ledsOff
 .text.sim868On
                0x0000000008011a00       0x6c ./Drivers/Sim868/sim868.o
                0x0000000008011a00                sim868On
 .text.sim868Off
                0x0000000008011a6c       0x6c ./Drivers/Sim868/sim868.o
                0x0000000008011a6c                sim868Off
 .text.sensorOn
                0x0000000008011ad8       0x18 ./Drivers/Sim868/sim868.o
                0x0000000008011ad8                sensorOn
 .text.sensorOff
                0x0000000008011af0       0x18 ./Drivers/Sim868/sim868.o
                0x0000000008011af0                sensorOff
 .text.loraOff  0x0000000008011b08       0x18 ./Drivers/Sim868/sim868.o
                0x0000000008011b08                loraOff
 .text.sim868Init
                0x0000000008011b20      0x154 ./Drivers/Sim868/sim868.o
                0x0000000008011b20                sim868Init
 .text.sim868onPrep
                0x0000000008011c74       0xa4 ./Drivers/Sim868/sim868.o
                0x0000000008011c74                sim868onPrep
 .text.getIMEI  0x0000000008011d18       0x54 ./Drivers/Sim868/sim868.o
                0x0000000008011d18                getIMEI
 .text.getPNUM  0x0000000008011d6c       0x60 ./Drivers/Sim868/sim868.o
                0x0000000008011d6c                getPNUM
 .text.getTemp  0x0000000008011dcc       0x84 ./Drivers/Sim868/sim868.o
                0x0000000008011dcc                getTemp
 .text.getADC   0x0000000008011e50      0x12c ./Drivers/Sim868/sim868.o
                0x0000000008011e50                getADC
 .text.getSig   0x0000000008011f7c       0x60 ./Drivers/Sim868/sim868.o
                0x0000000008011f7c                getSig
 .text.getPG    0x0000000008011fdc       0x84 ./Drivers/Sim868/sim868.o
                0x0000000008011fdc                getPG
 .text.getMV    0x0000000008012060       0x70 ./Drivers/Sim868/sim868.o
                0x0000000008012060                getMV
 .text.getSleepParametrs
                0x00000000080120d0       0x8c ./Drivers/Sleep/sleep.o
                0x00000000080120d0                getSleepParametrs
 .text.__NVIC_SystemReset
                0x000000000801215c       0x2c ./Drivers/Uart/uart.o
 .text.HAL_UART_RxCpltCallback
                0x0000000008012188       0xd0 ./Drivers/Uart/uart.o
                0x0000000008012188                HAL_UART_RxCpltCallback
 .text.HAL_UART_TxCpltCallback
                0x0000000008012258       0x1c ./Drivers/Uart/uart.o
                0x0000000008012258                HAL_UART_TxCpltCallback
 .text.HAL_GPIO_EXTI_Callback
                0x0000000008012274       0x14 ./Drivers/Uart/uart.o
                0x0000000008012274                HAL_GPIO_EXTI_Callback
 .text.Initialize
                0x0000000008012288      0x254 ./Drivers/Uart/uart.o
                0x0000000008012288                Initialize
 .text.tx       0x00000000080124dc       0x64 ./Drivers/Uart/uart.o
                0x00000000080124dc                tx
 .text.rx       0x0000000008012540      0x10c ./Drivers/Uart/uart.o
                0x0000000008012540                rx
 .text.buzzOn   0x000000000801264c       0x14 ./Drivers/Uart/uart.o
                0x000000000801264c                buzzOn
 .text.buzzOff  0x0000000008012660       0x14 ./Drivers/Uart/uart.o
                0x0000000008012660                buzzOff
 .text.rxr      0x0000000008012674       0x54 ./Drivers/Uart/uart.o
                0x0000000008012674                rxr
 .text.txr      0x00000000080126c8       0xa0 ./Drivers/Uart/uart.o
                0x00000000080126c8                txr
 .text.bootUp   0x0000000008012768      0x120 ./Drivers/Uart/uart.o
                0x0000000008012768                bootUp
 .text.modemOn  0x0000000008012888       0x34 ./Drivers/Uart/uart.o
                0x0000000008012888                modemOn
 .text.robbery  0x00000000080128bc       0xd4 ./Working/working.o
                0x00000000080128bc                robbery
 .text.working  0x0000000008012990      0x128 ./Working/working.o
                0x0000000008012990                working
 .text.sleeping
                0x0000000008012ab8       0x10 ./Working/working.o
                0x0000000008012ab8                sleeping
 .text.atoi     0x0000000008012ac8        0x8 c:/st/stm32cubeide_1.8.0/stm32cubeide/plugins/com.st.stm32cube.ide.mcu.externaltools.gnu-tools-for-stm32.9-2020-q2-update.win32_2.0.0.202105311346/tools/bin/../lib/gcc/arm-none-eabi/9.3.1/../../../../arm-none-eabi/lib/thumb/v7-m/nofp\libc_nano.a(lib_a-atoi.o)
                0x0000000008012ac8                atoi
 .text.atol     0x0000000008012ad0        0x8 c:/st/stm32cubeide_1.8.0/stm32cubeide/plugins/com.st.stm32cube.ide.mcu.externaltools.gnu-tools-for-stm32.9-2020-q2-update.win32_2.0.0.202105311346/tools/bin/../lib/gcc/arm-none-eabi/9.3.1/../../../../arm-none-eabi/lib/thumb/v7-m/nofp\libc_nano.a(lib_a-atol.o)
                0x0000000008012ad0                atol
 .text.__errno  0x0000000008012ad8        0xc c:/st/stm32cubeide_1.8.0/stm32cubeide/plugins/com.st.stm32cube.ide.mcu.externaltools.gnu-tools-for-stm32.9-2020-q2-update.win32_2.0.0.202105311346/tools/bin/../lib/gcc/arm-none-eabi/9.3.1/../../../../arm-none-eabi/lib/thumb/v7-m/nofp\libc_nano.a(lib_a-errno.o)
                0x0000000008012ad8                __errno
 .text.__libc_init_array
                0x0000000008012ae4       0x48 c:/st/stm32cubeide_1.8.0/stm32cubeide/plugins/com.st.stm32cube.ide.mcu.externaltools.gnu-tools-for-stm32.9-2020-q2-update.win32_2.0.0.202105311346/tools/bin/../lib/gcc/arm-none-eabi/9.3.1/../../../../arm-none-eabi/lib/thumb/v7-m/nofp\libc_nano.a(lib_a-init.o)
                0x0000000008012ae4                __libc_init_array
 .text.__itoa   0x0000000008012b2c       0x30 c:/st/stm32cubeide_1.8.0/stm32cubeide/plugins/com.st.stm32cube.ide.mcu.externaltools.gnu-tools-for-stm32.9-2020-q2-update.win32_2.0.0.202105311346/tools/bin/../lib/gcc/arm-none-eabi/9.3.1/../../../../arm-none-eabi/lib/thumb/v7-m/nofp\libc_nano.a(lib_a-itoa.o)
                0x0000000008012b2c                __itoa
 .text.itoa     0x0000000008012b5c        0x4 c:/st/stm32cubeide_1.8.0/stm32cubeide/plugins/com.st.stm32cube.ide.mcu.externaltools.gnu-tools-for-stm32.9-2020-q2-update.win32_2.0.0.202105311346/tools/bin/../lib/gcc/arm-none-eabi/9.3.1/../../../../arm-none-eabi/lib/thumb/v7-m/nofp\libc_nano.a(lib_a-itoa.o)
                0x0000000008012b5c                itoa
 .text.memcpy   0x0000000008012b60       0x1c c:/st/stm32cubeide_1.8.0/stm32cubeide/plugins/com.st.stm32cube.ide.mcu.externaltools.gnu-tools-for-stm32.9-2020-q2-update.win32_2.0.0.202105311346/tools/bin/../lib/gcc/arm-none-eabi/9.3.1/../../../../arm-none-eabi/lib/thumb/v7-m/nofp\libc_nano.a(lib_a-memcpy-stub.o)
                0x0000000008012b60                memcpy
 .text.memset   0x0000000008012b7c       0x10 c:/st/stm32cubeide_1.8.0/stm32cubeide/plugins/com.st.stm32cube.ide.mcu.externaltools.gnu-tools-for-stm32.9-2020-q2-update.win32_2.0.0.202105311346/tools/bin/../lib/gcc/arm-none-eabi/9.3.1/../../../../arm-none-eabi/lib/thumb/v7-m/nofp\libc_nano.a(lib_a-memset.o)
                0x0000000008012b7c                memset
 .text.sprintf  0x0000000008012b8c       0x40 c:/st/stm32cubeide_1.8.0/stm32cubeide/plugins/com.st.stm32cube.ide.mcu.externaltools.gnu-tools-for-stm32.9-2020-q2-update.win32_2.0.0.202105311346/tools/bin/../lib/gcc/arm-none-eabi/9.3.1/../../../../arm-none-eabi/lib/thumb/v7-m/nofp\libc_nano.a(lib_a-sprintf.o)
                0x0000000008012b8c                siprintf
                0x0000000008012b8c                sprintf
 .text.sscanf   0x0000000008012bcc       0x54 c:/st/stm32cubeide_1.8.0/stm32cubeide/plugins/com.st.stm32cube.ide.mcu.externaltools.gnu-tools-for-stm32.9-2020-q2-update.win32_2.0.0.202105311346/tools/bin/../lib/gcc/arm-none-eabi/9.3.1/../../../../arm-none-eabi/lib/thumb/v7-m/nofp\libc_nano.a(lib_a-sscanf.o)
                0x0000000008012bcc                siscanf
                0x0000000008012bcc                sscanf
 .text.__sread  0x0000000008012c20       0x22 c:/st/stm32cubeide_1.8.0/stm32cubeide/plugins/com.st.stm32cube.ide.mcu.externaltools.gnu-tools-for-stm32.9-2020-q2-update.win32_2.0.0.202105311346/tools/bin/../lib/gcc/arm-none-eabi/9.3.1/../../../../arm-none-eabi/lib/thumb/v7-m/nofp\libc_nano.a(lib_a-stdio.o)
                0x0000000008012c20                __sread
 .text.__seofread
                0x0000000008012c42        0x4 c:/st/stm32cubeide_1.8.0/stm32cubeide/plugins/com.st.stm32cube.ide.mcu.externaltools.gnu-tools-for-stm32.9-2020-q2-update.win32_2.0.0.202105311346/tools/bin/../lib/gcc/arm-none-eabi/9.3.1/../../../../arm-none-eabi/lib/thumb/v7-m/nofp\libc_nano.a(lib_a-stdio.o)
                0x0000000008012c42                __seofread
 .text.__swrite
                0x0000000008012c46       0x38 c:/st/stm32cubeide_1.8.0/stm32cubeide/plugins/com.st.stm32cube.ide.mcu.externaltools.gnu-tools-for-stm32.9-2020-q2-update.win32_2.0.0.202105311346/tools/bin/../lib/gcc/arm-none-eabi/9.3.1/../../../../arm-none-eabi/lib/thumb/v7-m/nofp\libc_nano.a(lib_a-stdio.o)
                0x0000000008012c46                __swrite
 .text.__sseek  0x0000000008012c7e       0x24 c:/st/stm32cubeide_1.8.0/stm32cubeide/plugins/com.st.stm32cube.ide.mcu.externaltools.gnu-tools-for-stm32.9-2020-q2-update.win32_2.0.0.202105311346/tools/bin/../lib/gcc/arm-none-eabi/9.3.1/../../../../arm-none-eabi/lib/thumb/v7-m/nofp\libc_nano.a(lib_a-stdio.o)
                0x0000000008012c7e                __sseek
 .text.__sclose
                0x0000000008012ca2        0x8 c:/st/stm32cubeide_1.8.0/stm32cubeide/plugins/com.st.stm32cube.ide.mcu.externaltools.gnu-tools-for-stm32.9-2020-q2-update.win32_2.0.0.202105311346/tools/bin/../lib/gcc/arm-none-eabi/9.3.1/../../../../arm-none-eabi/lib/thumb/v7-m/nofp\libc_nano.a(lib_a-stdio.o)
                0x0000000008012ca2                __sclose
 .text.strcat   0x0000000008012caa       0x1e c:/st/stm32cubeide_1.8.0/stm32cubeide/plugins/com.st.stm32cube.ide.mcu.externaltools.gnu-tools-for-stm32.9-2020-q2-update.win32_2.0.0.202105311346/tools/bin/../lib/gcc/arm-none-eabi/9.3.1/../../../../arm-none-eabi/lib/thumb/v7-m/nofp\libc_nano.a(lib_a-strcat.o)
                0x0000000008012caa                strcat
 .text.strchr   0x0000000008012cc8       0x1a c:/st/stm32cubeide_1.8.0/stm32cubeide/plugins/com.st.stm32cube.ide.mcu.externaltools.gnu-tools-for-stm32.9-2020-q2-update.win32_2.0.0.202105311346/tools/bin/../lib/gcc/arm-none-eabi/9.3.1/../../../../arm-none-eabi/lib/thumb/v7-m/nofp\libc_nano.a(lib_a-strchr.o)
                0x0000000008012cc8                strchr
 .text.strcpy   0x0000000008012ce2       0x10 c:/st/stm32cubeide_1.8.0/stm32cubeide/plugins/com.st.stm32cube.ide.mcu.externaltools.gnu-tools-for-stm32.9-2020-q2-update.win32_2.0.0.202105311346/tools/bin/../lib/gcc/arm-none-eabi/9.3.1/../../../../arm-none-eabi/lib/thumb/v7-m/nofp\libc_nano.a(lib_a-strcpy.o)
                0x0000000008012ce2                strcpy
 .text.strcspn  0x0000000008012cf2       0x22 c:/st/stm32cubeide_1.8.0/stm32cubeide/plugins/com.st.stm32cube.ide.mcu.externaltools.gnu-tools-for-stm32.9-2020-q2-update.win32_2.0.0.202105311346/tools/bin/../lib/gcc/arm-none-eabi/9.3.1/../../../../arm-none-eabi/lib/thumb/v7-m/nofp\libc_nano.a(lib_a-strcspn.o)
                0x0000000008012cf2                strcspn
 .text.strstr   0x0000000008012d14       0x2e c:/st/stm32cubeide_1.8.0/stm32cubeide/plugins/com.st.stm32cube.ide.mcu.externaltools.gnu-tools-for-stm32.9-2020-q2-update.win32_2.0.0.202105311346/tools/bin/../lib/gcc/arm-none-eabi/9.3.1/../../../../arm-none-eabi/lib/thumb/v7-m/nofp\libc_nano.a(lib_a-strstr.o)
                0x0000000008012d14                strstr
 *fill*         0x0000000008012d42        0x2 
 .text.strtok   0x0000000008012d44       0x68 c:/st/stm32cubeide_1.8.0/stm32cubeide/plugins/com.st.stm32cube.ide.mcu.externaltools.gnu-tools-for-stm32.9-2020-q2-update.win32_2.0.0.202105311346/tools/bin/../lib/gcc/arm-none-eabi/9.3.1/../../../../arm-none-eabi/lib/thumb/v7-m/nofp\libc_nano.a(lib_a-strtok.o)
                0x0000000008012d44                strtok
 .text.__strtok_r
                0x0000000008012dac       0x50 c:/st/stm32cubeide_1.8.0/stm32cubeide/plugins/com.st.stm32cube.ide.mcu.externaltools.gnu-tools-for-stm32.9-2020-q2-update.win32_2.0.0.202105311346/tools/bin/../lib/gcc/arm-none-eabi/9.3.1/../../../../arm-none-eabi/lib/thumb/v7-m/nofp\libc_nano.a(lib_a-strtok_r.o)
                0x0000000008012dac                __strtok_r
 .text._strtol_l.isra.0
                0x0000000008012dfc      0x10c c:/st/stm32cubeide_1.8.0/stm32cubeide/plugins/com.st.stm32cube.ide.mcu.externaltools.gnu-tools-for-stm32.9-2020-q2-update.win32_2.0.0.202105311346/tools/bin/../lib/gcc/arm-none-eabi/9.3.1/../../../../arm-none-eabi/lib/thumb/v7-m/nofp\libc_nano.a(lib_a-strtol.o)
 .text._strtol_r
                0x0000000008012f08        0x4 c:/st/stm32cubeide_1.8.0/stm32cubeide/plugins/com.st.stm32cube.ide.mcu.externaltools.gnu-tools-for-stm32.9-2020-q2-update.win32_2.0.0.202105311346/tools/bin/../lib/gcc/arm-none-eabi/9.3.1/../../../../arm-none-eabi/lib/thumb/v7-m/nofp\libc_nano.a(lib_a-strtol.o)
                0x0000000008012f08                _strtol_r
 .text.strtol   0x0000000008012f0c       0x14 c:/st/stm32cubeide_1.8.0/stm32cubeide/plugins/com.st.stm32cube.ide.mcu.externaltools.gnu-tools-for-stm32.9-2020-q2-update.win32_2.0.0.202105311346/tools/bin/../lib/gcc/arm-none-eabi/9.3.1/../../../../arm-none-eabi/lib/thumb/v7-m/nofp\libc_nano.a(lib_a-strtol.o)
                0x0000000008012f0c                strtol
 .text.__utoa   0x0000000008012f20       0x84 c:/st/stm32cubeide_1.8.0/stm32cubeide/plugins/com.st.stm32cube.ide.mcu.externaltools.gnu-tools-for-stm32.9-2020-q2-update.win32_2.0.0.202105311346/tools/bin/../lib/gcc/arm-none-eabi/9.3.1/../../../../arm-none-eabi/lib/thumb/v7-m/nofp\libc_nano.a(lib_a-utoa.o)
                0x0000000008012f20                __utoa
 .text._write_r
                0x0000000008012fa4       0x24 c:/st/stm32cubeide_1.8.0/stm32cubeide/plugins/com.st.stm32cube.ide.mcu.externaltools.gnu-tools-for-stm32.9-2020-q2-update.win32_2.0.0.202105311346/tools/bin/../lib/gcc/arm-none-eabi/9.3.1/../../../../arm-none-eabi/lib/thumb/v7-m/nofp\libc_nano.a(lib_a-writer.o)
                0x0000000008012fa4                _write_r
 .text.__assert_func
                0x0000000008012fc8       0x3c c:/st/stm32cubeide_1.8.0/stm32cubeide/plugins/com.st.stm32cube.ide.mcu.externaltools.gnu-tools-for-stm32.9-2020-q2-update.win32_2.0.0.202105311346/tools/bin/../lib/gcc/arm-none-eabi/9.3.1/../../../../arm-none-eabi/lib/thumb/v7-m/nofp\libc_nano.a(lib_a-assert.o)
                0x0000000008012fc8                __assert_func
 .text._close_r
                0x0000000008013004       0x20 c:/st/stm32cubeide_1.8.0/stm32cubeide/plugins/com.st.stm32cube.ide.mcu.externaltools.gnu-tools-for-stm32.9-2020-q2-update.win32_2.0.0.202105311346/tools/bin/../lib/gcc/arm-none-eabi/9.3.1/../../../../arm-none-eabi/lib/thumb/v7-m/nofp\libc_nano.a(lib_a-closer.o)
                0x0000000008013004                _close_r
 .text.fprintf  0x0000000008013024       0x24 c:/st/stm32cubeide_1.8.0/stm32cubeide/plugins/com.st.stm32cube.ide.mcu.externaltools.gnu-tools-for-stm32.9-2020-q2-update.win32_2.0.0.202105311346/tools/bin/../lib/gcc/arm-none-eabi/9.3.1/../../../../arm-none-eabi/lib/thumb/v7-m/nofp\libc_nano.a(lib_a-fprintf.o)
                0x0000000008013024                fiprintf
                0x0000000008013024                fprintf
 .text._lseek_r
                0x0000000008013048       0x24 c:/st/stm32cubeide_1.8.0/stm32cubeide/plugins/com.st.stm32cube.ide.mcu.externaltools.gnu-tools-for-stm32.9-2020-q2-update.win32_2.0.0.202105311346/tools/bin/../lib/gcc/arm-none-eabi/9.3.1/../../../../arm-none-eabi/lib/thumb/v7-m/nofp\libc_nano.a(lib_a-lseekr.o)
                0x0000000008013048                _lseek_r
 .text.malloc   0x000000000801306c       0x10 c:/st/stm32cubeide_1.8.0/stm32cubeide/plugins/com.st.stm32cube.ide.mcu.externaltools.gnu-tools-for-stm32.9-2020-q2-update.win32_2.0.0.202105311346/tools/bin/../lib/gcc/arm-none-eabi/9.3.1/../../../../arm-none-eabi/lib/thumb/v7-m/nofp\libc_nano.a(lib_a-malloc.o)
                0x000000000801306c                malloc
 .text._free_r  0x000000000801307c       0x98 c:/st/stm32cubeide_1.8.0/stm32cubeide/plugins/com.st.stm32cube.ide.mcu.externaltools.gnu-tools-for-stm32.9-2020-q2-update.win32_2.0.0.202105311346/tools/bin/../lib/gcc/arm-none-eabi/9.3.1/../../../../arm-none-eabi/lib/thumb/v7-m/nofp\libc_nano.a(lib_a-nano-freer.o)
                0x000000000801307c                _free_r
 .text._malloc_r
                0x0000000008013114       0xb4 c:/st/stm32cubeide_1.8.0/stm32cubeide/plugins/com.st.stm32cube.ide.mcu.externaltools.gnu-tools-for-stm32.9-2020-q2-update.win32_2.0.0.202105311346/tools/bin/../lib/gcc/arm-none-eabi/9.3.1/../../../../arm-none-eabi/lib/thumb/v7-m/nofp\libc_nano.a(lib_a-nano-mallocr.o)
                0x0000000008013114                _malloc_r
 .text.__ssputs_r
                0x00000000080131c8       0xb6 c:/st/stm32cubeide_1.8.0/stm32cubeide/plugins/com.st.stm32cube.ide.mcu.externaltools.gnu-tools-for-stm32.9-2020-q2-update.win32_2.0.0.202105311346/tools/bin/../lib/gcc/arm-none-eabi/9.3.1/../../../../arm-none-eabi/lib/thumb/v7-m/nofp\libc_nano.a(lib_a-nano-svfprintf.o)
                0x00000000080131c8                __ssputs_r
 *fill*         0x000000000801327e        0x2 
 .text._svfprintf_r
                0x0000000008013280      0x200 c:/st/stm32cubeide_1.8.0/stm32cubeide/plugins/com.st.stm32cube.ide.mcu.externaltools.gnu-tools-for-stm32.9-2020-q2-update.win32_2.0.0.202105311346/tools/bin/../lib/gcc/arm-none-eabi/9.3.1/../../../../arm-none-eabi/lib/thumb/v7-m/nofp\libc_nano.a(lib_a-nano-svfprintf.o)
                0x0000000008013280                _svfiprintf_r
                0x0000000008013280                _svfprintf_r
 .text._sungetc_r
                0x0000000008013480       0x7a c:/st/stm32cubeide_1.8.0/stm32cubeide/plugins/com.st.stm32cube.ide.mcu.externaltools.gnu-tools-for-stm32.9-2020-q2-update.win32_2.0.0.202105311346/tools/bin/../lib/gcc/arm-none-eabi/9.3.1/../../../../arm-none-eabi/lib/thumb/v7-m/nofp\libc_nano.a(lib_a-nano-svfscanf.o)
                0x0000000008013480                _sungetc_r
 .text.__ssrefill_r
                0x00000000080134fa       0x3a c:/st/stm32cubeide_1.8.0/stm32cubeide/plugins/com.st.stm32cube.ide.mcu.externaltools.gnu-tools-for-stm32.9-2020-q2-update.win32_2.0.0.202105311346/tools/bin/../lib/gcc/arm-none-eabi/9.3.1/../../../../arm-none-eabi/lib/thumb/v7-m/nofp\libc_nano.a(lib_a-nano-svfscanf.o)
                0x00000000080134fa                __ssrefill_r
 .text.__ssvfscanf_r
                0x0000000008013534      0x2f4 c:/st/stm32cubeide_1.8.0/stm32cubeide/plugins/com.st.stm32cube.ide.mcu.externaltools.gnu-tools-for-stm32.9-2020-q2-update.win32_2.0.0.202105311346/tools/bin/../lib/gcc/arm-none-eabi/9.3.1/../../../../arm-none-eabi/lib/thumb/v7-m/nofp\libc_nano.a(lib_a-nano-svfscanf.o)
                0x0000000008013534                __ssvfiscanf_r
                0x0000000008013534                __ssvfscanf_r
 .text.__sfputc_r
                0x0000000008013828       0x2a c:/st/stm32cubeide_1.8.0/stm32cubeide/plugins/com.st.stm32cube.ide.mcu.externaltools.gnu-tools-for-stm32.9-2020-q2-update.win32_2.0.0.202105311346/tools/bin/../lib/gcc/arm-none-eabi/9.3.1/../../../../arm-none-eabi/lib/thumb/v7-m/nofp\libc_nano.a(lib_a-nano-vfprintf.o)
 .text.__sfputs_r
                0x0000000008013852       0x24 c:/st/stm32cubeide_1.8.0/stm32cubeide/plugins/com.st.stm32cube.ide.mcu.externaltools.gnu-tools-for-stm32.9-2020-q2-update.win32_2.0.0.202105311346/tools/bin/../lib/gcc/arm-none-eabi/9.3.1/../../../../arm-none-eabi/lib/thumb/v7-m/nofp\libc_nano.a(lib_a-nano-vfprintf.o)
                0x0000000008013852                __sfputs_r
 *fill*         0x0000000008013876        0x2 
 .text._vfprintf_r
                0x0000000008013878      0x260 c:/st/stm32cubeide_1.8.0/stm32cubeide/plugins/com.st.stm32cube.ide.mcu.externaltools.gnu-tools-for-stm32.9-2020-q2-update.win32_2.0.0.202105311346/tools/bin/../lib/gcc/arm-none-eabi/9.3.1/../../../../arm-none-eabi/lib/thumb/v7-m/nofp\libc_nano.a(lib_a-nano-vfprintf.o)
                0x0000000008013878                _vfprintf_r
                0x0000000008013878                _vfiprintf_r
 .text._printf_common
                0x0000000008013ad8       0xde c:/st/stm32cubeide_1.8.0/stm32cubeide/plugins/com.st.stm32cube.ide.mcu.externaltools.gnu-tools-for-stm32.9-2020-q2-update.win32_2.0.0.202105311346/tools/bin/../lib/gcc/arm-none-eabi/9.3.1/../../../../arm-none-eabi/lib/thumb/v7-m/nofp\libc_nano.a(lib_a-nano-vfprintf_i.o)
                0x0000000008013ad8                _printf_common
 *fill*         0x0000000008013bb6        0x2 
 .text._printf_i
                0x0000000008013bb8      0x24c c:/st/stm32cubeide_1.8.0/stm32cubeide/plugins/com.st.stm32cube.ide.mcu.externaltools.gnu-tools-for-stm32.9-2020-q2-update.win32_2.0.0.202105311346/tools/bin/../lib/gcc/arm-none-eabi/9.3.1/../../../../arm-none-eabi/lib/thumb/v7-m/nofp\libc_nano.a(lib_a-nano-vfprintf_i.o)
                0x0000000008013bb8                _printf_i
 .text._scanf_chars
                0x0000000008013e04       0xb0 c:/st/stm32cubeide_1.8.0/stm32cubeide/plugins/com.st.stm32cube.ide.mcu.externaltools.gnu-tools-for-stm32.9-2020-q2-update.win32_2.0.0.202105311346/tools/bin/../lib/gcc/arm-none-eabi/9.3.1/../../../../arm-none-eabi/lib/thumb/v7-m/nofp\libc_nano.a(lib_a-nano-vfscanf_i.o)
                0x0000000008013e04                _scanf_chars
 .text._scanf_i
                0x0000000008013eb4      0x1e4 c:/st/stm32cubeide_1.8.0/stm32cubeide/plugins/com.st.stm32cube.ide.mcu.externaltools.gnu-tools-for-stm32.9-2020-q2-update.win32_2.0.0.202105311346/tools/bin/../lib/gcc/arm-none-eabi/9.3.1/../../../../arm-none-eabi/lib/thumb/v7-m/nofp\libc_nano.a(lib_a-nano-vfscanf_i.o)
                0x0000000008013eb4                _scanf_i
 .text._read_r  0x0000000008014098       0x24 c:/st/stm32cubeide_1.8.0/stm32cubeide/plugins/com.st.stm32cube.ide.mcu.externaltools.gnu-tools-for-stm32.9-2020-q2-update.win32_2.0.0.202105311346/tools/bin/../lib/gcc/arm-none-eabi/9.3.1/../../../../arm-none-eabi/lib/thumb/v7-m/nofp\libc_nano.a(lib_a-readr.o)
                0x0000000008014098                _read_r
 .text._sbrk_r  0x00000000080140bc       0x20 c:/st/stm32cubeide_1.8.0/stm32cubeide/plugins/com.st.stm32cube.ide.mcu.externaltools.gnu-tools-for-stm32.9-2020-q2-update.win32_2.0.0.202105311346/tools/bin/../lib/gcc/arm-none-eabi/9.3.1/../../../../arm-none-eabi/lib/thumb/v7-m/nofp\libc_nano.a(lib_a-sbrkr.o)
                0x00000000080140bc                _sbrk_r
 .text.__sccl   0x00000000080140dc       0x74 c:/st/stm32cubeide_1.8.0/stm32cubeide/plugins/com.st.stm32cube.ide.mcu.externaltools.gnu-tools-for-stm32.9-2020-q2-update.win32_2.0.0.202105311346/tools/bin/../lib/gcc/arm-none-eabi/9.3.1/../../../../arm-none-eabi/lib/thumb/v7-m/nofp\libc_nano.a(lib_a-sccl.o)
                0x00000000080140dc                __sccl
 .text._strtoul_l.isra.0
                0x0000000008014150       0xf8 c:/st/stm32cubeide_1.8.0/stm32cubeide/plugins/com.st.stm32cube.ide.mcu.externaltools.gnu-tools-for-stm32.9-2020-q2-update.win32_2.0.0.202105311346/tools/bin/../lib/gcc/arm-none-eabi/9.3.1/../../../../arm-none-eabi/lib/thumb/v7-m/nofp\libc_nano.a(lib_a-strtoul.o)
 .text._strtoul_r
                0x0000000008014248        0x4 c:/st/stm32cubeide_1.8.0/stm32cubeide/plugins/com.st.stm32cube.ide.mcu.externaltools.gnu-tools-for-stm32.9-2020-q2-update.win32_2.0.0.202105311346/tools/bin/../lib/gcc/arm-none-eabi/9.3.1/../../../../arm-none-eabi/lib/thumb/v7-m/nofp\libc_nano.a(lib_a-strtoul.o)
                0x0000000008014248                _strtoul_r
 .text.__submore
                0x000000000801424c       0x70 c:/st/stm32cubeide_1.8.0/stm32cubeide/plugins/com.st.stm32cube.ide.mcu.externaltools.gnu-tools-for-stm32.9-2020-q2-update.win32_2.0.0.202105311346/tools/bin/../lib/gcc/arm-none-eabi/9.3.1/../../../../arm-none-eabi/lib/thumb/v7-m/nofp\libc_nano.a(lib_a-ungetc.o)
                0x000000000801424c                __submore
 .text.__swbuf_r
                0x00000000080142bc       0xa4 c:/st/stm32cubeide_1.8.0/stm32cubeide/plugins/com.st.stm32cube.ide.mcu.externaltools.gnu-tools-for-stm32.9-2020-q2-update.win32_2.0.0.202105311346/tools/bin/../lib/gcc/arm-none-eabi/9.3.1/../../../../arm-none-eabi/lib/thumb/v7-m/nofp\libc_nano.a(lib_a-wbuf.o)
                0x00000000080142bc                __swbuf_r
 .text.__swsetup_r
                0x0000000008014360       0xdc c:/st/stm32cubeide_1.8.0/stm32cubeide/plugins/com.st.stm32cube.ide.mcu.externaltools.gnu-tools-for-stm32.9-2020-q2-update.win32_2.0.0.202105311346/tools/bin/../lib/gcc/arm-none-eabi/9.3.1/../../../../arm-none-eabi/lib/thumb/v7-m/nofp\libc_nano.a(lib_a-wsetup.o)
                0x0000000008014360                __swsetup_r
 .text.abort    0x000000000801443c        0xe c:/st/stm32cubeide_1.8.0/stm32cubeide/plugins/com.st.stm32cube.ide.mcu.externaltools.gnu-tools-for-stm32.9-2020-q2-update.win32_2.0.0.202105311346/tools/bin/../lib/gcc/arm-none-eabi/9.3.1/../../../../arm-none-eabi/lib/thumb/v7-m/nofp\libc_nano.a(lib_a-abort.o)
                0x000000000801443c                abort
 *fill*         0x000000000801444a        0x2 
 .text.__sflush_r
                0x000000000801444c      0x10c c:/st/stm32cubeide_1.8.0/stm32cubeide/plugins/com.st.stm32cube.ide.mcu.externaltools.gnu-tools-for-stm32.9-2020-q2-update.win32_2.0.0.202105311346/tools/bin/../lib/gcc/arm-none-eabi/9.3.1/../../../../arm-none-eabi/lib/thumb/v7-m/nofp\libc_nano.a(lib_a-fflush.o)
                0x000000000801444c                __sflush_r
 .text._fflush_r
                0x0000000008014558       0x78 c:/st/stm32cubeide_1.8.0/stm32cubeide/plugins/com.st.stm32cube.ide.mcu.externaltools.gnu-tools-for-stm32.9-2020-q2-update.win32_2.0.0.202105311346/tools/bin/../lib/gcc/arm-none-eabi/9.3.1/../../../../arm-none-eabi/lib/thumb/v7-m/nofp\libc_nano.a(lib_a-fflush.o)
                0x0000000008014558                _fflush_r
 .text.std      0x00000000080145d0       0x48 c:/st/stm32cubeide_1.8.0/stm32cubeide/plugins/com.st.stm32cube.ide.mcu.externaltools.gnu-tools-for-stm32.9-2020-q2-update.win32_2.0.0.202105311346/tools/bin/../lib/gcc/arm-none-eabi/9.3.1/../../../../arm-none-eabi/lib/thumb/v7-m/nofp\libc_nano.a(lib_a-findfp.o)
 .text._cleanup_r
                0x0000000008014618        0xc c:/st/stm32cubeide_1.8.0/stm32cubeide/plugins/com.st.stm32cube.ide.mcu.externaltools.gnu-tools-for-stm32.9-2020-q2-update.win32_2.0.0.202105311346/tools/bin/../lib/gcc/arm-none-eabi/9.3.1/../../../../arm-none-eabi/lib/thumb/v7-m/nofp\libc_nano.a(lib_a-findfp.o)
                0x0000000008014618                _cleanup_r
 .text.__sfmoreglue
                0x0000000008014624       0x2c c:/st/stm32cubeide_1.8.0/stm32cubeide/plugins/com.st.stm32cube.ide.mcu.externaltools.gnu-tools-for-stm32.9-2020-q2-update.win32_2.0.0.202105311346/tools/bin/../lib/gcc/arm-none-eabi/9.3.1/../../../../arm-none-eabi/lib/thumb/v7-m/nofp\libc_nano.a(lib_a-findfp.o)
                0x0000000008014624                __sfmoreglue
 .text.__sfp_lock_acquire
                0x0000000008014650        0xc c:/st/stm32cubeide_1.8.0/stm32cubeide/plugins/com.st.stm32cube.ide.mcu.externaltools.gnu-tools-for-stm32.9-2020-q2-update.win32_2.0.0.202105311346/tools/bin/../lib/gcc/arm-none-eabi/9.3.1/../../../../arm-none-eabi/lib/thumb/v7-m/nofp\libc_nano.a(lib_a-findfp.o)
                0x0000000008014650                __sfp_lock_acquire
 .text.__sfp_lock_release
                0x000000000801465c        0xc c:/st/stm32cubeide_1.8.0/stm32cubeide/plugins/com.st.stm32cube.ide.mcu.externaltools.gnu-tools-for-stm32.9-2020-q2-update.win32_2.0.0.202105311346/tools/bin/../lib/gcc/arm-none-eabi/9.3.1/../../../../arm-none-eabi/lib/thumb/v7-m/nofp\libc_nano.a(lib_a-findfp.o)
                0x000000000801465c                __sfp_lock_release
 .text.__sinit_lock_acquire
                0x0000000008014668        0xc c:/st/stm32cubeide_1.8.0/stm32cubeide/plugins/com.st.stm32cube.ide.mcu.externaltools.gnu-tools-for-stm32.9-2020-q2-update.win32_2.0.0.202105311346/tools/bin/../lib/gcc/arm-none-eabi/9.3.1/../../../../arm-none-eabi/lib/thumb/v7-m/nofp\libc_nano.a(lib_a-findfp.o)
                0x0000000008014668                __sinit_lock_acquire
 .text.__sinit_lock_release
                0x0000000008014674        0xc c:/st/stm32cubeide_1.8.0/stm32cubeide/plugins/com.st.stm32cube.ide.mcu.externaltools.gnu-tools-for-stm32.9-2020-q2-update.win32_2.0.0.202105311346/tools/bin/../lib/gcc/arm-none-eabi/9.3.1/../../../../arm-none-eabi/lib/thumb/v7-m/nofp\libc_nano.a(lib_a-findfp.o)
                0x0000000008014674                __sinit_lock_release
 .text.__sinit  0x0000000008014680       0x70 c:/st/stm32cubeide_1.8.0/stm32cubeide/plugins/com.st.stm32cube.ide.mcu.externaltools.gnu-tools-for-stm32.9-2020-q2-update.win32_2.0.0.202105311346/tools/bin/../lib/gcc/arm-none-eabi/9.3.1/../../../../arm-none-eabi/lib/thumb/v7-m/nofp\libc_nano.a(lib_a-findfp.o)
                0x0000000008014680                __sinit
 .text.__sfp    0x00000000080146f0       0x8c c:/st/stm32cubeide_1.8.0/stm32cubeide/plugins/com.st.stm32cube.ide.mcu.externaltools.gnu-tools-for-stm32.9-2020-q2-update.win32_2.0.0.202105311346/tools/bin/../lib/gcc/arm-none-eabi/9.3.1/../../../../arm-none-eabi/lib/thumb/v7-m/nofp\libc_nano.a(lib_a-findfp.o)
                0x00000000080146f0                __sfp
 .text._fwalk_reent
                0x000000000801477c       0x3e c:/st/stm32cubeide_1.8.0/stm32cubeide/plugins/com.st.stm32cube.ide.mcu.externaltools.gnu-tools-for-stm32.9-2020-q2-update.win32_2.0.0.202105311346/tools/bin/../lib/gcc/arm-none-eabi/9.3.1/../../../../arm-none-eabi/lib/thumb/v7-m/nofp\libc_nano.a(lib_a-fwalk.o)
                0x000000000801477c                _fwalk_reent
 .text.__retarget_lock_init_recursive
                0x00000000080147ba        0x2 c:/st/stm32cubeide_1.8.0/stm32cubeide/plugins/com.st.stm32cube.ide.mcu.externaltools.gnu-tools-for-stm32.9-2020-q2-update.win32_2.0.0.202105311346/tools/bin/../lib/gcc/arm-none-eabi/9.3.1/../../../../arm-none-eabi/lib/thumb/v7-m/nofp\libc_nano.a(lib_a-lock.o)
                0x00000000080147ba                __retarget_lock_init_recursive
 .text.__retarget_lock_acquire_recursive
                0x00000000080147bc        0x2 c:/st/stm32cubeide_1.8.0/stm32cubeide/plugins/com.st.stm32cube.ide.mcu.externaltools.gnu-tools-for-stm32.9-2020-q2-update.win32_2.0.0.202105311346/tools/bin/../lib/gcc/arm-none-eabi/9.3.1/../../../../arm-none-eabi/lib/thumb/v7-m/nofp\libc_nano.a(lib_a-lock.o)
                0x00000000080147bc                __retarget_lock_acquire_recursive
 .text.__retarget_lock_release_recursive
                0x00000000080147be        0x2 c:/st/stm32cubeide_1.8.0/stm32cubeide/plugins/com.st.stm32cube.ide.mcu.externaltools.gnu-tools-for-stm32.9-2020-q2-update.win32_2.0.0.202105311346/tools/bin/../lib/gcc/arm-none-eabi/9.3.1/../../../../arm-none-eabi/lib/thumb/v7-m/nofp\libc_nano.a(lib_a-lock.o)
                0x00000000080147be                __retarget_lock_release_recursive
 .text.__swhatbuf_r
                0x00000000080147c0       0x48 c:/st/stm32cubeide_1.8.0/stm32cubeide/plugins/com.st.stm32cube.ide.mcu.externaltools.gnu-tools-for-stm32.9-2020-q2-update.win32_2.0.0.202105311346/tools/bin/../lib/gcc/arm-none-eabi/9.3.1/../../../../arm-none-eabi/lib/thumb/v7-m/nofp\libc_nano.a(lib_a-makebuf.o)
                0x00000000080147c0                __swhatbuf_r
 .text.__smakebuf_r
                0x0000000008014808       0x80 c:/st/stm32cubeide_1.8.0/stm32cubeide/plugins/com.st.stm32cube.ide.mcu.externaltools.gnu-tools-for-stm32.9-2020-q2-update.win32_2.0.0.202105311346/tools/bin/../lib/gcc/arm-none-eabi/9.3.1/../../../../arm-none-eabi/lib/thumb/v7-m/nofp\libc_nano.a(lib_a-makebuf.o)
                0x0000000008014808                __smakebuf_r
 .text.memchr   0x0000000008014888       0x1c c:/st/stm32cubeide_1.8.0/stm32cubeide/plugins/com.st.stm32cube.ide.mcu.externaltools.gnu-tools-for-stm32.9-2020-q2-update.win32_2.0.0.202105311346/tools/bin/../lib/gcc/arm-none-eabi/9.3.1/../../../../arm-none-eabi/lib/thumb/v7-m/nofp\libc_nano.a(lib_a-memchr-stub.o)
                0x0000000008014888                memchr
 .text.memmove  0x00000000080148a4       0x34 c:/st/stm32cubeide_1.8.0/stm32cubeide/plugins/com.st.stm32cube.ide.mcu.externaltools.gnu-tools-for-stm32.9-2020-q2-update.win32_2.0.0.202105311346/tools/bin/../lib/gcc/arm-none-eabi/9.3.1/../../../../arm-none-eabi/lib/thumb/v7-m/nofp\libc_nano.a(lib_a-memmove.o)
                0x00000000080148a4                memmove
 .text.__malloc_lock
                0x00000000080148d8        0xc c:/st/stm32cubeide_1.8.0/stm32cubeide/plugins/com.st.stm32cube.ide.mcu.externaltools.gnu-tools-for-stm32.9-2020-q2-update.win32_2.0.0.202105311346/tools/bin/../lib/gcc/arm-none-eabi/9.3.1/../../../../arm-none-eabi/lib/thumb/v7-m/nofp\libc_nano.a(lib_a-mlock.o)
                0x00000000080148d8                __malloc_lock
 .text.__malloc_unlock
                0x00000000080148e4        0xc c:/st/stm32cubeide_1.8.0/stm32cubeide/plugins/com.st.stm32cube.ide.mcu.externaltools.gnu-tools-for-stm32.9-2020-q2-update.win32_2.0.0.202105311346/tools/bin/../lib/gcc/arm-none-eabi/9.3.1/../../../../arm-none-eabi/lib/thumb/v7-m/nofp\libc_nano.a(lib_a-mlock.o)
                0x00000000080148e4                __malloc_unlock
 .text._realloc_r
                0x00000000080148f0       0x4c c:/st/stm32cubeide_1.8.0/stm32cubeide/plugins/com.st.stm32cube.ide.mcu.externaltools.gnu-tools-for-stm32.9-2020-q2-update.win32_2.0.0.202105311346/tools/bin/../lib/gcc/arm-none-eabi/9.3.1/../../../../arm-none-eabi/lib/thumb/v7-m/nofp\libc_nano.a(lib_a-nano-reallocr.o)
                0x00000000080148f0                _realloc_r
 .text._raise_r
                0x000000000801493c       0x50 c:/st/stm32cubeide_1.8.0/stm32cubeide/plugins/com.st.stm32cube.ide.mcu.externaltools.gnu-tools-for-stm32.9-2020-q2-update.win32_2.0.0.202105311346/tools/bin/../lib/gcc/arm-none-eabi/9.3.1/../../../../arm-none-eabi/lib/thumb/v7-m/nofp\libc_nano.a(lib_a-signal.o)
                0x000000000801493c                _raise_r
 .text.raise    0x000000000801498c       0x10 c:/st/stm32cubeide_1.8.0/stm32cubeide/plugins/com.st.stm32cube.ide.mcu.externaltools.gnu-tools-for-stm32.9-2020-q2-update.win32_2.0.0.202105311346/tools/bin/../lib/gcc/arm-none-eabi/9.3.1/../../../../arm-none-eabi/lib/thumb/v7-m/nofp\libc_nano.a(lib_a-signal.o)
                0x000000000801498c                raise
 .text._kill_r  0x000000000801499c       0x24 c:/st/stm32cubeide_1.8.0/stm32cubeide/plugins/com.st.stm32cube.ide.mcu.externaltools.gnu-tools-for-stm32.9-2020-q2-update.win32_2.0.0.202105311346/tools/bin/../lib/gcc/arm-none-eabi/9.3.1/../../../../arm-none-eabi/lib/thumb/v7-m/nofp\libc_nano.a(lib_a-signalr.o)
                0x000000000801499c                _kill_r
 .text._getpid_r
                0x00000000080149c0        0x4 c:/st/stm32cubeide_1.8.0/stm32cubeide/plugins/com.st.stm32cube.ide.mcu.externaltools.gnu-tools-for-stm32.9-2020-q2-update.win32_2.0.0.202105311346/tools/bin/../lib/gcc/arm-none-eabi/9.3.1/../../../../arm-none-eabi/lib/thumb/v7-m/nofp\libc_nano.a(lib_a-signalr.o)
                0x00000000080149c0                _getpid_r
 .text._fstat_r
                0x00000000080149c4       0x24 c:/st/stm32cubeide_1.8.0/stm32cubeide/plugins/com.st.stm32cube.ide.mcu.externaltools.gnu-tools-for-stm32.9-2020-q2-update.win32_2.0.0.202105311346/tools/bin/../lib/gcc/arm-none-eabi/9.3.1/../../../../arm-none-eabi/lib/thumb/v7-m/nofp\libc_nano.a(lib_a-fstatr.o)
                0x00000000080149c4                _fstat_r
 .text._isatty_r
                0x00000000080149e8       0x20 c:/st/stm32cubeide_1.8.0/stm32cubeide/plugins/com.st.stm32cube.ide.mcu.externaltools.gnu-tools-for-stm32.9-2020-q2-update.win32_2.0.0.202105311346/tools/bin/../lib/gcc/arm-none-eabi/9.3.1/../../../../arm-none-eabi/lib/thumb/v7-m/nofp\libc_nano.a(lib_a-isattyr.o)
                0x00000000080149e8                _isatty_r
 .text._malloc_usable_size_r
                0x0000000008014a08       0x10 c:/st/stm32cubeide_1.8.0/stm32cubeide/plugins/com.st.stm32cube.ide.mcu.externaltools.gnu-tools-for-stm32.9-2020-q2-update.win32_2.0.0.202105311346/tools/bin/../lib/gcc/arm-none-eabi/9.3.1/../../../../arm-none-eabi/lib/thumb/v7-m/nofp\libc_nano.a(lib_a-nano-msizer.o)
                0x0000000008014a08                _malloc_usable_size_r
 *(.glue_7)
 .glue_7        0x0000000008014a18        0x0 linker stubs
 *(.glue_7t)
 .glue_7t       0x0000000008014a18        0x0 linker stubs
 *(.eh_frame)
 .eh_frame      0x0000000008014a18        0x0 c:/st/stm32cubeide_1.8.0/stm32cubeide/plugins/com.st.stm32cube.ide.mcu.externaltools.gnu-tools-for-stm32.9-2020-q2-update.win32_2.0.0.202105311346/tools/bin/../lib/gcc/arm-none-eabi/9.3.1/thumb/v7-m/nofp/crtbegin.o
 *(.init)
 .init          0x0000000008014a18        0x4 c:/st/stm32cubeide_1.8.0/stm32cubeide/plugins/com.st.stm32cube.ide.mcu.externaltools.gnu-tools-for-stm32.9-2020-q2-update.win32_2.0.0.202105311346/tools/bin/../lib/gcc/arm-none-eabi/9.3.1/thumb/v7-m/nofp/crti.o
                0x0000000008014a18                _init
 .init          0x0000000008014a1c        0x8 c:/st/stm32cubeide_1.8.0/stm32cubeide/plugins/com.st.stm32cube.ide.mcu.externaltools.gnu-tools-for-stm32.9-2020-q2-update.win32_2.0.0.202105311346/tools/bin/../lib/gcc/arm-none-eabi/9.3.1/thumb/v7-m/nofp/crtn.o
 *(.fini)
 .fini          0x0000000008014a24        0x4 c:/st/stm32cubeide_1.8.0/stm32cubeide/plugins/com.st.stm32cube.ide.mcu.externaltools.gnu-tools-for-stm32.9-2020-q2-update.win32_2.0.0.202105311346/tools/bin/../lib/gcc/arm-none-eabi/9.3.1/thumb/v7-m/nofp/crti.o
                0x0000000008014a24                _fini
 .fini          0x0000000008014a28        0x8 c:/st/stm32cubeide_1.8.0/stm32cubeide/plugins/com.st.stm32cube.ide.mcu.externaltools.gnu-tools-for-stm32.9-2020-q2-update.win32_2.0.0.202105311346/tools/bin/../lib/gcc/arm-none-eabi/9.3.1/thumb/v7-m/nofp/crtn.o
                0x0000000008014a30                . = ALIGN (0x4)
                0x0000000008014a30                _etext = .

.vfp11_veneer   0x0000000008014a30        0x0
 .vfp11_veneer  0x0000000008014a30        0x0 linker stubs

.v4_bx          0x0000000008014a30        0x0
 .v4_bx         0x0000000008014a30        0x0 linker stubs

.iplt           0x0000000008014a30        0x0
 .iplt          0x0000000008014a30        0x0 c:/st/stm32cubeide_1.8.0/stm32cubeide/plugins/com.st.stm32cube.ide.mcu.externaltools.gnu-tools-for-stm32.9-2020-q2-update.win32_2.0.0.202105311346/tools/bin/../lib/gcc/arm-none-eabi/9.3.1/thumb/v7-m/nofp/crtbegin.o

.rodata         0x0000000008014a30     0x1558
                0x0000000008014a30                . = ALIGN (0x4)
 *(.rodata)
 .rodata        0x0000000008014a30       0x17 ./Core/Src/main.o
 *fill*         0x0000000008014a47        0x1 
 .rodata        0x0000000008014a48      0x3aa ./Drivers/Bluetooth/bluetooth.o
 *fill*         0x0000000008014df2        0x2 
 .rodata        0x0000000008014df4       0x32 ./Drivers/Clock/clock.o
 *fill*         0x0000000008014e26        0x2 
 .rodata        0x0000000008014e28       0x66 ./Drivers/FS/fs.o
 *fill*         0x0000000008014e8e        0x2 
 .rodata        0x0000000008014e90      0x2cf ./Drivers/FTP/ftp.o
 *fill*         0x000000000801515f        0x1 
 .rodata        0x0000000008015160      0x269 ./Drivers/Files/files.o
 *fill*         0x00000000080153c9        0x3 
 .rodata        0x00000000080153cc       0x18 ./Drivers/GSMLOC/gsmloc.o
 .rodata        0x00000000080153e4       0x53 ./Drivers/Gps/gps.o
 *fill*         0x0000000008015437        0x1 
 .rodata        0x0000000008015438      0x63a ./Drivers/MQTT/mqtt.o
 *fill*         0x0000000008015a72        0x2 
 .rodata        0x0000000008015a74       0xd0 ./Drivers/Memory/memory.o
 .rodata        0x0000000008015b44       0x98 ./Drivers/Sensor/sensor.o
 .rodata        0x0000000008015bdc       0xe6 ./Drivers/Sim868/sim868.o
 *fill*         0x0000000008015cc2        0x2 
 .rodata        0x0000000008015cc4        0x6 ./Drivers/Uart/uart.o
 *fill*         0x0000000008015cca        0x2 
 .rodata        0x0000000008015ccc        0xc c:/st/stm32cubeide_1.8.0/stm32cubeide/plugins/com.st.stm32cube.ide.mcu.externaltools.gnu-tools-for-stm32.9-2020-q2-update.win32_2.0.0.202105311346/tools/bin/../lib/gcc/arm-none-eabi/9.3.1/../../../../arm-none-eabi/lib/thumb/v7-m/nofp\libc_nano.a(lib_a-nano-vfscanf_i.o)
 *(.rodata*)
 .rodata.PLLMulTable
                0x0000000008015cd8        0x9 ./Core/Src/system_stm32l1xx.o
                0x0000000008015cd8                PLLMulTable
 *fill*         0x0000000008015ce1        0x3 
 .rodata.AHBPrescTable
                0x0000000008015ce4       0x10 ./Core/Src/system_stm32l1xx.o
                0x0000000008015ce4                AHBPrescTable
 .rodata.APBPrescTable
                0x0000000008015cf4        0x8 ./Core/Src/system_stm32l1xx.o
                0x0000000008015cf4                APBPrescTable
 .rodata._global_impure_ptr
                0x0000000008015cfc        0x4 c:/st/stm32cubeide_1.8.0/stm32cubeide/plugins/com.st.stm32cube.ide.mcu.externaltools.gnu-tools-for-stm32.9-2020-q2-update.win32_2.0.0.202105311346/tools/bin/../lib/gcc/arm-none-eabi/9.3.1/../../../../arm-none-eabi/lib/thumb/v7-m/nofp\libc_nano.a(lib_a-impure.o)
                0x0000000008015cfc                _global_impure_ptr
 .rodata.strtok.str1.1
                0x0000000008015d00       0x78 c:/st/stm32cubeide_1.8.0/stm32cubeide/plugins/com.st.stm32cube.ide.mcu.externaltools.gnu-tools-for-stm32.9-2020-q2-update.win32_2.0.0.202105311346/tools/bin/../lib/gcc/arm-none-eabi/9.3.1/../../../../arm-none-eabi/lib/thumb/v7-m/nofp\libc_nano.a(lib_a-strtok.o)
 .rodata.__utoa.str1.1
                0x0000000008015d78       0x25 c:/st/stm32cubeide_1.8.0/stm32cubeide/plugins/com.st.stm32cube.ide.mcu.externaltools.gnu-tools-for-stm32.9-2020-q2-update.win32_2.0.0.202105311346/tools/bin/../lib/gcc/arm-none-eabi/9.3.1/../../../../arm-none-eabi/lib/thumb/v7-m/nofp\libc_nano.a(lib_a-utoa.o)
 .rodata.__assert_func.str1.1
                0x0000000008015d9d       0x3c c:/st/stm32cubeide_1.8.0/stm32cubeide/plugins/com.st.stm32cube.ide.mcu.externaltools.gnu-tools-for-stm32.9-2020-q2-update.win32_2.0.0.202105311346/tools/bin/../lib/gcc/arm-none-eabi/9.3.1/../../../../arm-none-eabi/lib/thumb/v7-m/nofp\libc_nano.a(lib_a-assert.o)
                                         0x3d (size before relaxing)
 .rodata._ctype_
                0x0000000008015dd9      0x101 c:/st/stm32cubeide_1.8.0/stm32cubeide/plugins/com.st.stm32cube.ide.mcu.externaltools.gnu-tools-for-stm32.9-2020-q2-update.win32_2.0.0.202105311346/tools/bin/../lib/gcc/arm-none-eabi/9.3.1/../../../../arm-none-eabi/lib/thumb/v7-m/nofp\libc_nano.a(lib_a-ctype_.o)
                0x0000000008015dd9                _ctype_
 .rodata._svfprintf_r.str1.1
                0x0000000008015eda       0x11 c:/st/stm32cubeide_1.8.0/stm32cubeide/plugins/com.st.stm32cube.ide.mcu.externaltools.gnu-tools-for-stm32.9-2020-q2-update.win32_2.0.0.202105311346/tools/bin/../lib/gcc/arm-none-eabi/9.3.1/../../../../arm-none-eabi/lib/thumb/v7-m/nofp\libc_nano.a(lib_a-nano-svfprintf.o)
 .rodata.__ssvfscanf_r.str1.1
                0x0000000008015eeb        0x4 c:/st/stm32cubeide_1.8.0/stm32cubeide/plugins/com.st.stm32cube.ide.mcu.externaltools.gnu-tools-for-stm32.9-2020-q2-update.win32_2.0.0.202105311346/tools/bin/../lib/gcc/arm-none-eabi/9.3.1/../../../../arm-none-eabi/lib/thumb/v7-m/nofp\libc_nano.a(lib_a-nano-svfscanf.o)
 .rodata._vfprintf_r.str1.1
                0x0000000008015eeb       0x11 c:/st/stm32cubeide_1.8.0/stm32cubeide/plugins/com.st.stm32cube.ide.mcu.externaltools.gnu-tools-for-stm32.9-2020-q2-update.win32_2.0.0.202105311346/tools/bin/../lib/gcc/arm-none-eabi/9.3.1/../../../../arm-none-eabi/lib/thumb/v7-m/nofp\libc_nano.a(lib_a-nano-vfprintf.o)
 .rodata._printf_i.str1.1
                0x0000000008015eeb       0x22 c:/st/stm32cubeide_1.8.0/stm32cubeide/plugins/com.st.stm32cube.ide.mcu.externaltools.gnu-tools-for-stm32.9-2020-q2-update.win32_2.0.0.202105311346/tools/bin/../lib/gcc/arm-none-eabi/9.3.1/../../../../arm-none-eabi/lib/thumb/v7-m/nofp\libc_nano.a(lib_a-nano-vfprintf_i.o)
 .rodata.str1.1
                0x0000000008015f0d        0x9 c:/st/stm32cubeide_1.8.0/stm32cubeide/plugins/com.st.stm32cube.ide.mcu.externaltools.gnu-tools-for-stm32.9-2020-q2-update.win32_2.0.0.202105311346/tools/bin/../lib/gcc/arm-none-eabi/9.3.1/../../../../arm-none-eabi/lib/thumb/v7-m/nofp\libc_nano.a(lib_a-nano-vfscanf_i.o)
 .rodata._scanf_i.str1.1
                0x0000000008015f16       0x12 c:/st/stm32cubeide_1.8.0/stm32cubeide/plugins/com.st.stm32cube.ide.mcu.externaltools.gnu-tools-for-stm32.9-2020-q2-update.win32_2.0.0.202105311346/tools/bin/../lib/gcc/arm-none-eabi/9.3.1/../../../../arm-none-eabi/lib/thumb/v7-m/nofp\libc_nano.a(lib_a-nano-vfscanf_i.o)
 .rodata.__sf_fake_stderr
                0x0000000008015f28       0x20 c:/st/stm32cubeide_1.8.0/stm32cubeide/plugins/com.st.stm32cube.ide.mcu.externaltools.gnu-tools-for-stm32.9-2020-q2-update.win32_2.0.0.202105311346/tools/bin/../lib/gcc/arm-none-eabi/9.3.1/../../../../arm-none-eabi/lib/thumb/v7-m/nofp\libc_nano.a(lib_a-findfp.o)
                0x0000000008015f28                __sf_fake_stderr
 .rodata.__sf_fake_stdin
                0x0000000008015f48       0x20 c:/st/stm32cubeide_1.8.0/stm32cubeide/plugins/com.st.stm32cube.ide.mcu.externaltools.gnu-tools-for-stm32.9-2020-q2-update.win32_2.0.0.202105311346/tools/bin/../lib/gcc/arm-none-eabi/9.3.1/../../../../arm-none-eabi/lib/thumb/v7-m/nofp\libc_nano.a(lib_a-findfp.o)
                0x0000000008015f48                __sf_fake_stdin
 .rodata.__sf_fake_stdout
                0x0000000008015f68       0x20 c:/st/stm32cubeide_1.8.0/stm32cubeide/plugins/com.st.stm32cube.ide.mcu.externaltools.gnu-tools-for-stm32.9-2020-q2-update.win32_2.0.0.202105311346/tools/bin/../lib/gcc/arm-none-eabi/9.3.1/../../../../arm-none-eabi/lib/thumb/v7-m/nofp\libc_nano.a(lib_a-findfp.o)