stm32l1xx_hal_msp.c:65:6:HAL_MspInit	16	static
stm32l1xx_hal_msp.c:88:6:HAL_ADC_MspInit	40	static
stm32l1xx_hal_msp.c:121:6:HAL_ADC_MspDeInit	0	static
stm32l1xx_hal_msp.c:149:6:HAL_RTC_MspInit	8	static
stm32l1xx_hal_msp.c:174:6:HAL_RTC_MspDeInit	0	static
stm32l1xx_hal_msp.c:199:6:HAL_TIM_Base_MspInit	24	static
stm32l1xx_hal_msp.c:246:6:HAL_TIM_PWM_MspInit	8	static
stm32l1xx_hal_msp.c:262:6:HAL_TIM_MspPostInit	32	static
stm32l1xx_hal_msp.c:294:6:HAL_TIM_Base_MspDeInit	0	static
stm32l1xx_hal_msp.c:341:6:HAL_TIM_PWM_MspDeInit	0	static
stm32l1xx_hal_msp.c:363:6:HAL_UART_MspInit	56	static
stm32l1xx_hal_msp.c:456:6:HAL_UART_MspDeInit	8	static
