core_cm3.h:1762:34:__NVIC_SystemReset	4	static,ignoring_inline_asm
sim868.c:32:6:l3On	8	static
sim868.c:35:6:l2On	8	static
sim868.c:38:6:l3Off	8	static
sim868.c:41:6:l2Off	8	static
sim868.c:45:6:ledsOn	8	static
sim868.c:48:6:ledsOff	8	static
sim868.c:51:6:sim868On	8	static
sim868.c:63:6:sim868Off	8	static
sim868.c:75:6:sensorOn	8	static
sim868.c:78:6:sensorOff	8	static
sim868.c:81:6:loraOn	8	static
sim868.c:84:6:loraOff	8	static
sim868.c:87:5:sim868Init	16	static
sim868.c:127:5:sim868onPrep	16	static
sim868.c:145:6:getIMEI	8	static
sim868.c:150:6:getPNUM	8	static
sim868.c:157:6:getTemp	8	static
sim868.c:165:6:getADC	72	static
sim868.c:186:6:getSig	8	static
sim868.c:192:6:getPG	8	static
sim868.c:203:6:getMV	8	static
