main.c:90:5:main	32	static,ignoring_inline_asm
main.c:150:6:SystemClock_Config	88	static
main.c:208:13:MX_ADC_Init	24	static
main.c:261:13:MX_RTC_Init	48	static
main.c:342:13:MX_TIM2_Init	32	static
main.c:387:13:MX_TIM3_Init	32	static
main.c:432:13:MX_TIM4_Init	32	static
main.c:477:13:MX_TIM5_Init	32	static
main.c:526:13:MX_USART1_UART_Init	8	static
main.c:559:13:MX_USART2_UART_Init	8	static
main.c:592:13:MX_USART3_UART_Init	8	static
main.c:625:13:MX_GPIO_Init	48	static
main.c:712:6:HAL_RTC_AlarmAEventCallback	16	static
main.c:717:6:sleep	8	static
main.c:730:6:wakeUp	8	static
main.c:742:6:usart3Init	8	static
main.c:752:6:Error_Handler	4	static,ignoring_inline_asm
