Archive member included to satisfy reference by file (symbol)

c:/st/stm32cubeide_1.6.1/stm32cubeide/plugins/com.st.stm32cube.ide.mcu.externaltools.gnu-tools-for-stm32.9-2020-q2-update.win32_2.0.0.202105311346/tools/bin/../lib/gcc/arm-none-eabi/9.3.1/../../../../arm-none-eabi/lib/thumb/v7-m/nofp\libc_nano.a(lib_a-atoi.o)
                              ./Drivers/Bluetooth/bluetooth.o (atoi)
c:/st/stm32cubeide_1.6.1/stm32cubeide/plugins/com.st.stm32cube.ide.mcu.externaltools.gnu-tools-for-stm32.9-2020-q2-update.win32_2.0.0.202105311346/tools/bin/../lib/gcc/arm-none-eabi/9.3.1/../../../../arm-none-eabi/lib/thumb/v7-m/nofp\libc_nano.a(lib_a-atol.o)
                              ./Drivers/Files/files.o (atol)
c:/st/stm32cubeide_1.6.1/stm32cubeide/plugins/com.st.stm32cube.ide.mcu.externaltools.gnu-tools-for-stm32.9-2020-q2-update.win32_2.0.0.202105311346/tools/bin/../lib/gcc/arm-none-eabi/9.3.1/../../../../arm-none-eabi/lib/thumb/v7-m/nofp\libc_nano.a(lib_a-errno.o)
                              ./Core/Src/syscalls.o (__errno)
c:/st/stm32cubeide_1.6.1/stm32cubeide/plugins/com.st.stm32cube.ide.mcu.externaltools.gnu-tools-for-stm32.9-2020-q2-update.win32_2.0.0.202105311346/tools/bin/../lib/gcc/arm-none-eabi/9.3.1/../../../../arm-none-eabi/lib/thumb/v7-m/nofp\libc_nano.a(lib_a-exit.o)
                              c:/st/stm32cubeide_1.6.1/stm32cubeide/plugins/com.st.stm32cube.ide.mcu.externaltools.gnu-tools-for-stm32.9-2020-q2-update.win32_2.0.0.202105311346/tools/bin/../lib/gcc/arm-none-eabi/9.3.1/../../../../arm-none-eabi/lib/thumb/v7-m/nofp/crt0.o (exit)
c:/st/stm32cubeide_1.6.1/stm32cubeide/plugins/com.st.stm32cube.ide.mcu.externaltools.gnu-tools-for-stm32.9-2020-q2-update.win32_2.0.0.202105311346/tools/bin/../lib/gcc/arm-none-eabi/9.3.1/../../../../arm-none-eabi/lib/thumb/v7-m/nofp\libc_nano.a(lib_a-impure.o)
                              c:/st/stm32cubeide_1.6.1/stm32cubeide/plugins/com.st.stm32cube.ide.mcu.externaltools.gnu-tools-for-stm32.9-2020-q2-update.win32_2.0.0.202105311346/tools/bin/../lib/gcc/arm-none-eabi/9.3.1/../../../../arm-none-eabi/lib/thumb/v7-m/nofp\libc_nano.a(lib_a-exit.o) (_global_impure_ptr)
c:/st/stm32cubeide_1.6.1/stm32cubeide/plugins/com.st.stm32cube.ide.mcu.externaltools.gnu-tools-for-stm32.9-2020-q2-update.win32_2.0.0.202105311346/tools/bin/../lib/gcc/arm-none-eabi/9.3.1/../../../../arm-none-eabi/lib/thumb/v7-m/nofp\libc_nano.a(lib_a-init.o)
                              c:/st/stm32cubeide_1.6.1/stm32cubeide/plugins/com.st.stm32cube.ide.mcu.externaltools.gnu-tools-for-stm32.9-2020-q2-update.win32_2.0.0.202105311346/tools/bin/../lib/gcc/arm-none-eabi/9.3.1/../../../../arm-none-eabi/lib/thumb/v7-m/nofp/crt0.o (__libc_init_array)
c:/st/stm32cubeide_1.6.1/stm32cubeide/plugins/com.st.stm32cube.ide.mcu.externaltools.gnu-tools-for-stm32.9-2020-q2-update.win32_2.0.0.202105311346/tools/bin/../lib/gcc/arm-none-eabi/9.3.1/../../../../arm-none-eabi/lib/thumb/v7-m/nofp\libc_nano.a(lib_a-itoa.o)
                              ./Drivers/FS/fs.o (itoa)
c:/st/stm32cubeide_1.6.1/stm32cubeide/plugins/com.st.stm32cube.ide.mcu.externaltools.gnu-tools-for-stm32.9-2020-q2-update.win32_2.0.0.202105311346/tools/bin/../lib/gcc/arm-none-eabi/9.3.1/../../../../arm-none-eabi/lib/thumb/v7-m/nofp\libc_nano.a(lib_a-memcpy-stub.o)
                              ./Drivers/Uart/uart.o (memcpy)
c:/st/stm32cubeide_1.6.1/stm32cubeide/plugins/com.st.stm32cube.ide.mcu.externaltools.gnu-tools-for-stm32.9-2020-q2-update.win32_2.0.0.202105311346/tools/bin/../lib/gcc/arm-none-eabi/9.3.1/../../../../arm-none-eabi/lib/thumb/v7-m/nofp\libc_nano.a(lib_a-memset.o)
                              c:/st/stm32cubeide_1.6.1/stm32cubeide/plugins/com.st.stm32cube.ide.mcu.externaltools.gnu-tools-for-stm32.9-2020-q2-update.win32_2.0.0.202105311346/tools/bin/../lib/gcc/arm-none-eabi/9.3.1/../../../../arm-none-eabi/lib/thumb/v7-m/nofp/crt0.o (memset)
c:/st/stm32cubeide_1.6.1/stm32cubeide/plugins/com.st.stm32cube.ide.mcu.externaltools.gnu-tools-for-stm32.9-2020-q2-update.win32_2.0.0.202105311346/tools/bin/../lib/gcc/arm-none-eabi/9.3.1/../../../../arm-none-eabi/lib/thumb/v7-m/nofp\libc_nano.a(lib_a-sprintf.o)
                              ./Drivers/Clock/clock.o (sprintf)
c:/st/stm32cubeide_1.6.1/stm32cubeide/plugins/com.st.stm32cube.ide.mcu.externaltools.gnu-tools-for-stm32.9-2020-q2-update.win32_2.0.0.202105311346/tools/bin/../lib/gcc/arm-none-eabi/9.3.1/../../../../arm-none-eabi/lib/thumb/v7-m/nofp\libc_nano.a(lib_a-sscanf.o)
                              ./Drivers/Clock/clock.o (sscanf)
c:/st/stm32cubeide_1.6.1/stm32cubeide/plugins/com.st.stm32cube.ide.mcu.externaltools.gnu-tools-for-stm32.9-2020-q2-update.win32_2.0.0.202105311346/tools/bin/../lib/gcc/arm-none-eabi/9.3.1/../../../../arm-none-eabi/lib/thumb/v7-m/nofp\libc_nano.a(lib_a-stdio.o)
[...]
Memory Configuration

Name             Origin             Length             Attributes
RAM              0x0000000020000000 0x0000000000008000 xrw
FLASH            0x0000000008005000 0x000000000003b000 xr
*default*        0x0000000000000000 0xffffffffffffffff

Linker script and memory map

LOAD c:/st/stm32cubeide_1.6.1/stm32cubeide/plugins/com.st.stm32cube.ide.mcu.externaltools.gnu-tools-for-stm32.9-2020-q2-update.win32_2.0.0.202105311346/tools/bin/../lib/gcc/arm-none-eabi/9.3.1/thumb/v7-m/nofp/crti.o
LOAD c:/st/stm32cubeide_1.6.1/stm32cubeide/plugins/com.st.stm32cube.ide.mcu.externaltools.gnu-tools-for-stm32.9-2020-q2-update.win32_2.0.0.202105311346/tools/bin/../lib/gcc/arm-none-eabi/9.3.1/thumb/v7-m/nofp/crtbegin.o
LOAD c:/st/stm32cubeide_1.6.1/stm32cubeide/plugins/com.st.stm32cube.ide.mcu.externaltools.gnu-tools-for-stm32.9-2020-q2-update.win32_2.0.0.202105311346/tools/bin/../lib/gcc/arm-none-eabi/9.3.1/../../../../arm-none-eabi/lib/thumb/v7-m/nofp/crt0.o
LOAD ./Core/Src/main.o
LOAD ./Core/Src/stm32l1xx_hal_msp.o
LOAD ./Core/Src/stm32l1xx_it.o
LOAD ./Core/Src/syscalls.o
LOAD ./Core/Src/sysmem.o
LOAD ./Core/Src/system_stm32l1xx.o
LOAD ./Core/Startup/startup_stm32l151rctx.o
LOAD ./Drivers/Bluetooth/bluetooth.o
LOAD ./Drivers/Clock/clock.o
LOAD ./Drivers/FS/fs.o
LOAD ./Drivers/FTP/ftp.o
LOAD ./Drivers/Files/files.o
LOAD ./Drivers/GSMLOC/gsmloc.o
LOAD ./Drivers/Gps/gps.o
LOAD ./Drivers/MQTT/mqtt.o
LOAD ./Drivers/Memory/memory.o
LOAD ./Drivers/STM32L1xx_HAL_Driver/Src/stm32l1xx_hal.o
LOAD ./Drivers/STM32L1xx_HAL_Driver/Src/stm32l1xx_hal_adc.o
LOAD ./Drivers/STM32L1xx_HAL_Driver/Src/stm32l1xx_hal_adc_ex.o
LOAD ./Drivers/STM32L1xx_HAL_Driver/Src/stm32l1xx_hal_cortex.o
LOAD ./Drivers/STM32L1xx_HAL_Driver/Src/stm32l1xx_hal_dma.o
LOAD ./Drivers/STM32L1xx_HAL_Driver/Src/stm32l1xx_hal_exti.o
LOAD ./Drivers/STM32L1xx_HAL_Driver/Src/stm32l1xx_hal_flash.o
LOAD ./Drivers/STM32L1xx_HAL_Driver/Src/stm32l1xx_hal_flash_ex.o
LOAD ./Drivers/STM32L1xx_HAL_Driver/Src/stm32l1xx_hal_flash_ramfunc.o
LOAD ./Drivers/STM32L1xx_HAL_Driver/Src/stm32l1xx_hal_gpio.o
LOAD ./Drivers/STM32L1xx_HAL_Driver/Src/stm32l1xx_hal_pwr.o
LOAD ./Drivers/STM32L1xx_HAL_Driver/Src/stm32l1xx_hal_pwr_ex.o
LOAD ./Drivers/STM32L1xx_HAL_Driver/Src/stm32l1xx_hal_rcc.o
LOAD ./Drivers/STM32L1xx_HAL_Driver/Src/stm32l1xx_hal_rcc_ex.o
LOAD ./Drivers/STM32L1xx_HAL_Driver/Src/stm32l1xx_hal_rtc.o
LOAD ./Drivers/STM32L1xx_HAL_Driver/Src/stm32l1xx_hal_rtc_ex.o
LOAD ./Drivers/STM32L1xx_HAL_Driver/Src/stm32l1xx_hal_tim.o
LOAD ./Drivers/STM32L1xx_HAL_Driver/Src/stm32l1xx_hal_tim_ex.o
LOAD ./Drivers/STM32L1xx_HAL_Driver/Src/stm32l1xx_hal_uart.o
LOAD ./Drivers/Sensor/sensor.o
LOAD ./Drivers/Sim868/sim868.o
LOAD ./Drivers/Sleep/sleep.o
LOAD ./Drivers/Uart/uart.o
START GROUP
LOAD c:/st/stm32cubeide_1.6.1/stm32cubeide/plugins/com.st.stm32cube.ide.mcu.externaltools.gnu-tools-for-stm32.9-2020-q2-update.win32_2.0.0.202105311346/tools/bin/../lib/gcc/arm-none-eabi/9.3.1/../../../../arm-none-eabi/lib/thumb/v7-m/nofp\libc_nano.a
LOAD c:/st/stm32cubeide_1.6.1/stm32cubeide/plugins/com.st.stm32cube.ide.mcu.externaltools.gnu-tools-for-stm32.9-2020-q2-update.win32_2.0.0.202105311346/tools/bin/../lib/gcc/arm-none-eabi/9.3.1/../../../../arm-none-eabi/lib/thumb/v7-m/nofp\libm.a
END GROUP
START GROUP
LOAD c:/st/stm32cubeide_1.6.1/stm32cubeide/plugins/com.st.stm32cube.ide.mcu.externaltools.gnu-tools-for-stm32.9-2020-q2-update.win32_2.0.0.202105311346/tools/bin/../lib/gcc/arm-none-eabi/9.3.1/thumb/v7-m/nofp\libgcc.a
LOAD c:/st/stm32cubeide_1.6.1/stm32cubeide/plugins/com.st.stm32cube.ide.mcu.externaltools.gnu-tools-for-stm32.9-2020-q2-update.win32_2.0.0.202105311346/tools/bin/../lib/gcc/arm-none-eabi/9.3.1/../../../../arm-none-eabi/lib/thumb/v7-m/nofp\libc_nano.a
END GROUP
START GROUP
LOAD c:/st/stm32cubeide_1.6.1/stm32cubeide/plugins/com.st.stm32cube.ide.mcu.externaltools.gnu-tools-for-stm32.9-2020-q2-update.win32_2.0.0.202105311346/tools/bin/../lib/gcc/arm-none-eabi/9.3.1/thumb/v7-m/nofp\libgcc.a
LOAD c:/st/stm32cubeide_1.6.1/stm32cubeide/plugins/com.st.stm32cube.ide.mcu.externaltools.gnu-tools-for-stm32.9-2020-q2-update.win32_2.0.0.202105311346/tools/bin/../lib/gcc/arm-none-eabi/9.3.1/../../../../arm-none-eabi/lib/thumb/v7-m/nofp\libc_nano.a
LOAD c:/st/stm32cubeide_1.6.1/stm32cubeide/plugins/com.st.stm32cube.ide.mcu.externaltools.gnu-tools-for-stm32.9-2020-q2-update.win32_2.0.0.202105311346/tools/bin/../lib/gcc/arm-none-eabi/9.3.1/../../../../arm-none-eabi/lib/thumb/v7-m/nofp\libnosys.a
END GROUP
START GROUP
LOAD c:/st/stm32cubeide_1.6.1/stm32cubeide/plugins/com.st.stm32cube.ide.mcu.externaltools.gnu-tools-for-stm32.9-2020-q2-update.win32_2.0.0.202105311346/tools/bin/../lib/gcc/arm-none-eabi/9.3.1/thumb/v7-m/nofp\libgcc.a
LOAD c:/st/stm32cubeide_1.6.1/stm32cubeide/plugins/com.st.stm32cube.ide.mcu.externaltools.gnu-tools-for-stm32.9-2020-q2-update.win32_2.0.0.202105311346/tools/bin/../lib/gcc/arm-none-eabi/9.3.1/../../../../arm-none-eabi/lib/thumb/v7-m/nofp\libc_nano.a
LOAD c:/st/stm32cubeide_1.6.1/stm32cubeide/plugins/com.st.stm32cube.ide.mcu.externaltools.gnu-tools-for-stm32.9-2020-q2-update.win32_2.0.0.202105311346/tools/bin/../lib/gcc/arm-none-eabi/9.3.1/../../../../arm-none-eabi/lib/thumb/v7-m/nofp\libnosys.a
END GROUP
LOAD c:/st/stm32cubeide_1.6.1/stm32cubeide/plugins/com.st.stm32cube.ide.mcu.externaltools.gnu-tools-for-stm32.9-2020-q2-update.win32_2.0.0.202105311346/tools/bin/../lib/gcc/arm-none-eabi/9.3.1/thumb/v7-m/nofp/crtend.o
LOAD c:/st/stm32cubeide_1.6.1/stm32cubeide/plugins/com.st.stm32cube.ide.mcu.externaltools.gnu-tools-for-stm32.9-2020-q2-update.win32_2.0.0.202105311346/tools/bin/../lib/gcc/arm-none-eabi/9.3.1/thumb/v7-m/nofp/crtn.o
                0x0000000020008000                _estack = (ORIGIN (RAM) + LENGTH (RAM))
                0x0000000000000200                _Min_Heap_Size = 0x200
                0x0000000000000400                _Min_Stack_Size = 0x400

.isr_vector     0x0000000008005000      0x13c
                0x0000000008005000                . = ALIGN (0x4)
 *(.isr_vector)
 .isr_vector    0x0000000008005000      0x13c ./Core/Startup/startup_stm32l151rctx.o
                0x0000000008005000                g_pfnVectors
                0x000000000800513c                . = ALIGN (0x4)

.text           0x000000000800513c     0x9848
                0x000000000800513c                . = ALIGN (0x4)
 *(.text)
 .text          0x000000000800513c       0x40 c:/st/stm32cubeide_1.6.1/stm32cubeide/plugins/com.st.stm32cube.ide.mcu.externaltools.gnu-tools-for-stm32.9-2020-q2-update.win32_2.0.0.202105311346/tools/bin/../lib/gcc/arm-none-eabi/9.3.1/thumb/v7-m/nofp/crtbegin.o
 .text          0x000000000800517c       0x14 c:/st/stm32cubeide_1.6.1/stm32cubeide/plugins/com.st.stm32cube.ide.mcu.externaltools.gnu-tools-for-stm32.9-2020-q2-update.win32_2.0.0.202105311346/tools/bin/../lib/gcc/arm-none-eabi/9.3.1/../../../../arm-none-eabi/lib/thumb/v7-m/nofp\libc_nano.a(lib_a-strcmp.o)
                0x000000000800517c                strcmp
 .text          0x0000000008005190       0x10 c:/st/stm32cubeide_1.6.1/stm32cubeide/plugins/com.st.stm32cube.ide.mcu.externaltools.gnu-tools-for-stm32.9-2020-q2-update.win32_2.0.0.202105311346/tools/bin/../lib/gcc/arm-none-eabi/9.3.1/../../../../arm-none-eabi/lib/thumb/v7-m/nofp\libc_nano.a(lib_a-strlen.o)
                0x0000000008005190                strlen
 .text          0x00000000080051a0      0x378 c:/st/stm32cubeide_1.6.1/stm32cubeide/plugins/com.st.stm32cube.ide.mcu.externaltools.gnu-tools-for-stm32.9-2020-q2-update.win32_2.0.0.202105311346/tools/bin/../lib/gcc/arm-none-eabi/9.3.1/thumb/v7-m/nofp\libgcc.a(_arm_addsubdf3.o)
                0x00000000080051a0                __aeabi_drsub
                0x00000000080051a8                __aeabi_dsub
                0x00000000080051a8                __subdf3
                0x00000000080051ac                __aeabi_dadd
                0x00000000080051ac                __adddf3
                0x0000000008005424                __floatunsidf
                0x0000000008005424                __aeabi_ui2d
                0x0000000008005444                __floatsidf
                0x0000000008005444                __aeabi_i2d
                0x0000000008005468                __aeabi_f2d
                0x0000000008005468                __extendsfdf2
                0x00000000080054ac                __floatundidf
                0x00000000080054ac                __aeabi_ul2d
                0x00000000080054bc                __floatdidf
                0x00000000080054bc                __aeabi_l2d
 .text          0x0000000008005518      0x424 c:/st/stm32cubeide_1.6.1/stm32cubeide/plugins/com.st.stm32cube.ide.mcu.externaltools.gnu-tools-for-stm32.9-2020-q2-update.win32_2.0.0.202105311346/tools/bin/../lib/gcc/arm-none-eabi/9.3.1/thumb/v7-m/nofp\libgcc.a(_arm_muldivdf3.o)
                0x0000000008005518                __aeabi_dmul
                0x0000000008005518                __muldf3
                0x000000000800576c                __divdf3
                0x000000000800576c                __aeabi_ddiv
 .text          0x000000000800593c       0x50 c:/st/stm32cubeide_1.6.1/stm32cubeide/plugins/com.st.stm32cube.ide.mcu.externaltools.gnu-tools-for-stm32.9-2020-q2-update.win32_2.0.0.202105311346/tools/bin/../lib/gcc/arm-none-eabi/9.3.1/thumb/v7-m/nofp\libgcc.a(_arm_fixdfsi.o)
                0x000000000800593c                __aeabi_d2iz
                0x000000000800593c                __fixdfsi
 .text          0x000000000800598c       0x30 c:/st/stm32cubeide_1.6.1/stm32cubeide/plugins/com.st.stm32cube.ide.mcu.externaltools.gnu-tools-for-stm32.9-2020-q2-update.win32_2.0.0.202105311346/tools/bin/../lib/gcc/arm-none-eabi/9.3.1/thumb/v7-m/nofp\libgcc.a(_aeabi_uldivmod.o)
                0x000000000800598c                __aeabi_uldivmod
 .text          0x00000000080059bc      0x2c4 c:/st/stm32cubeide_1.6.1/stm32cubeide/plugins/com.st.stm32cube.ide.mcu.externaltools.gnu-tools-for-stm32.9-2020-q2-update.win32_2.0.0.202105311346/tools/bin/../lib/gcc/arm-none-eabi/9.3.1/thumb/v7-m/nofp\libgcc.a(_udivmoddi4.o)
                0x00000000080059bc                __udivmoddi4
 .text          0x0000000008005c80        0x4 c:/st/stm32cubeide_1.6.1/stm32cubeide/plugins/com.st.stm32cube.ide.mcu.externaltools.gnu-tools-for-stm32.9-2020-q2-update.win32_2.0.0.202105311346/tools/bin/../lib/gcc/arm-none-eabi/9.3.1/thumb/v7-m/nofp\libgcc.a(_dvmd_tls.o)
                0x0000000008005c80                __aeabi_idiv0
                0x0000000008005c80                __aeabi_ldiv0
 *(.text*)
 .text.MX_USART1_UART_Init
                0x0000000008005c84       0x34 ./Core/Src/main.o
 .text.MX_USART2_UART_Init
                0x0000000008005cb8       0x34 ./Core/Src/main.o
 .text.MX_USART3_UART_Init
                0x0000000008005cec       0x34 ./Core/Src/main.o
 .text.SystemClock_Config
                0x0000000008005d20       0x9c ./Core/Src/main.o
                0x0000000008005d20                SystemClock_Config
 .text.startup.main
                0x0000000008005dbc      0x480 ./Core/Src/main.o
                0x0000000008005dbc                main
 .text.HAL_RTC_AlarmAEventCallback
                0x000000000800623c        0x2 ./Core/Src/main.o
                0x000000000800623c                HAL_RTC_AlarmAEventCallback
 *fill*         0x000000000800623e        0x2 
 .text.HAL_MspInit
                0x0000000008006240       0x44 ./Core/Src/stm32l1xx_hal_msp.o
                0x0000000008006240                HAL_MspInit
 .text.HAL_ADC_MspInit
                0x0000000008006284       0x60 ./Core/Src/stm32l1xx_hal_msp.o
                0x0000000008006284                HAL_ADC_MspInit
 .text.HAL_RTC_MspInit
                0x00000000080062e4       0x30 ./Core/Src/stm32l1xx_hal_msp.o
                0x00000000080062e4                HAL_RTC_MspInit
 .text.HAL_TIM_Base_MspInit
                0x0000000008006314       0x80 ./Core/Src/stm32l1xx_hal_msp.o
                0x0000000008006314                HAL_TIM_Base_MspInit
 .text.HAL_TIM_PWM_MspInit
                0x0000000008006394       0x28 ./Core/Src/stm32l1xx_hal_msp.o
                0x0000000008006394                HAL_TIM_PWM_MspInit
 .text.HAL_TIM_MspPostInit
                0x00000000080063bc       0x50 ./Core/Src/stm32l1xx_hal_msp.o
                0x00000000080063bc                HAL_TIM_MspPostInit
 .text.HAL_UART_MspInit
                0x000000000800640c      0x138 ./Core/Src/stm32l1xx_hal_msp.o
                0x000000000800640c                HAL_UART_MspInit
 .text.HAL_UART_MspDeInit
                0x0000000008006544       0x80 ./Core/Src/stm32l1xx_hal_msp.o
                0x0000000008006544                HAL_UART_MspDeInit
 .text.NMI_Handler
                0x00000000080065c4        0x8 ./Core/Src/stm32l1xx_it.o
                0x00000000080065c4                NMI_Handler
 .text.HardFault_Handler
                0x00000000080065cc       0x24 ./Core/Src/stm32l1xx_it.o
                0x00000000080065cc                HardFault_Handler
 .text.MemManage_Handler
                0x00000000080065f0        0x2 ./Core/Src/stm32l1xx_it.o
                0x00000000080065f0                MemManage_Handler
 .text.BusFault_Handler
                0x00000000080065f2        0x2 ./Core/Src/stm32l1xx_it.o
                0x00000000080065f2                BusFault_Handler
 .text.UsageFault_Handler
                0x00000000080065f4        0x2 ./Core/Src/stm32l1xx_it.o
                0x00000000080065f4                UsageFault_Handler
 .text.SVC_Handler
                0x00000000080065f6        0x2 ./Core/Src/stm32l1xx_it.o
                0x00000000080065f6                SVC_Handler
 .text.DebugMon_Handler
                0x00000000080065f8        0x2 ./Core/Src/stm32l1xx_it.o
                0x00000000080065f8                DebugMon_Handler
 .text.PendSV_Handler
                0x00000000080065fa        0x2 ./Core/Src/stm32l1xx_it.o
                0x00000000080065fa                PendSV_Handler
 .text.SysTick_Handler
                0x00000000080065fc        0x4 ./Core/Src/stm32l1xx_it.o
                0x00000000080065fc                SysTick_Handler
 .text.EXTI0_IRQHandler
                0x0000000008006600        0x6 ./Core/Src/stm32l1xx_it.o
                0x0000000008006600                EXTI0_IRQHandler
 .text.EXTI3_IRQHandler
                0x0000000008006606        0x6 ./Core/Src/stm32l1xx_it.o
                0x0000000008006606                EXTI3_IRQHandler
 .text.TIM3_IRQHandler
                0x000000000800660c        0xc ./Core/Src/stm32l1xx_it.o
                0x000000000800660c                TIM3_IRQHandler
 .text.USART1_IRQHandler
                0x0000000008006618        0xc ./Core/Src/stm32l1xx_it.o
                0x0000000008006618                USART1_IRQHandler
 .text.USART2_IRQHandler
                0x0000000008006624        0xc ./Core/Src/stm32l1xx_it.o
                0x0000000008006624                USART2_IRQHandler
 .text.USART3_IRQHandler
                0x0000000008006630        0xc ./Core/Src/stm32l1xx_it.o
                0x0000000008006630                USART3_IRQHandler
 .text.RTC_Alarm_IRQHandler
                0x000000000800663c        0xc ./Core/Src/stm32l1xx_it.o
                0x000000000800663c                RTC_Alarm_IRQHandler
 .text._getpid  0x0000000008006648        0x4 ./Core/Src/syscalls.o
                0x0000000008006648                _getpid
 .text._kill    0x000000000800664c       0x10 ./Core/Src/syscalls.o
                0x000000000800664c                _kill
 .text._exit    0x000000000800665c        0xc ./Core/Src/syscalls.o
                0x000000000800665c                _exit
 .text._read    0x0000000008006668       0x1a ./Core/Src/syscalls.o
                0x0000000008006668                _read
 .text._write   0x0000000008006682       0x1a ./Core/Src/syscalls.o
                0x0000000008006682                _write
 .text._close   0x000000000800669c        0x6 ./Core/Src/syscalls.o
                0x000000000800669c                _close
 .text._fstat   0x00000000080066a2        0xa ./Core/Src/syscalls.o
                0x00000000080066a2                _fstat
 .text._isatty  0x00000000080066ac        0x4 ./Core/Src/syscalls.o
                0x00000000080066ac                _isatty
 .text._lseek   0x00000000080066b0        0x4 ./Core/Src/syscalls.o
                0x00000000080066b0                _lseek
 .text._sbrk    0x00000000080066b4       0x40 ./Core/Src/sysmem.o
                0x00000000080066b4                _sbrk
 .text.SystemInit
                0x00000000080066f4        0x2 ./Core/Src/system_stm32l1xx.o
                0x00000000080066f4                SystemInit
 *fill*         0x00000000080066f6        0x2 
 .text.Reset_Handler
                0x00000000080066f8       0x48 ./Core/Startup/startup_stm32l151rctx.o
                0x00000000080066f8                Reset_Handler
 .text.Default_Handler
                0x0000000008006740        0x2 ./Core/Startup/startup_stm32l151rctx.o
                0x0000000008006740                EXTI2_IRQHandler
                0x0000000008006740                COMP_ACQ_IRQHandler
                0x0000000008006740                TIM10_IRQHandler
                0x0000000008006740                USB_HP_IRQHandler
                0x0000000008006740                TIM6_IRQHandler
                0x0000000008006740                PVD_IRQHandler
                0x0000000008006740                I2C2_EV_IRQHandler
                0x0000000008006740                SPI1_IRQHandler
                0x0000000008006740                USB_FS_WKUP_IRQHandler
                0x0000000008006740                DMA2_Channel2_IRQHandler
                0x0000000008006740                DMA1_Channel4_IRQHandler
                0x0000000008006740                ADC1_IRQHandler
                0x0000000008006740                DMA1_Channel7_IRQHandler
                0x0000000008006740                TIM4_IRQHandler
                0x0000000008006740                DMA2_Channel1_IRQHandler
                0x0000000008006740                I2C1_EV_IRQHandler
                0x0000000008006740                DMA1_Channel6_IRQHandler
                0x0000000008006740                DMA2_Channel4_IRQHandler
                0x0000000008006740                RCC_IRQHandler
                0x0000000008006740                DMA1_Channel1_IRQHandler
                0x0000000008006740                Default_Handler
                0x0000000008006740                EXTI15_10_IRQHandler
                0x0000000008006740                TIM7_IRQHandler
                0x0000000008006740                TIM5_IRQHandler
                0x0000000008006740                EXTI9_5_IRQHandler
                0x0000000008006740                TIM9_IRQHandler
                0x0000000008006740                TAMPER_STAMP_IRQHandler
                0x0000000008006740                RTC_WKUP_IRQHandler
                0x0000000008006740                SPI2_IRQHandler
                0x0000000008006740                DMA2_Channel5_IRQHandler
                0x0000000008006740                DMA1_Channel5_IRQHandler
                0x0000000008006740                USB_LP_IRQHandler
                0x0000000008006740                EXTI4_IRQHandler
                0x0000000008006740                DMA1_Channel3_IRQHandler
                0x0000000008006740                COMP_IRQHandler
                0x0000000008006740                WWDG_IRQHandler
                0x0000000008006740                TIM2_IRQHandler
                0x0000000008006740                DAC_IRQHandler
                0x0000000008006740                EXTI1_IRQHandler
                0x0000000008006740                TIM11_IRQHandler
                0x0000000008006740                I2C2_ER_IRQHandler
                0x0000000008006740                DMA1_Channel2_IRQHandler
                0x0000000008006740                FLASH_IRQHandler
                0x0000000008006740                SPI3_IRQHandler
                0x0000000008006740                I2C1_ER_IRQHandler
                0x0000000008006740                DMA2_Channel3_IRQHandler
 *fill*         0x0000000008006742        0x2 
 .text.__NVIC_SystemReset
                0x0000000008006744       0x24 ./Drivers/Bluetooth/bluetooth.o
 .text.BTPowerOn
                0x0000000008006768       0x70 ./Drivers/Bluetooth/bluetooth.o
                0x0000000008006768                BTPowerOn
 .text.sendSpp  0x00000000080067d8      0x700 ./Drivers/Bluetooth/bluetooth.o
                0x00000000080067d8                sendSpp
 .text.updateConnectedDeviceID
                0x0000000008006ed8      0x124 ./Drivers/Bluetooth/bluetooth.o
                0x0000000008006ed8                updateConnectedDeviceID
 .text.getBTRSII
                0x0000000008006ffc       0x70 ./Drivers/Bluetooth/bluetooth.o
                0x0000000008006ffc                getBTRSII
 .text.call     0x000000000800706c       0x4c ./Drivers/Bluetooth/bluetooth.o
                0x000000000800706c                call
 .text.bluetoothMode
                0x00000000080070b8      0x8bc ./Drivers/Bluetooth/bluetooth.o
                0x00000000080070b8                bluetoothMode
 .text.getTime  0x0000000008007974       0x50 ./Drivers/Clock/clock.o
                0x0000000008007974                getTime
 .text.setTime  0x00000000080079c4       0x68 ./Drivers/Clock/clock.o
                0x00000000080079c4                setTime
 .text.fsCreate
                0x0000000008007a2c       0x68 ./Drivers/FS/fs.o
                0x0000000008007a2c                fsCreate
 .text.fsRead   0x0000000008007a94      0x104 ./Drivers/FS/fs.o
                0x0000000008007a94                fsRead
 .text.fsWrite  0x0000000008007b98       0xb0 ./Drivers/FS/fs.o
                0x0000000008007b98                fsWrite
 .text.__NVIC_SystemReset
                0x0000000008007c48       0x24 ./Drivers/FTP/ftp.o
 .text.removeBoot
                0x0000000008007c6c       0x44 ./Drivers/FTP/ftp.o
                0x0000000008007c6c                removeBoot
 .text.removeFirst
                0x0000000008007cb0       0x5c ./Drivers/FTP/ftp.o
                0x0000000008007cb0                removeFirst
 .text.readConfig
                0x0000000008007d0c      0x2c0 ./Drivers/Files/files.o
                0x0000000008007d0c                readConfig
 .text.writeConfig
                0x0000000008007fcc      0x32c ./Drivers/Files/files.o
                0x0000000008007fcc                writeConfig
 .text.readTable
                0x00000000080082f8       0x54 ./Drivers/Files/files.o
                0x00000000080082f8                readTable
 .text.writeTable
                0x000000000800834c       0x74 ./Drivers/Files/files.o
                0x000000000800834c                writeTable
 .text.defaultParam
                0x00000000080083c0      0x220 ./Drivers/Files/files.o
                0x00000000080083c0                defaultParam
 .text.defaultTable
                0x00000000080085e0       0x14 ./Drivers/Files/files.o
                0x00000000080085e0                defaultTable
 .text.updateConfig
                0x00000000080085f4        0xe ./Drivers/Files/files.o
                0x00000000080085f4                updateConfig
 .text.updateTable
                0x0000000008008602        0xe ./Drivers/Files/files.o
                0x0000000008008602                updateTable
 .text.getgsmloc
                0x0000000008008610       0x84 ./Drivers/GSMLOC/gsmloc.o
                0x0000000008008610                getgsmloc
 .text.updateTime
                0x0000000008008694       0xc8 ./Drivers/Gps/gps.o
                0x0000000008008694                updateTime
 .text.gpsPowerOn
                0x000000000800875c       0x40 ./Drivers/Gps/gps.o
                0x000000000800875c                gpsPowerOn
 .text.NMEA     0x000000000800879c       0xa8 ./Drivers/Gps/gps.o
                0x000000000800879c                NMEA
 .text.dataConnect
                0x0000000008008844      0x1ac ./Drivers/MQTT/mqtt.o
                0x0000000008008844                dataConnect
 .text.dataDisconnect
                0x00000000080089f0       0x4c ./Drivers/MQTT/mqtt.o
                0x00000000080089f0                dataDisconnect
 .text.mqttConnect
                0x0000000008008a3c      0x1d0 ./Drivers/MQTT/mqtt.o
                0x0000000008008a3c                mqttConnect
 .text.mqttDisconnect
                0x0000000008008c0c       0x70 ./Drivers/MQTT/mqtt.o
                0x0000000008008c0c                mqttDisconnect
 .text.mqttSend
                0x0000000008008c7c      0x810 ./Drivers/MQTT/mqtt.o
                0x0000000008008c7c                mqttSend
 .text.setPos   0x000000000800948c       0x24 ./Drivers/Memory/memory.o
                0x000000000800948c                setPos
 .text.defaulLog
                0x00000000080094b0       0x18 ./Drivers/Memory/memory.o
                0x00000000080094b0                defaulLog
 .text.HAL_MspDeInit
                0x00000000080094c8        0x2 ./Drivers/STM32L1xx_HAL_Driver/Src/stm32l1xx_hal.o
                0x00000000080094c8                HAL_MspDeInit
 *fill*         0x00000000080094ca        0x2 
 .text.HAL_DeInit
                0x00000000080094cc       0x24 ./Drivers/STM32L1xx_HAL_Driver/Src/stm32l1xx_hal.o
                0x00000000080094cc                HAL_DeInit
 .text.HAL_InitTick
                0x00000000080094f0       0x4c ./Drivers/STM32L1xx_HAL_Driver/Src/stm32l1xx_hal.o
                0x00000000080094f0                HAL_InitTick
 .text.HAL_Init
                0x000000000800953c       0x1e ./Drivers/STM32L1xx_HAL_Driver/Src/stm32l1xx_hal.o
                0x000000000800953c                HAL_Init
 *fill*         0x000000000800955a        0x2 
 .text.HAL_IncTick
                0x000000000800955c       0x18 ./Drivers/STM32L1xx_HAL_Driver/Src/stm32l1xx_hal.o
                0x000000000800955c                HAL_IncTick
 .text.HAL_GetTick
                0x0000000008009574        0xc ./Drivers/STM32L1xx_HAL_Driver/Src/stm32l1xx_hal.o
                0x0000000008009574                HAL_GetTick
 .text.HAL_Delay
                0x0000000008009580       0x24 ./Drivers/STM32L1xx_HAL_Driver/Src/stm32l1xx_hal.o
                0x0000000008009580                HAL_Delay
 .text.HAL_ADC_Init
                0x00000000080095a4      0x184 ./Drivers/STM32L1xx_HAL_Driver/Src/stm32l1xx_hal_adc.o
                0x00000000080095a4                HAL_ADC_Init
 .text.HAL_ADC_PollForConversion
                0x0000000008009728       0xac ./Drivers/STM32L1xx_HAL_Driver/Src/stm32l1xx_hal_adc.o
                0x0000000008009728                HAL_ADC_PollForConversion
 .text.HAL_ADC_GetValue
                0x00000000080097d4        0x6 ./Drivers/STM32L1xx_HAL_Driver/Src/stm32l1xx_hal_adc.o
                0x00000000080097d4                HAL_ADC_GetValue
 *fill*         0x00000000080097da        0x2 
 .text.HAL_ADC_ConfigChannel
                0x00000000080097dc      0x154 ./Drivers/STM32L1xx_HAL_Driver/Src/stm32l1xx_hal_adc.o
                0x00000000080097dc                HAL_ADC_ConfigChannel
 .text.ADC_Enable
                0x0000000008009930       0x7c ./Drivers/STM32L1xx_HAL_Driver/Src/stm32l1xx_hal_adc.o
                0x0000000008009930                ADC_Enable
 .text.HAL_ADC_Start
                0x00000000080099ac       0x6e ./Drivers/STM32L1xx_HAL_Driver/Src/stm32l1xx_hal_adc.o
                0x00000000080099ac                HAL_ADC_Start
 *fill*         0x0000000008009a1a        0x2 
 .text.HAL_NVIC_SetPriorityGrouping
                0x0000000008009a1c       0x24 ./Drivers/STM32L1xx_HAL_Driver/Src/stm32l1xx_hal_cortex.o
                0x0000000008009a1c                HAL_NVIC_SetPriorityGrouping
 .text.HAL_NVIC_SetPriority
                0x0000000008009a40       0x64 ./Drivers/STM32L1xx_HAL_Driver/Src/stm32l1xx_hal_cortex.o
                0x0000000008009a40                HAL_NVIC_SetPriority
 .text.HAL_NVIC_EnableIRQ
                0x0000000008009aa4       0x1c ./Drivers/STM32L1xx_HAL_Driver/Src/stm32l1xx_hal_cortex.o
                0x0000000008009aa4                HAL_NVIC_EnableIRQ
 .text.HAL_NVIC_DisableIRQ
                0x0000000008009ac0       0x28 ./Drivers/STM32L1xx_HAL_Driver/Src/stm32l1xx_hal_cortex.o
                0x0000000008009ac0                HAL_NVIC_DisableIRQ
 .text.HAL_SYSTICK_Config
                0x0000000008009ae8       0x2c ./Drivers/STM32L1xx_HAL_Driver/Src/stm32l1xx_hal_cortex.o
                0x0000000008009ae8                HAL_SYSTICK_Config
 .text.HAL_DMA_Abort
                0x0000000008009b14       0x46 ./Drivers/STM32L1xx_HAL_Driver/Src/stm32l1xx_hal_dma.o
                0x0000000008009b14                HAL_DMA_Abort
 .text.HAL_DMA_Abort_IT
                0x0000000008009b5a       0x4c ./Drivers/STM32L1xx_HAL_Driver/Src/stm32l1xx_hal_dma.o
                0x0000000008009b5a                HAL_DMA_Abort_IT
 *fill*         0x0000000008009ba6        0x2 
 .text.FLASH_SetErrorCode
                0x0000000008009ba8       0x90 ./Drivers/STM32L1xx_HAL_Driver/Src/stm32l1xx_hal_flash.o
 .text.FLASH_WaitForLastOperation
                0x0000000008009c38       0x68 ./Drivers/STM32L1xx_HAL_Driver/Src/stm32l1xx_hal_flash.o
                0x0000000008009c38                FLASH_WaitForLastOperation
 .text.HAL_FLASHEx_DATAEEPROM_Unlock
                0x0000000008009ca0       0x24 ./Drivers/STM32L1xx_HAL_Driver/Src/stm32l1xx_hal_flash_ex.o
                0x0000000008009ca0                HAL_FLASHEx_DATAEEPROM_Unlock
 .text.HAL_FLASHEx_DATAEEPROM_Lock
                0x0000000008009cc4       0x14 ./Drivers/STM32L1xx_HAL_Driver/Src/stm32l1xx_hal_flash_ex.o
                0x0000000008009cc4                HAL_FLASHEx_DATAEEPROM_Lock
 .text.HAL_FLASHEx_DATAEEPROM_Program
                0x0000000008009cd8       0xd0 ./Drivers/STM32L1xx_HAL_Driver/Src/stm32l1xx_hal_flash_ex.o
                0x0000000008009cd8                HAL_FLASHEx_DATAEEPROM_Program
 .text.HAL_GPIO_Init
                0x0000000008009da8      0x190 ./Drivers/STM32L1xx_HAL_Driver/Src/stm32l1xx_hal_gpio.o
                0x0000000008009da8                HAL_GPIO_Init
 .text.HAL_GPIO_DeInit
                0x0000000008009f38       0xf8 ./Drivers/STM32L1xx_HAL_Driver/Src/stm32l1xx_hal_gpio.o
                0x0000000008009f38                HAL_GPIO_DeInit
 .text.HAL_GPIO_ReadPin
                0x000000000800a030        0xc ./Drivers/STM32L1xx_HAL_Driver/Src/stm32l1xx_hal_gpio.o
                0x000000000800a030                HAL_GPIO_ReadPin
 .text.HAL_GPIO_WritePin
                0x000000000800a03c        0xa ./Drivers/STM32L1xx_HAL_Driver/Src/stm32l1xx_hal_gpio.o
                0x000000000800a03c                HAL_GPIO_WritePin
 .text.HAL_GPIO_TogglePin
                0x000000000800a046       0x12 ./Drivers/STM32L1xx_HAL_Driver/Src/stm32l1xx_hal_gpio.o
                0x000000000800a046                HAL_GPIO_TogglePin
 .text.HAL_GPIO_EXTI_IRQHandler
                0x000000000800a058       0x18 ./Drivers/STM32L1xx_HAL_Driver/Src/stm32l1xx_hal_gpio.o
                0x000000000800a058                HAL_GPIO_EXTI_IRQHandler
 .text.RCC_SetFlashLatencyFromMSIRange
                0x000000000800a070       0x80 ./Drivers/STM32L1xx_HAL_Driver/Src/stm32l1xx_hal_rcc.o
 .text.HAL_RCC_DeInit
                0x000000000800a0f0       0xbc ./Drivers/STM32L1xx_HAL_Driver/Src/stm32l1xx_hal_rcc.o
                0x000000000800a0f0                HAL_RCC_DeInit
 .text.HAL_RCC_OscConfig
                0x000000000800a1ac      0x43c ./Drivers/STM32L1xx_HAL_Driver/Src/stm32l1xx_hal_rcc.o
                0x000000000800a1ac                HAL_RCC_OscConfig
 .text.HAL_RCC_EnableCSS
                0x000000000800a5e8        0xc ./Drivers/STM32L1xx_HAL_Driver/Src/stm32l1xx_hal_rcc.o
                0x000000000800a5e8                HAL_RCC_EnableCSS
 .text.HAL_RCC_GetSysClockFreq
                0x000000000800a5f4       0x70 ./Drivers/STM32L1xx_HAL_Driver/Src/stm32l1xx_hal_rcc.o
                0x000000000800a5f4                HAL_RCC_GetSysClockFreq
 .text.HAL_RCC_ClockConfig
                0x000000000800a664      0x184 ./Drivers/STM32L1xx_HAL_Driver/Src/stm32l1xx_hal_rcc.o
                0x000000000800a664                HAL_RCC_ClockConfig
 .text.HAL_RCC_GetPCLK1Freq
                0x000000000800a7e8       0x20 ./Drivers/STM32L1xx_HAL_Driver/Src/stm32l1xx_hal_rcc.o
                0x000000000800a7e8                HAL_RCC_GetPCLK1Freq
 .text.HAL_RCC_GetPCLK2Freq
                0x000000000800a808       0x20 ./Drivers/STM32L1xx_HAL_Driver/Src/stm32l1xx_hal_rcc.o
                0x000000000800a808                HAL_RCC_GetPCLK2Freq
 .text.HAL_RCC_CSSCallback
                0x000000000800a828        0x2 ./Drivers/STM32L1xx_HAL_Driver/Src/stm32l1xx_hal_rcc.o
                0x000000000800a828                HAL_RCC_CSSCallback
 *fill*         0x000000000800a82a        0x2 
 .text.HAL_RCC_NMI_IRQHandler
                0x000000000800a82c       0x20 ./Drivers/STM32L1xx_HAL_Driver/Src/stm32l1xx_hal_rcc.o
                0x000000000800a82c                HAL_RCC_NMI_IRQHandler
 .text.HAL_RCCEx_PeriphCLKConfig
                0x000000000800a84c      0x118 ./Drivers/STM32L1xx_HAL_Driver/Src/stm32l1xx_hal_rcc_ex.o
                0x000000000800a84c                HAL_RCCEx_PeriphCLKConfig
 .text.HAL_RCCEx_EnableLSECSS
                0x000000000800a964        0xc ./Drivers/STM32L1xx_HAL_Driver/Src/stm32l1xx_hal_rcc_ex.o
                0x000000000800a964                HAL_RCCEx_EnableLSECSS
 .text.HAL_RTC_AlarmIRQHandler
                0x000000000800a970       0x54 ./Drivers/STM32L1xx_HAL_Driver/Src/stm32l1xx_hal_rtc.o
                0x000000000800a970                HAL_RTC_AlarmIRQHandler
 .text.HAL_RTC_WaitForSynchro
                0x000000000800a9c4       0x36 ./Drivers/STM32L1xx_HAL_Driver/Src/stm32l1xx_hal_rtc.o
                0x000000000800a9c4                HAL_RTC_WaitForSynchro
 .text.RTC_EnterInitMode
                0x000000000800a9fa       0x34 ./Drivers/STM32L1xx_HAL_Driver/Src/stm32l1xx_hal_rtc.o
                0x000000000800a9fa                RTC_EnterInitMode
 .text.HAL_RTC_Init
                0x000000000800aa2e       0x9c ./Drivers/STM32L1xx_HAL_Driver/Src/stm32l1xx_hal_rtc.o
                0x000000000800aa2e                HAL_RTC_Init
 .text.RTC_ByteToBcd2
                0x000000000800aaca       0x16 ./Drivers/STM32L1xx_HAL_Driver/Src/stm32l1xx_hal_rtc.o
                0x000000000800aaca                RTC_ByteToBcd2
 .text.HAL_RTC_SetTime
                0x000000000800aae0       0xce ./Drivers/STM32L1xx_HAL_Driver/Src/stm32l1xx_hal_rtc.o
                0x000000000800aae0                HAL_RTC_SetTime
 .text.HAL_RTC_SetDate
                0x000000000800abae       0xae ./Drivers/STM32L1xx_HAL_Driver/Src/stm32l1xx_hal_rtc.o
                0x000000000800abae                HAL_RTC_SetDate
 .text.HAL_RTC_SetAlarm_IT
                0x000000000800ac5c      0x164 ./Drivers/STM32L1xx_HAL_Driver/Src/stm32l1xx_hal_rtc.o
                0x000000000800ac5c                HAL_RTC_SetAlarm_IT
 .text.RTC_Bcd2ToByte
                0x000000000800adc0       0x10 ./Drivers/STM32L1xx_HAL_Driver/Src/stm32l1xx_hal_rtc.o
                0x000000000800adc0                RTC_Bcd2ToByte
 .text.HAL_RTC_GetTime
                0x000000000800add0       0x4c ./Drivers/STM32L1xx_HAL_Driver/Src/stm32l1xx_hal_rtc.o
                0x000000000800add0                HAL_RTC_GetTime
 .text.HAL_RTC_GetDate
                0x000000000800ae1c       0x3a ./Drivers/STM32L1xx_HAL_Driver/Src/stm32l1xx_hal_rtc.o
                0x000000000800ae1c                HAL_RTC_GetDate
 .text.HAL_RTCEx_AlarmBEventCallback
                0x000000000800ae56        0x2 ./Drivers/STM32L1xx_HAL_Driver/Src/stm32l1xx_hal_rtc_ex.o
                0x000000000800ae56                HAL_RTCEx_AlarmBEventCallback
 .text.TIM_Base_SetConfig
                0x000000000800ae58       0x8c ./Drivers/STM32L1xx_HAL_Driver/Src/stm32l1xx_hal_tim.o
 .text.TIM_OC1_SetConfig
                0x000000000800aee4       0x2c ./Drivers/STM32L1xx_HAL_Driver/Src/stm32l1xx_hal_tim.o
 .text.TIM_OC2_SetConfig
                0x000000000800af10       0x30 ./Drivers/STM32L1xx_HAL_Driver/Src/stm32l1xx_hal_tim.o
 .text.TIM_CCxChannelCmd
                0x000000000800af40       0x1c ./Drivers/STM32L1xx_HAL_Driver/Src/stm32l1xx_hal_tim.o
 .text.HAL_TIM_Base_Init
                0x000000000800af5c       0x48 ./Drivers/STM32L1xx_HAL_Driver/Src/stm32l1xx_hal_tim.o
                0x000000000800af5c                HAL_TIM_Base_Init
 .text.HAL_TIM_Base_Start
                0x000000000800afa4       0x4c ./Drivers/STM32L1xx_HAL_Driver/Src/stm32l1xx_hal_tim.o
                0x000000000800afa4                HAL_TIM_Base_Start
 .text.HAL_TIM_Base_Start_IT
                0x000000000800aff0       0x54 ./Drivers/STM32L1xx_HAL_Driver/Src/stm32l1xx_hal_tim.o
                0x000000000800aff0                HAL_TIM_Base_Start_IT
 .text.HAL_TIM_Base_Stop_IT
                0x000000000800b044       0x26 ./Drivers/STM32L1xx_HAL_Driver/Src/stm32l1xx_hal_tim.o
                0x000000000800b044                HAL_TIM_Base_Stop_IT
 *fill*         0x000000000800b06a        0x2 
 .text.HAL_TIM_OC_Start
                0x000000000800b06c       0x90 ./Drivers/STM32L1xx_HAL_Driver/Src/stm32l1xx_hal_tim.o
                0x000000000800b06c                HAL_TIM_OC_Start
 .text.HAL_TIM_OC_Stop
                0x000000000800b0fc       0x46 ./Drivers/STM32L1xx_HAL_Driver/Src/stm32l1xx_hal_tim.o
                0x000000000800b0fc                HAL_TIM_OC_Stop
 .text.HAL_TIM_PWM_Init
                0x000000000800b142       0x48 ./Drivers/STM32L1xx_HAL_Driver/Src/stm32l1xx_hal_tim.o
                0x000000000800b142                HAL_TIM_PWM_Init
 .text.HAL_TIM_PWM_Start
                0x000000000800b18a        0x4 ./Drivers/STM32L1xx_HAL_Driver/Src/stm32l1xx_hal_tim.o
                0x000000000800b18a                HAL_TIM_PWM_Start
 .text.HAL_TIM_PWM_Stop
                0x000000000800b18e        0x4 ./Drivers/STM32L1xx_HAL_Driver/Src/stm32l1xx_hal_tim.o
                0x000000000800b18e                HAL_TIM_PWM_Stop
 .text.HAL_TIM_PWM_ConfigChannel
                0x000000000800b192      0x102 ./Drivers/STM32L1xx_HAL_Driver/Src/stm32l1xx_hal_tim.o
                0x000000000800b192                HAL_TIM_PWM_ConfigChannel
 .text.HAL_TIM_ConfigClockSource
                0x000000000800b294      0x13a ./Drivers/STM32L1xx_HAL_Driver/Src/stm32l1xx_hal_tim.o
                0x000000000800b294                HAL_TIM_ConfigClockSource
 .text.HAL_TIM_OC_DelayElapsedCallback
                0x000000000800b3ce        0x2 ./Drivers/STM32L1xx_HAL_Driver/Src/stm32l1xx_hal_tim.o
                0x000000000800b3ce                HAL_TIM_OC_DelayElapsedCallback
 .text.HAL_TIM_IC_CaptureCallback
                0x000000000800b3d0        0x2 ./Drivers/STM32L1xx_HAL_Driver/Src/stm32l1xx_hal_tim.o
                0x000000000800b3d0                HAL_TIM_IC_CaptureCallback
 .text.HAL_TIM_PWM_PulseFinishedCallback
                0x000000000800b3d2        0x2 ./Drivers/STM32L1xx_HAL_Driver/Src/stm32l1xx_hal_tim.o
                0x000000000800b3d2                HAL_TIM_PWM_PulseFinishedCallback
 .text.HAL_TIM_TriggerCallback
                0x000000000800b3d4        0x2 ./Drivers/STM32L1xx_HAL_Driver/Src/stm32l1xx_hal_tim.o
                0x000000000800b3d4                HAL_TIM_TriggerCallback
 .text.HAL_TIM_IRQHandler
                0x000000000800b3d6      0x10c ./Drivers/STM32L1xx_HAL_Driver/Src/stm32l1xx_hal_tim.o
                0x000000000800b3d6                HAL_TIM_IRQHandler
 *fill*         0x000000000800b4e2        0x2 
 .text.HAL_TIMEx_MasterConfigSynchronization
                0x000000000800b4e4       0x5c ./Drivers/STM32L1xx_HAL_Driver/Src/stm32l1xx_hal_tim_ex.o
                0x000000000800b4e4                HAL_TIMEx_MasterConfigSynchronization
 .text.UART_EndRxTransfer
                0x000000000800b540       0x2c ./Drivers/STM32L1xx_HAL_Driver/Src/stm32l1xx_hal_uart.o
 .text.UART_SetConfig
                0x000000000800b56c       0xa8 ./Drivers/STM32L1xx_HAL_Driver/Src/stm32l1xx_hal_uart.o
 .text.UART_WaitOnFlagUntilTimeout.constprop.0
                0x000000000800b614       0x50 ./Drivers/STM32L1xx_HAL_Driver/Src/stm32l1xx_hal_uart.o
 .text.HAL_UART_Init
                0x000000000800b664       0x5c ./Drivers/STM32L1xx_HAL_Driver/Src/stm32l1xx_hal_uart.o
                0x000000000800b664                HAL_UART_Init
 .text.HAL_UART_DeInit
                0x000000000800b6c0       0x32 ./Drivers/STM32L1xx_HAL_Driver/Src/stm32l1xx_hal_uart.o
                0x000000000800b6c0                HAL_UART_DeInit
 .text.HAL_UART_Transmit
                0x000000000800b6f2       0xaa ./Drivers/STM32L1xx_HAL_Driver/Src/stm32l1xx_hal_uart.o
                0x000000000800b6f2                HAL_UART_Transmit
 .text.HAL_UART_Transmit_IT
                0x000000000800b79c       0x3e ./Drivers/STM32L1xx_HAL_Driver/Src/stm32l1xx_hal_uart.o
                0x000000000800b79c                HAL_UART_Transmit_IT
 .text.HAL_UART_ErrorCallback
                0x000000000800b7da        0x2 ./Drivers/STM32L1xx_HAL_Driver/Src/stm32l1xx_hal_uart.o
                0x000000000800b7da                HAL_UART_ErrorCallback
 .text.UART_DMAAbortOnError
                0x000000000800b7dc       0x10 ./Drivers/STM32L1xx_HAL_Driver/Src/stm32l1xx_hal_uart.o
 .text.HAL_UART_AbortReceiveCpltCallback
                0x000000000800b7ec        0x2 ./Drivers/STM32L1xx_HAL_Driver/Src/stm32l1xx_hal_uart.o
                0x000000000800b7ec                HAL_UART_AbortReceiveCpltCallback
 *fill*         0x000000000800b7ee        0x2 
 .text.HAL_UART_AbortReceive_IT
                0x000000000800b7f0       0x70 ./Drivers/STM32L1xx_HAL_Driver/Src/stm32l1xx_hal_uart.o
                0x000000000800b7f0                HAL_UART_AbortReceive_IT
 .text.UART_DMARxOnlyAbortCallback
                0x000000000800b860       0x16 ./Drivers/STM32L1xx_HAL_Driver/Src/stm32l1xx_hal_uart.o
 .text.HAL_UARTEx_RxEventCallback
                0x000000000800b876        0x2 ./Drivers/STM32L1xx_HAL_Driver/Src/stm32l1xx_hal_uart.o
                0x000000000800b876                HAL_UARTEx_RxEventCallback
 .text.UART_Receive_IT
                0x000000000800b878       0xa4 ./Drivers/STM32L1xx_HAL_Driver/Src/stm32l1xx_hal_uart.o
 .text.HAL_UART_IRQHandler
                0x000000000800b91c      0x200 ./Drivers/STM32L1xx_HAL_Driver/Src/stm32l1xx_hal_uart.o
                0x000000000800b91c                HAL_UART_IRQHandler
 .text.UART_Start_Receive_IT
                0x000000000800bb1c       0x32 ./Drivers/STM32L1xx_HAL_Driver/Src/stm32l1xx_hal_uart.o
                0x000000000800bb1c                UART_Start_Receive_IT
 .text.HAL_UART_Receive_IT
                0x000000000800bb4e       0x30 ./Drivers/STM32L1xx_HAL_Driver/Src/stm32l1xx_hal_uart.o
                0x000000000800bb4e                HAL_UART_Receive_IT
 *fill*         0x000000000800bb7e        0x2 
 .text.getSath  0x000000000800bb80      0x448 ./Drivers/Sensor/sensor.o
                0x000000000800bb80                getSath
 .text.measureAll
                0x000000000800bfc8       0x20 ./Drivers/Sensor/sensor.o
                0x000000000800bfc8                measureAll
 .text.delay    0x000000000800bfe8       0x14 ./Drivers/Sensor/sensor.o
                0x000000000800bfe8                delay
 .text.send7bits
                0x000000000800bffc       0x3c ./Drivers/Sensor/sensor.o
                0x000000000800bffc                send7bits
 .text.changeWellVer
                0x000000000800c038       0xa8 ./Drivers/Sensor/sensor.o
                0x000000000800c038                changeWellVer
 .text.ledsOn   0x000000000800c0e0       0x10 ./Drivers/Sim868/sim868.o
                0x000000000800c0e0                ledsOn
 .text.sim868On
                0x000000000800c0f0       0x5c ./Drivers/Sim868/sim868.o
                0x000000000800c0f0                sim868On
 .text.sensorOn
                0x000000000800c14c       0x20 ./Drivers/Sim868/sim868.o
                0x000000000800c14c                sensorOn
 .text.sensorOff
                0x000000000800c16c       0x20 ./Drivers/Sim868/sim868.o
                0x000000000800c16c                sensorOff
 .text.sim868Off
                0x000000000800c18c       0x50 ./Drivers/Sim868/sim868.o
                0x000000000800c18c                sim868Off
 .text.sim868Init
                0x000000000800c1dc      0x128 ./Drivers/Sim868/sim868.o
                0x000000000800c1dc                sim868Init
 .text.getIMEI  0x000000000800c304       0x48 ./Drivers/Sim868/sim868.o
                0x000000000800c304                getIMEI
 .text.getPNUM  0x000000000800c34c       0x54 ./Drivers/Sim868/sim868.o
                0x000000000800c34c                getPNUM
 .text.getTemp  0x000000000800c3a0       0x6c ./Drivers/Sim868/sim868.o
                0x000000000800c3a0                getTemp
 .text.getADC   0x000000000800c40c       0xac ./Drivers/Sim868/sim868.o
                0x000000000800c40c                getADC
 .text.getSig   0x000000000800c4b8       0x54 ./Drivers/Sim868/sim868.o
                0x000000000800c4b8                getSig
 .text.getSleepParametrs
                0x000000000800c50c       0x4c ./Drivers/Sleep/sleep.o
                0x000000000800c50c                getSleepParametrs
 .text.__NVIC_SystemReset
                0x000000000800c558       0x24 ./Drivers/Uart/uart.o
 .text.HAL_UART_RxCpltCallback
                0x000000000800c57c       0xb8 ./Drivers/Uart/uart.o
                0x000000000800c57c                HAL_UART_RxCpltCallback
 .text.HAL_UART_TxCpltCallback
                0x000000000800c634        0xc ./Drivers/Uart/uart.o
                0x000000000800c634                HAL_UART_TxCpltCallback
 .text.HAL_GPIO_EXTI_Callback
                0x000000000800c640       0x5c ./Drivers/Uart/uart.o
                0x000000000800c640                HAL_GPIO_EXTI_Callback
 .text.HAL_TIM_PeriodElapsedCallback
                0x000000000800c69c       0x20 ./Drivers/Uart/uart.o
                0x000000000800c69c                HAL_TIM_PeriodElapsedCallback
 .text.tx       0x000000000800c6bc       0x40 ./Drivers/Uart/uart.o
                0x000000000800c6bc                tx
 .text.rx       0x000000000800c6fc       0xac ./Drivers/Uart/uart.o
                0x000000000800c6fc                rx
 .text.buzzOn   0x000000000800c7a8        0xc ./Drivers/Uart/uart.o
                0x000000000800c7a8                buzzOn
 .text.buzzOff  0x000000000800c7b4        0xc ./Drivers/Uart/uart.o
                0x000000000800c7b4                buzzOff
 .text.Initialize
                0x000000000800c7c0      0x1b0 ./Drivers/Uart/uart.o
                0x000000000800c7c0                Initialize
 .text.rxr      0x000000000800c970       0x10 ./Drivers/Uart/uart.o
                0x000000000800c970                rxr
 .text.txr      0x000000000800c980       0x10 ./Drivers/Uart/uart.o
                0x000000000800c980                txr
 .text.bootUp   0x000000000800c990       0xa8 ./Drivers/Uart/uart.o
                0x000000000800c990                bootUp
 .text.atoi     0x000000000800ca38        0x8 c:/st/stm32cubeide_1.6.1/stm32cubeide/plugins/com.st.stm32cube.ide.mcu.externaltools.gnu-tools-for-stm32.9-2020-q2-update.win32_2.0.0.202105311346/tools/bin/../lib/gcc/arm-none-eabi/9.3.1/../../../../arm-none-eabi/lib/thumb/v7-m/nofp\libc_nano.a(lib_a-atoi.o)
                0x000000000800ca38                atoi
 .text.atol     0x000000000800ca40        0x8 c:/st/stm32cubeide_1.6.1/stm32cubeide/plugins/com.st.stm32cube.ide.mcu.externaltools.gnu-tools-for-stm32.9-2020-q2-update.win32_2.0.0.202105311346/tools/bin/../lib/gcc/arm-none-eabi/9.3.1/../../../../arm-none-eabi/lib/thumb/v7-m/nofp\libc_nano.a(lib_a-atol.o)
                0x000000000800ca40                atol
 .text.__errno  0x000000000800ca48        0xc c:/st/stm32cubeide_1.6.1/stm32cubeide/plugins/com.st.stm32cube.ide.mcu.externaltools.gnu-tools-for-stm32.9-2020-q2-update.win32_2.0.0.202105311346/tools/bin/../lib/gcc/arm-none-eabi/9.3.1/../../../../arm-none-eabi/lib/thumb/v7-m/nofp\libc_nano.a(lib_a-errno.o)
                0x000000000800ca48                __errno
 .text.__libc_init_array
                0x000000000800ca54       0x48 c:/st/stm32cubeide_1.6.1/stm32cubeide/plugins/com.st.stm32cube.ide.mcu.externaltools.gnu-tools-for-stm32.9-2020-q2-update.win32_2.0.0.202105311346/tools/bin/../lib/gcc/arm-none-eabi/9.3.1/../../../../arm-none-eabi/lib/thumb/v7-m/nofp\libc_nano.a(lib_a-init.o)
                0x000000000800ca54                __libc_init_array
 .text.__itoa   0x000000000800ca9c       0x30 c:/st/stm32cubeide_1.6.1/stm32cubeide/plugins/com.st.stm32cube.ide.mcu.externaltools.gnu-tools-for-stm32.9-2020-q2-update.win32_2.0.0.202105311346/tools/bin/../lib/gcc/arm-none-eabi/9.3.1/../../../../arm-none-eabi/lib/thumb/v7-m/nofp\libc_nano.a(lib_a-itoa.o)
                0x000000000800ca9c                __itoa
 .text.itoa     0x000000000800cacc        0x4 c:/st/stm32cubeide_1.6.1/stm32cubeide/plugins/com.st.stm32cube.ide.mcu.externaltools.gnu-tools-for-stm32.9-2020-q2-update.win32_2.0.0.202105311346/tools/bin/../lib/gcc/arm-none-eabi/9.3.1/../../../../arm-none-eabi/lib/thumb/v7-m/nofp\libc_nano.a(lib_a-itoa.o)
                0x000000000800cacc                itoa
 .text.memcpy   0x000000000800cad0       0x1c c:/st/stm32cubeide_1.6.1/stm32cubeide/plugins/com.st.stm32cube.ide.mcu.externaltools.gnu-tools-for-stm32.9-2020-q2-update.win32_2.0.0.202105311346/tools/bin/../lib/gcc/arm-none-eabi/9.3.1/../../../../arm-none-eabi/lib/thumb/v7-m/nofp\libc_nano.a(lib_a-memcpy-stub.o)
                0x000000000800cad0                memcpy
 .text.memset   0x000000000800caec       0x10 c:/st/stm32cubeide_1.6.1/stm32cubeide/plugins/com.st.stm32cube.ide.mcu.externaltools.gnu-tools-for-stm32.9-2020-q2-update.win32_2.0.0.202105311346/tools/bin/../lib/gcc/arm-none-eabi/9.3.1/../../../../arm-none-eabi/lib/thumb/v7-m/nofp\libc_nano.a(lib_a-memset.o)
                0x000000000800caec                memset
 .text.sprintf  0x000000000800cafc       0x40 c:/st/stm32cubeide_1.6.1/stm32cubeide/plugins/com.st.stm32cube.ide.mcu.externaltools.gnu-tools-for-stm32.9-2020-q2-update.win32_2.0.0.202105311346/tools/bin/../lib/gcc/arm-none-eabi/9.3.1/../../../../arm-none-eabi/lib/thumb/v7-m/nofp\libc_nano.a(lib_a-sprintf.o)
                0x000000000800cafc                siprintf
                0x000000000800cafc                sprintf
 .text.sscanf   0x000000000800cb3c       0x54 c:/st/stm32cubeide_1.6.1/stm32cubeide/plugins/com.st.stm32cube.ide.mcu.externaltools.gnu-tools-for-stm32.9-2020-q2-update.win32_2.0.0.202105311346/tools/bin/../lib/gcc/arm-none-eabi/9.3.1/../../../../arm-none-eabi/lib/thumb/v7-m/nofp\libc_nano.a(lib_a-sscanf.o)
                0x000000000800cb3c                siscanf
                0x000000000800cb3c                sscanf
 .text.__sread  0x000000000800cb90       0x22 c:/st/stm32cubeide_1.6.1/stm32cubeide/plugins/com.st.stm32cube.ide.mcu.externaltools.gnu-tools-for-stm32.9-2020-q2-update.win32_2.0.0.202105311346/tools/bin/../lib/gcc/arm-none-eabi/9.3.1/../../../../arm-none-eabi/lib/thumb/v7-m/nofp\libc_nano.a(lib_a-stdio.o)
                0x000000000800cb90                __sread
 .text.__seofread
                0x000000000800cbb2        0x4 c:/st/stm32cubeide_1.6.1/stm32cubeide/plugins/com.st.stm32cube.ide.mcu.externaltools.gnu-tools-for-stm32.9-2020-q2-update.win32_2.0.0.202105311346/tools/bin/../lib/gcc/arm-none-eabi/9.3.1/../../../../arm-none-eabi/lib/thumb/v7-m/nofp\libc_nano.a(lib_a-stdio.o)
                0x000000000800cbb2                __seofread
 .text.__swrite
                0x000000000800cbb6       0x38 c:/st/stm32cubeide_1.6.1/stm32cubeide/plugins/com.st.stm32cube.ide.mcu.externaltools.gnu-tools-for-stm32.9-2020-q2-update.win32_2.0.0.202105311346/tools/bin/../lib/gcc/arm-none-eabi/9.3.1/../../../../arm-none-eabi/lib/thumb/v7-m/nofp\libc_nano.a(lib_a-stdio.o)
                0x000000000800cbb6                __swrite
 .text.__sseek  0x000000000800cbee       0x24 c:/st/stm32cubeide_1.6.1/stm32cubeide/plugins/com.st.stm32cube.ide.mcu.externaltools.gnu-tools-for-stm32.9-2020-q2-update.win32_2.0.0.202105311346/tools/bin/../lib/gcc/arm-none-eabi/9.3.1/../../../../arm-none-eabi/lib/thumb/v7-m/nofp\libc_nano.a(lib_a-stdio.o)
                0x000000000800cbee                __sseek
 .text.__sclose
                0x000000000800cc12        0x8 c:/st/stm32cubeide_1.6.1/stm32cubeide/plugins/com.st.stm32cube.ide.mcu.externaltools.gnu-tools-for-stm32.9-2020-q2-update.win32_2.0.0.202105311346/tools/bin/../lib/gcc/arm-none-eabi/9.3.1/../../../../arm-none-eabi/lib/thumb/v7-m/nofp\libc_nano.a(lib_a-stdio.o)
                0x000000000800cc12                __sclose
 .text.strcat   0x000000000800cc1a       0x1e c:/st/stm32cubeide_1.6.1/stm32cubeide/plugins/com.st.stm32cube.ide.mcu.externaltools.gnu-tools-for-stm32.9-2020-q2-update.win32_2.0.0.202105311346/tools/bin/../lib/gcc/arm-none-eabi/9.3.1/../../../../arm-none-eabi/lib/thumb/v7-m/nofp\libc_nano.a(lib_a-strcat.o)
                0x000000000800cc1a                strcat
 .text.strcpy   0x000000000800cc38       0x10 c:/st/stm32cubeide_1.6.1/stm32cubeide/plugins/com.st.stm32cube.ide.mcu.externaltools.gnu-tools-for-stm32.9-2020-q2-update.win32_2.0.0.202105311346/tools/bin/../lib/gcc/arm-none-eabi/9.3.1/../../../../arm-none-eabi/lib/thumb/v7-m/nofp\libc_nano.a(lib_a-strcpy.o)
                0x000000000800cc38                strcpy
 .text.strcspn  0x000000000800cc48       0x22 c:/st/stm32cubeide_1.6.1/stm32cubeide/plugins/com.st.stm32cube.ide.mcu.externaltools.gnu-tools-for-stm32.9-2020-q2-update.win32_2.0.0.202105311346/tools/bin/../lib/gcc/arm-none-eabi/9.3.1/../../../../arm-none-eabi/lib/thumb/v7-m/nofp\libc_nano.a(lib_a-strcspn.o)
                0x000000000800cc48                strcspn
 .text.strstr   0x000000000800cc6a       0x2e c:/st/stm32cubeide_1.6.1/stm32cubeide/plugins/com.st.stm32cube.ide.mcu.externaltools.gnu-tools-for-stm32.9-2020-q2-update.win32_2.0.0.202105311346/tools/bin/../lib/gcc/arm-none-eabi/9.3.1/../../../../arm-none-eabi/lib/thumb/v7-m/nofp\libc_nano.a(lib_a-strstr.o)
                0x000000000800cc6a                strstr
 .text.strtok   0x000000000800cc98       0x68 c:/st/stm32cubeide_1.6.1/stm32cubeide/plugins/com.st.stm32cube.ide.mcu.externaltools.gnu-tools-for-stm32.9-2020-q2-update.win32_2.0.0.202105311346/tools/bin/../lib/gcc/arm-none-eabi/9.3.1/../../../../arm-none-eabi/lib/thumb/v7-m/nofp\libc_nano.a(lib_a-strtok.o)
                0x000000000800cc98                strtok
 .text.__strtok_r
                0x000000000800cd00       0x50 c:/st/stm32cubeide_1.6.1/stm32cubeide/plugins/com.st.stm32cube.ide.mcu.externaltools.gnu-tools-for-stm32.9-2020-q2-update.win32_2.0.0.202105311346/tools/bin/../lib/gcc/arm-none-eabi/9.3.1/../../../../arm-none-eabi/lib/thumb/v7-m/nofp\libc_nano.a(lib_a-strtok_r.o)
                0x000000000800cd00                __strtok_r
 .text._strtol_l.isra.0
                0x000000000800cd50      0x10c c:/st/stm32cubeide_1.6.1/stm32cubeide/plugins/com.st.stm32cube.ide.mcu.externaltools.gnu-tools-for-stm32.9-2020-q2-update.win32_2.0.0.202105311346/tools/bin/../lib/gcc/arm-none-eabi/9.3.1/../../../../arm-none-eabi/lib/thumb/v7-m/nofp\libc_nano.a(lib_a-strtol.o)
 .text._strtol_r
                0x000000000800ce5c        0x4 c:/st/stm32cubeide_1.6.1/stm32cubeide/plugins/com.st.stm32cube.ide.mcu.externaltools.gnu-tools-for-stm32.9-2020-q2-update.win32_2.0.0.202105311346/tools/bin/../lib/gcc/arm-none-eabi/9.3.1/../../../../arm-none-eabi/lib/thumb/v7-m/nofp\libc_nano.a(lib_a-strtol.o)
                0x000000000800ce5c                _strtol_r
 .text.strtol   0x000000000800ce60       0x14 c:/st/stm32cubeide_1.6.1/stm32cubeide/plugins/com.st.stm32cube.ide.mcu.externaltools.gnu-tools-for-stm32.9-2020-q2-update.win32_2.0.0.202105311346/tools/bin/../lib/gcc/arm-none-eabi/9.3.1/../../../../arm-none-eabi/lib/thumb/v7-m/nofp\libc_nano.a(lib_a-strtol.o)
                0x000000000800ce60                strtol
 .text.__utoa   0x000000000800ce74       0x84 c:/st/stm32cubeide_1.6.1/stm32cubeide/plugins/com.st.stm32cube.ide.mcu.externaltools.gnu-tools-for-stm32.9-2020-q2-update.win32_2.0.0.202105311346/tools/bin/../lib/gcc/arm-none-eabi/9.3.1/../../../../arm-none-eabi/lib/thumb/v7-m/nofp\libc_nano.a(lib_a-utoa.o)
                0x000000000800ce74                __utoa
 .text._write_r
                0x000000000800cef8       0x24 c:/st/stm32cubeide_1.6.1/stm32cubeide/plugins/com.st.stm32cube.ide.mcu.externaltools.gnu-tools-for-stm32.9-2020-q2-update.win32_2.0.0.202105311346/tools/bin/../lib/gcc/arm-none-eabi/9.3.1/../../../../arm-none-eabi/lib/thumb/v7-m/nofp\libc_nano.a(lib_a-writer.o)
                0x000000000800cef8                _write_r
 .text.__assert_func
                0x000000000800cf1c       0x3c c:/st/stm32cubeide_1.6.1/stm32cubeide/plugins/com.st.stm32cube.ide.mcu.externaltools.gnu-tools-for-stm32.9-2020-q2-update.win32_2.0.0.202105311346/tools/bin/../lib/gcc/arm-none-eabi/9.3.1/../../../../arm-none-eabi/lib/thumb/v7-m/nofp\libc_nano.a(lib_a-assert.o)
                0x000000000800cf1c                __assert_func
 .text._close_r
                0x000000000800cf58       0x20 c:/st/stm32cubeide_1.6.1/stm32cubeide/plugins/com.st.stm32cube.ide.mcu.externaltools.gnu-tools-for-stm32.9-2020-q2-update.win32_2.0.0.202105311346/tools/bin/../lib/gcc/arm-none-eabi/9.3.1/../../../../arm-none-eabi/lib/thumb/v7-m/nofp\libc_nano.a(lib_a-closer.o)
                0x000000000800cf58                _close_r
 .text.fprintf  0x000000000800cf78       0x24 c:/st/stm32cubeide_1.6.1/stm32cubeide/plugins/com.st.stm32cube.ide.mcu.externaltools.gnu-tools-for-stm32.9-2020-q2-update.win32_2.0.0.202105311346/tools/bin/../lib/gcc/arm-none-eabi/9.3.1/../../../../arm-none-eabi/lib/thumb/v7-m/nofp\libc_nano.a(lib_a-fprintf.o)
                0x000000000800cf78                fiprintf
                0x000000000800cf78                fprintf
 .text._lseek_r
                0x000000000800cf9c       0x24 c:/st/stm32cubeide_1.6.1/stm32cubeide/plugins/com.st.stm32cube.ide.mcu.externaltools.gnu-tools-for-stm32.9-2020-q2-update.win32_2.0.0.202105311346/tools/bin/../lib/gcc/arm-none-eabi/9.3.1/../../../../arm-none-eabi/lib/thumb/v7-m/nofp\libc_nano.a(lib_a-lseekr.o)
                0x000000000800cf9c                _lseek_r
 .text.malloc   0x000000000800cfc0       0x10 c:/st/stm32cubeide_1.6.1/stm32cubeide/plugins/com.st.stm32cube.ide.mcu.externaltools.gnu-tools-for-stm32.9-2020-q2-update.win32_2.0.0.202105311346/tools/bin/../lib/gcc/arm-none-eabi/9.3.1/../../../../arm-none-eabi/lib/thumb/v7-m/nofp\libc_nano.a(lib_a-malloc.o)
                0x000000000800cfc0                malloc
 .text._free_r  0x000000000800cfd0       0x98 c:/st/stm32cubeide_1.6.1/stm32cubeide/plugins/com.st.stm32cube.ide.mcu.externaltools.gnu-tools-for-stm32.9-2020-q2-update.win32_2.0.0.202105311346/tools/bin/../lib/gcc/arm-none-eabi/9.3.1/../../../../arm-none-eabi/lib/thumb/v7-m/nofp\libc_nano.a(lib_a-nano-freer.o)
                0x000000000800cfd0                _free_r
 .text._malloc_r
                0x000000000800d068       0xb4 c:/st/stm32cubeide_1.6.1/stm32cubeide/plugins/com.st.stm32cube.ide.mcu.externaltools.gnu-tools-for-stm32.9-2020-q2-update.win32_2.0.0.202105311346/tools/bin/../lib/gcc/arm-none-eabi/9.3.1/../../../../arm-none-eabi/lib/thumb/v7-m/nofp\libc_nano.a(lib_a-nano-mallocr.o)
                0x000000000800d068                _malloc_r
 .text.__ssputs_r
                0x000000000800d11c       0xb6 c:/st/stm32cubeide_1.6.1/stm32cubeide/plugins/com.st.stm32cube.ide.mcu.externaltools.gnu-tools-for-stm32.9-2020-q2-update.win32_2.0.0.202105311346/tools/bin/../lib/gcc/arm-none-eabi/9.3.1/../../../../arm-none-eabi/lib/thumb/v7-m/nofp\libc_nano.a(lib_a-nano-svfprintf.o)
                0x000000000800d11c                __ssputs_r
 *fill*         0x000000000800d1d2        0x2 
 .text._svfprintf_r
                0x000000000800d1d4      0x200 c:/st/stm32cubeide_1.6.1/stm32cubeide/plugins/com.st.stm32cube.ide.mcu.externaltools.gnu-tools-for-stm32.9-2020-q2-update.win32_2.0.0.202105311346/tools/bin/../lib/gcc/arm-none-eabi/9.3.1/../../../../arm-none-eabi/lib/thumb/v7-m/nofp\libc_nano.a(lib_a-nano-svfprintf.o)
                0x000000000800d1d4                _svfiprintf_r
                0x000000000800d1d4                _svfprintf_r
 .text._sungetc_r
                0x000000000800d3d4       0x7a c:/st/stm32cubeide_1.6.1/stm32cubeide/plugins/com.st.stm32cube.ide.mcu.externaltools.gnu-tools-for-stm32.9-2020-q2-update.win32_2.0.0.202105311346/tools/bin/../lib/gcc/arm-none-eabi/9.3.1/../../../../arm-none-eabi/lib/thumb/v7-m/nofp\libc_nano.a(lib_a-nano-svfscanf.o)
                0x000000000800d3d4                _sungetc_r
 .text.__ssrefill_r
                0x000000000800d44e       0x3a c:/st/stm32cubeide_1.6.1/stm32cubeide/plugins/com.st.stm32cube.ide.mcu.externaltools.gnu-tools-for-stm32.9-2020-q2-update.win32_2.0.0.202105311346/tools/bin/../lib/gcc/arm-none-eabi/9.3.1/../../../../arm-none-eabi/lib/thumb/v7-m/nofp\libc_nano.a(lib_a-nano-svfscanf.o)
                0x000000000800d44e                __ssrefill_r
 .text.__ssvfscanf_r
                0x000000000800d488      0x2f4 c:/st/stm32cubeide_1.6.1/stm32cubeide/plugins/com.st.stm32cube.ide.mcu.externaltools.gnu-tools-for-stm32.9-2020-q2-update.win32_2.0.0.202105311346/tools/bin/../lib/gcc/arm-none-eabi/9.3.1/../../../../arm-none-eabi/lib/thumb/v7-m/nofp\libc_nano.a(lib_a-nano-svfscanf.o)
                0x000000000800d488                __ssvfiscanf_r
                0x000000000800d488                __ssvfscanf_r
 .text.__sfputc_r
                0x000000000800d77c       0x2a c:/st/stm32cubeide_1.6.1/stm32cubeide/plugins/com.st.stm32cube.ide.mcu.externaltools.gnu-tools-for-stm32.9-2020-q2-update.win32_2.0.0.202105311346/tools/bin/../lib/gcc/arm-none-eabi/9.3.1/../../../../arm-none-eabi/lib/thumb/v7-m/nofp\libc_nano.a(lib_a-nano-vfprintf.o)
 .text.__sfputs_r
                0x000000000800d7a6       0x24 c:/st/stm32cubeide_1.6.1/stm32cubeide/plugins/com.st.stm32cube.ide.mcu.externaltools.gnu-tools-for-stm32.9-2020-q2-update.win32_2.0.0.202105311346/tools/bin/../lib/gcc/arm-none-eabi/9.3.1/../../../../arm-none-eabi/lib/thumb/v7-m/nofp\libc_nano.a(lib_a-nano-vfprintf.o)
                0x000000000800d7a6                __sfputs_r
 *fill*         0x000000000800d7ca        0x2 
 .text._vfprintf_r
                0x000000000800d7cc      0x260 c:/st/stm32cubeide_1.6.1/stm32cubeide/plugins/com.st.stm32cube.ide.mcu.externaltools.gnu-tools-for-stm32.9-2020-q2-update.win32_2.0.0.202105311346/tools/bin/../lib/gcc/arm-none-eabi/9.3.1/../../../../arm-none-eabi/lib/thumb/v7-m/nofp\libc_nano.a(lib_a-nano-vfprintf.o)
                0x000000000800d7cc                _vfprintf_r
                0x000000000800d7cc                _vfiprintf_r
 .text._printf_common
                0x000000000800da2c       0xde c:/st/stm32cubeide_1.6.1/stm32cubeide/plugins/com.st.stm32cube.ide.mcu.externaltools.gnu-tools-for-stm32.9-2020-q2-update.win32_2.0.0.202105311346/tools/bin/../lib/gcc/arm-none-eabi/9.3.1/../../../../arm-none-eabi/lib/thumb/v7-m/nofp\libc_nano.a(lib_a-nano-vfprintf_i.o)
                0x000000000800da2c                _printf_common
 *fill*         0x000000000800db0a        0x2 
 .text._printf_i
                0x000000000800db0c      0x24c c:/st/stm32cubeide_1.6.1/stm32cubeide/plugins/com.st.stm32cube.ide.mcu.externaltools.gnu-tools-for-stm32.9-2020-q2-update.win32_2.0.0.202105311346/tools/bin/../lib/gcc/arm-none-eabi/9.3.1/../../../../arm-none-eabi/lib/thumb/v7-m/nofp\libc_nano.a(lib_a-nano-vfprintf_i.o)
                0x000000000800db0c                _printf_i
 .text._scanf_chars
                0x000000000800dd58       0xb0 c:/st/stm32cubeide_1.6.1/stm32cubeide/plugins/com.st.stm32cube.ide.mcu.externaltools.gnu-tools-for-stm32.9-2020-q2-update.win32_2.0.0.202105311346/tools/bin/../lib/gcc/arm-none-eabi/9.3.1/../../../../arm-none-eabi/lib/thumb/v7-m/nofp\libc_nano.a(lib_a-nano-vfscanf_i.o)
                0x000000000800dd58                _scanf_chars
 .text._scanf_i
                0x000000000800de08      0x1e4 c:/st/stm32cubeide_1.6.1/stm32cubeide/plugins/com.st.stm32cube.ide.mcu.externaltools.gnu-tools-for-stm32.9-2020-q2-update.win32_2.0.0.202105311346/tools/bin/../lib/gcc/arm-none-eabi/9.3.1/../../../../arm-none-eabi/lib/thumb/v7-m/nofp\libc_nano.a(lib_a-nano-vfscanf_i.o)
                0x000000000800de08                _scanf_i
 .text._read_r  0x000000000800dfec       0x24 c:/st/stm32cubeide_1.6.1/stm32cubeide/plugins/com.st.stm32cube.ide.mcu.externaltools.gnu-tools-for-stm32.9-2020-q2-update.win32_2.0.0.202105311346/tools/bin/../lib/gcc/arm-none-eabi/9.3.1/../../../../arm-none-eabi/lib/thumb/v7-m/nofp\libc_nano.a(lib_a-readr.o)
                0x000000000800dfec                _read_r
 .text._sbrk_r  0x000000000800e010       0x20 c:/st/stm32cubeide_1.6.1/stm32cubeide/plugins/com.st.stm32cube.ide.mcu.externaltools.gnu-tools-for-stm32.9-2020-q2-update.win32_2.0.0.202105311346/tools/bin/../lib/gcc/arm-none-eabi/9.3.1/../../../../arm-none-eabi/lib/thumb/v7-m/nofp\libc_nano.a(lib_a-sbrkr.o)
                0x000000000800e010                _sbrk_r
 .text.__sccl   0x000000000800e030       0x74 c:/st/stm32cubeide_1.6.1/stm32cubeide/plugins/com.st.stm32cube.ide.mcu.externaltools.gnu-tools-for-stm32.9-2020-q2-update.win32_2.0.0.202105311346/tools/bin/../lib/gcc/arm-none-eabi/9.3.1/../../../../arm-none-eabi/lib/thumb/v7-m/nofp\libc_nano.a(lib_a-sccl.o)
                0x000000000800e030                __sccl
 .text._strtoul_l.isra.0
                0x000000000800e0a4       0xf8 c:/st/stm32cubeide_1.6.1/stm32cubeide/plugins/com.st.stm32cube.ide.mcu.externaltools.gnu-tools-for-stm32.9-2020-q2-update.win32_2.0.0.202105311346/tools/bin/../lib/gcc/arm-none-eabi/9.3.1/../../../../arm-none-eabi/lib/thumb/v7-m/nofp\libc_nano.a(lib_a-strtoul.o)
 .text._strtoul_r
                0x000000000800e19c        0x4 c:/st/stm32cubeide_1.6.1/stm32cubeide/plugins/com.st.stm32cube.ide.mcu.externaltools.gnu-tools-for-stm32.9-2020-q2-update.win32_2.0.0.202105311346/tools/bin/../lib/gcc/arm-none-eabi/9.3.1/../../../../arm-none-eabi/lib/thumb/v7-m/nofp\libc_nano.a(lib_a-strtoul.o)
                0x000000000800e19c                _strtoul_r
 .text.__submore
                0x000000000800e1a0       0x70 c:/st/stm32cubeide_1.6.1/stm32cubeide/plugins/com.st.stm32cube.ide.mcu.externaltools.gnu-tools-for-stm32.9-2020-q2-update.win32_2.0.0.202105311346/tools/bin/../lib/gcc/arm-none-eabi/9.3.1/../../../../arm-none-eabi/lib/thumb/v7-m/nofp\libc_nano.a(lib_a-ungetc.o)
                0x000000000800e1a0                __submore
 .text.__swbuf_r
                0x000000000800e210       0xa4 c:/st/stm32cubeide_1.6.1/stm32cubeide/plugins/com.st.stm32cube.ide.mcu.externaltools.gnu-tools-for-stm32.9-2020-q2-update.win32_2.0.0.202105311346/tools/bin/../lib/gcc/arm-none-eabi/9.3.1/../../../../arm-none-eabi/lib/thumb/v7-m/nofp\libc_nano.a(lib_a-wbuf.o)
                0x000000000800e210                __swbuf_r
 .text.__swsetup_r
                0x000000000800e2b4       0xdc c:/st/stm32cubeide_1.6.1/stm32cubeide/plugins/com.st.stm32cube.ide.mcu.externaltools.gnu-tools-for-stm32.9-2020-q2-update.win32_2.0.0.202105311346/tools/bin/../lib/gcc/arm-none-eabi/9.3.1/../../../../arm-none-eabi/lib/thumb/v7-m/nofp\libc_nano.a(lib_a-wsetup.o)
                0x000000000800e2b4                __swsetup_r
 .text.abort    0x000000000800e390        0xe c:/st/stm32cubeide_1.6.1/stm32cubeide/plugins/com.st.stm32cube.ide.mcu.externaltools.gnu-tools-for-stm32.9-2020-q2-update.win32_2.0.0.202105311346/tools/bin/../lib/gcc/arm-none-eabi/9.3.1/../../../../arm-none-eabi/lib/thumb/v7-m/nofp\libc_nano.a(lib_a-abort.o)
                0x000000000800e390                abort
 *fill*         0x000000000800e39e        0x2 
 .text.__sflush_r
                0x000000000800e3a0      0x10c c:/st/stm32cubeide_1.6.1/stm32cubeide/plugins/com.st.stm32cube.ide.mcu.externaltools.gnu-tools-for-stm32.9-2020-q2-update.win32_2.0.0.202105311346/tools/bin/../lib/gcc/arm-none-eabi/9.3.1/../../../../arm-none-eabi/lib/thumb/v7-m/nofp\libc_nano.a(lib_a-fflush.o)
                0x000000000800e3a0                __sflush_r
 .text._fflush_r
                0x000000000800e4ac       0x78 c:/st/stm32cubeide_1.6.1/stm32cubeide/plugins/com.st.stm32cube.ide.mcu.externaltools.gnu-tools-for-stm32.9-2020-q2-update.win32_2.0.0.202105311346/tools/bin/../lib/gcc/arm-none-eabi/9.3.1/../../../../arm-none-eabi/lib/thumb/v7-m/nofp\libc_nano.a(lib_a-fflush.o)
                0x000000000800e4ac                _fflush_r
 .text.std      0x000000000800e524       0x48 c:/st/stm32cubeide_1.6.1/stm32cubeide/plugins/com.st.stm32cube.ide.mcu.externaltools.gnu-tools-for-stm32.9-2020-q2-update.win32_2.0.0.202105311346/tools/bin/../lib/gcc/arm-none-eabi/9.3.1/../../../../arm-none-eabi/lib/thumb/v7-m/nofp\libc_nano.a(lib_a-findfp.o)
 .text._cleanup_r
                0x000000000800e56c        0xc c:/st/stm32cubeide_1.6.1/stm32cubeide/plugins/com.st.stm32cube.ide.mcu.externaltools.gnu-tools-for-stm32.9-2020-q2-update.win32_2.0.0.202105311346/tools/bin/../lib/gcc/arm-none-eabi/9.3.1/../../../../arm-none-eabi/lib/thumb/v7-m/nofp\libc_nano.a(lib_a-findfp.o)
                0x000000000800e56c                _cleanup_r
 .text.__sfmoreglue
                0x000000000800e578       0x2c c:/st/stm32cubeide_1.6.1/stm32cubeide/plugins/com.st.stm32cube.ide.mcu.externaltools.gnu-tools-for-stm32.9-2020-q2-update.win32_2.0.0.202105311346/tools/bin/../lib/gcc/arm-none-eabi/9.3.1/../../../../arm-none-eabi/lib/thumb/v7-m/nofp\libc_nano.a(lib_a-findfp.o)
                0x000000000800e578                __sfmoreglue
 .text.__sfp_lock_acquire
                0x000000000800e5a4        0xc c:/st/stm32cubeide_1.6.1/stm32cubeide/plugins/com.st.stm32cube.ide.mcu.externaltools.gnu-tools-for-stm32.9-2020-q2-update.win32_2.0.0.202105311346/tools/bin/../lib/gcc/arm-none-eabi/9.3.1/../../../../arm-none-eabi/lib/thumb/v7-m/nofp\libc_nano.a(lib_a-findfp.o)
                0x000000000800e5a4                __sfp_lock_acquire
 .text.__sfp_lock_release
                0x000000000800e5b0        0xc c:/st/stm32cubeide_1.6.1/stm32cubeide/plugins/com.st.stm32cube.ide.mcu.externaltools.gnu-tools-for-stm32.9-2020-q2-update.win32_2.0.0.202105311346/tools/bin/../lib/gcc/arm-none-eabi/9.3.1/../../../../arm-none-eabi/lib/thumb/v7-m/nofp\libc_nano.a(lib_a-findfp.o)
                0x000000000800e5b0                __sfp_lock_release
 .text.__sinit_lock_acquire
                0x000000000800e5bc        0xc c:/st/stm32cubeide_1.6.1/stm32cubeide/plugins/com.st.stm32cube.ide.mcu.externaltools.gnu-tools-for-stm32.9-2020-q2-update.win32_2.0.0.202105311346/tools/bin/../lib/gcc/arm-none-eabi/9.3.1/../../../../arm-none-eabi/lib/thumb/v7-m/nofp\libc_nano.a(lib_a-findfp.o)
                0x000000000800e5bc                __sinit_lock_acquire
 .text.__sinit_lock_release
                0x000000000800e5c8        0xc c:/st/stm32cubeide_1.6.1/stm32cubeide/plugins/com.st.stm32cube.ide.mcu.externaltools.gnu-tools-for-stm32.9-2020-q2-update.win32_2.0.0.202105311346/tools/bin/../lib/gcc/arm-none-eabi/9.3.1/../../../../arm-none-eabi/lib/thumb/v7-m/nofp\libc_nano.a(lib_a-findfp.o)
                0x000000000800e5c8                __sinit_lock_release
 .text.__sinit  0x000000000800e5d4       0x70 c:/st/stm32cubeide_1.6.1/stm32cubeide/plugins/com.st.stm32cube.ide.mcu.externaltools.gnu-tools-for-stm32.9-2020-q2-update.win32_2.0.0.202105311346/tools/bin/../lib/gcc/arm-none-eabi/9.3.1/../../../../arm-none-eabi/lib/thumb/v7-m/nofp\libc_nano.a(lib_a-findfp.o)
                0x000000000800e5d4                __sinit
 .text.__sfp    0x000000000800e644       0x8c c:/st/stm32cubeide_1.6.1/stm32cubeide/plugins/com.st.stm32cube.ide.mcu.externaltools.gnu-tools-for-stm32.9-2020-q2-update.win32_2.0.0.202105311346/tools/bin/../lib/gcc/arm-none-eabi/9.3.1/../../../../arm-none-eabi/lib/thumb/v7-m/nofp\libc_nano.a(lib_a-findfp.o)
                0x000000000800e644                __sfp
 .text._fwalk_reent
                0x000000000800e6d0       0x3e c:/st/stm32cubeide_1.6.1/stm32cubeide/plugins/com.st.stm32cube.ide.mcu.externaltools.gnu-tools-for-stm32.9-2020-q2-update.win32_2.0.0.202105311346/tools/bin/../lib/gcc/arm-none-eabi/9.3.1/../../../../arm-none-eabi/lib/thumb/v7-m/nofp\libc_nano.a(lib_a-fwalk.o)
                0x000000000800e6d0                _fwalk_reent
 .text.__retarget_lock_init_recursive
                0x000000000800e70e        0x2 c:/st/stm32cubeide_1.6.1/stm32cubeide/plugins/com.st.stm32cube.ide.mcu.externaltools.gnu-tools-for-stm32.9-2020-q2-update.win32_2.0.0.202105311346/tools/bin/../lib/gcc/arm-none-eabi/9.3.1/../../../../arm-none-eabi/lib/thumb/v7-m/nofp\libc_nano.a(lib_a-lock.o)
                0x000000000800e70e                __retarget_lock_init_recursive
 .text.__retarget_lock_acquire_recursive
                0x000000000800e710        0x2 c:/st/stm32cubeide_1.6.1/stm32cubeide/plugins/com.st.stm32cube.ide.mcu.externaltools.gnu-tools-for-stm32.9-2020-q2-update.win32_2.0.0.202105311346/tools/bin/../lib/gcc/arm-none-eabi/9.3.1/../../../../arm-none-eabi/lib/thumb/v7-m/nofp\libc_nano.a(lib_a-lock.o)
                0x000000000800e710                __retarget_lock_acquire_recursive
 .text.__retarget_lock_release_recursive
                0x000000000800e712        0x2 c:/st/stm32cubeide_1.6.1/stm32cubeide/plugins/com.st.stm32cube.ide.mcu.externaltools.gnu-tools-for-stm32.9-2020-q2-update.win32_2.0.0.202105311346/tools/bin/../lib/gcc/arm-none-eabi/9.3.1/../../../../arm-none-eabi/lib/thumb/v7-m/nofp\libc_nano.a(lib_a-lock.o)
                0x000000000800e712                __retarget_lock_release_recursive
 .text.__swhatbuf_r
                0x000000000800e714       0x48 c:/st/stm32cubeide_1.6.1/stm32cubeide/plugins/com.st.stm32cube.ide.mcu.externaltools.gnu-tools-for-stm32.9-2020-q2-update.win32_2.0.0.202105311346/tools/bin/../lib/gcc/arm-none-eabi/9.3.1/../../../../arm-none-eabi/lib/thumb/v7-m/nofp\libc_nano.a(lib_a-makebuf.o)
                0x000000000800e714                __swhatbuf_r
 .text.__smakebuf_r
                0x000000000800e75c       0x80 c:/st/stm32cubeide_1.6.1/stm32cubeide/plugins/com.st.stm32cube.ide.mcu.externaltools.gnu-tools-for-stm32.9-2020-q2-update.win32_2.0.0.202105311346/tools/bin/../lib/gcc/arm-none-eabi/9.3.1/../../../../arm-none-eabi/lib/thumb/v7-m/nofp\libc_nano.a(lib_a-makebuf.o)
                0x000000000800e75c                __smakebuf_r
 .text.memchr   0x000000000800e7dc       0x1c c:/st/stm32cubeide_1.6.1/stm32cubeide/plugins/com.st.stm32cube.ide.mcu.externaltools.gnu-tools-for-stm32.9-2020-q2-update.win32_2.0.0.202105311346/tools/bin/../lib/gcc/arm-none-eabi/9.3.1/../../../../arm-none-eabi/lib/thumb/v7-m/nofp\libc_nano.a(lib_a-memchr-stub.o)
                0x000000000800e7dc                memchr
 .text.memmove  0x000000000800e7f8       0x34 c:/st/stm32cubeide_1.6.1/stm32cubeide/plugins/com.st.stm32cube.ide.mcu.externaltools.gnu-tools-for-stm32.9-2020-q2-update.win32_2.0.0.202105311346/tools/bin/../lib/gcc/arm-none-eabi/9.3.1/../../../../arm-none-eabi/lib/thumb/v7-m/nofp\libc_nano.a(lib_a-memmove.o)
                0x000000000800e7f8                memmove
 .text.__malloc_lock
                0x000000000800e82c        0xc c:/st/stm32cubeide_1.6.1/stm32cubeide/plugins/com.st.stm32cube.ide.mcu.externaltools.gnu-tools-for-stm32.9-2020-q2-update.win32_2.0.0.202105311346/tools/bin/../lib/gcc/arm-none-eabi/9.3.1/../../../../arm-none-eabi/lib/thumb/v7-m/nofp\libc_nano.a(lib_a-mlock.o)
                0x000000000800e82c                __malloc_lock
 .text.__malloc_unlock
                0x000000000800e838        0xc c:/st/stm32cubeide_1.6.1/stm32cubeide/plugins/com.st.stm32cube.ide.mcu.externaltools.gnu-tools-for-stm32.9-2020-q2-update.win32_2.0.0.202105311346/tools/bin/../lib/gcc/arm-none-eabi/9.3.1/../../../../arm-none-eabi/lib/thumb/v7-m/nofp\libc_nano.a(lib_a-mlock.o)
                0x000000000800e838                __malloc_unlock
 .text._realloc_r
                0x000000000800e844       0x4c c:/st/stm32cubeide_1.6.1/stm32cubeide/plugins/com.st.stm32cube.ide.mcu.externaltools.gnu-tools-for-stm32.9-2020-q2-update.win32_2.0.0.202105311346/tools/bin/../lib/gcc/arm-none-eabi/9.3.1/../../../../arm-none-eabi/lib/thumb/v7-m/nofp\libc_nano.a(lib_a-nano-reallocr.o)
                0x000000000800e844                _realloc_r
 .text._raise_r
                0x000000000800e890       0x50 c:/st/stm32cubeide_1.6.1/stm32cubeide/plugins/com.st.stm32cube.ide.mcu.externaltools.gnu-tools-for-stm32.9-2020-q2-update.win32_2.0.0.202105311346/tools/bin/../lib/gcc/arm-none-eabi/9.3.1/../../../../arm-none-eabi/lib/thumb/v7-m/nofp\libc_nano.a(lib_a-signal.o)
                0x000000000800e890                _raise_r
 .text.raise    0x000000000800e8e0       0x10 c:/st/stm32cubeide_1.6.1/stm32cubeide/plugins/com.st.stm32cube.ide.mcu.externaltools.gnu-tools-for-stm32.9-2020-q2-update.win32_2.0.0.202105311346/tools/bin/../lib/gcc/arm-none-eabi/9.3.1/../../../../arm-none-eabi/lib/thumb/v7-m/nofp\libc_nano.a(lib_a-signal.o)
                0x000000000800e8e0                raise
 .text._kill_r  0x000000000800e8f0       0x24 c:/st/stm32cubeide_1.6.1/stm32cubeide/plugins/com.st.stm32cube.ide.mcu.externaltools.gnu-tools-for-stm32.9-2020-q2-update.win32_2.0.0.202105311346/tools/bin/../lib/gcc/arm-none-eabi/9.3.1/../../../../arm-none-eabi/lib/thumb/v7-m/nofp\libc_nano.a(lib_a-signalr.o)
                0x000000000800e8f0                _kill_r
 .text._getpid_r
                0x000000000800e914        0x4 c:/st/stm32cubeide_1.6.1/stm32cubeide/plugins/com.st.stm32cube.ide.mcu.externaltools.gnu-tools-for-stm32.9-2020-q2-update.win32_2.0.0.202105311346/tools/bin/../lib/gcc/arm-none-eabi/9.3.1/../../../../arm-none-eabi/lib/thumb/v7-m/nofp\libc_nano.a(lib_a-signalr.o)
                0x000000000800e914                _getpid_r
 .text._fstat_r
                0x000000000800e918       0x24 c:/st/stm32cubeide_1.6.1/stm32cubeide/plugins/com.st.stm32cube.ide.mcu.externaltools.gnu-tools-for-stm32.9-2020-q2-update.win32_2.0.0.202105311346/tools/bin/../lib/gcc/arm-none-eabi/9.3.1/../../../../arm-none-eabi/lib/thumb/v7-m/nofp\libc_nano.a(lib_a-fstatr.o)
                0x000000000800e918                _fstat_r
 .text._isatty_r
                0x000000000800e93c       0x20 c:/st/stm32cubeide_1.6.1/stm32cubeide/plugins/com.st.stm32cube.ide.mcu.externaltools.gnu-tools-for-stm32.9-2020-q2-update.win32_2.0.0.202105311346/tools/bin/../lib/gcc/arm-none-eabi/9.3.1/../../../../arm-none-eabi/lib/thumb/v7-m/nofp\libc_nano.a(lib_a-isattyr.o)
                0x000000000800e93c                _isatty_r
 .text._malloc_usable_size_r
                0x000000000800e95c       0x10 c:/st/stm32cubeide_1.6.1/stm32cubeide/plugins/com.st.stm32cube.ide.mcu.externaltools.gnu-tools-for-stm32.9-2020-q2-update.win32_2.0.0.202105311346/tools/bin/../lib/gcc/arm-none-eabi/9.3.1/../../../../arm-none-eabi/lib/thumb/v7-m/nofp\libc_nano.a(lib_a-nano-msizer.o)
                0x000000000800e95c                _malloc_usable_size_r
 *(.glue_7)
 .glue_7        0x000000000800e96c        0x0 linker stubs
 *(.glue_7t)
 .glue_7t       0x000000000800e96c        0x0 linker stubs
 *(.eh_frame)
 .eh_frame      0x000000000800e96c        0x0 c:/st/stm32cubeide_1.6.1/stm32cubeide/plugins/com.st.stm32cube.ide.mcu.externaltools.gnu-tools-for-stm32.9-2020-q2-update.win32_2.0.0.202105311346/tools/bin/../lib/gcc/arm-none-eabi/9.3.1/thumb/v7-m/nofp/crtbegin.o
 *(.init)
 .init          0x000000000800e96c        0x4 c:/st/stm32cubeide_1.6.1/stm32cubeide/plugins/com.st.stm32cube.ide.mcu.externaltools.gnu-tools-for-stm32.9-2020-q2-update.win32_2.0.0.202105311346/tools/bin/../lib/gcc/arm-none-eabi/9.3.1/thumb/v7-m/nofp/crti.o
                0x000000000800e96c                _init
 .init          0x000000000800e970        0x8 c:/st/stm32cubeide_1.6.1/stm32cubeide/plugins/com.st.stm32cube.ide.mcu.externaltools.gnu-tools-for-stm32.9-2020-q2-update.win32_2.0.0.202105311346/tools/bin/../lib/gcc/arm-none-eabi/9.3.1/thumb/v7-m/nofp/crtn.o
 *(.fini)
 .fini          0x000000000800e978        0x4 c:/st/stm32cubeide_1.6.1/stm32cubeide/plugins/com.st.stm32cube.ide.mcu.externaltools.gnu-tools-for-stm32.9-2020-q2-update.win32_2.0.0.202105311346/tools/bin/../lib/gcc/arm-none-eabi/9.3.1/thumb/v7-m/nofp/crti.o
                0x000000000800e978                _fini
 .fini          0x000000000800e97c        0x8 c:/st/stm32cubeide_1.6.1/stm32cubeide/plugins/com.st.stm32cube.ide.mcu.externaltools.gnu-tools-for-stm32.9-2020-q2-update.win32_2.0.0.202105311346/tools/bin/../lib/gcc/arm-none-eabi/9.3.1/thumb/v7-m/nofp/crtn.o
                0x000000000800e984                . = ALIGN (0x4)
                0x000000000800e984                _etext = .

.vfp11_veneer   0x000000000800e984        0x0
 .vfp11_veneer  0x000000000800e984        0x0 linker stubs

.v4_bx          0x000000000800e984        0x0
 .v4_bx         0x000000000800e984        0x0 linker stubs

.iplt           0x000000000800e984        0x0
 .iplt          0x000000000800e984        0x0 c:/st/stm32cubeide_1.6.1/stm32cubeide/plugins/com.st.stm32cube.ide.mcu.externaltools.gnu-tools-for-stm32.9-2020-q2-update.win32_2.0.0.202105311346/tools/bin/../lib/gcc/arm-none-eabi/9.3.1/thumb/v7-m/nofp/crtbegin.o

.rodata         0x000000000800e984      0xcc4
                0x000000000800e984                . = ALIGN (0x4)
 *(.rodata)
 .rodata        0x000000000800e984        0x8 ./Drivers/Sensor/sensor.o
 .rodata        0x000000000800e98c       0x2c ./Drivers/Sim868/sim868.o
 .rodata        0x000000000800e9b8        0xc c:/st/stm32cubeide_1.6.1/stm32cubeide/plugins/com.st.stm32cube.ide.mcu.externaltools.gnu-tools-for-stm32.9-2020-q2-update.win32_2.0.0.202105311346/tools/bin/../lib/gcc/arm-none-eabi/9.3.1/../../../../arm-none-eabi/lib/thumb/v7-m/nofp\libc_nano.a(lib_a-nano-vfscanf_i.o)
 *(.rodata*)
 .rodata.str1.1
                0x000000000800e9c4       0x15 ./Core/Src/main.o
 .rodata.AHBPrescTable
                0x000000000800e9d9       0x10 ./Core/Src/system_stm32l1xx.o
                0x000000000800e9d9                AHBPrescTable
 .rodata.APBPrescTable
                0x000000000800e9e9        0x8 ./Core/Src/system_stm32l1xx.o
                0x000000000800e9e9                APBPrescTable
 .rodata.PLLMulTable
                0x000000000800e9f1        0x9 ./Core/Src/system_stm32l1xx.o
                0x000000000800e9f1                PLLMulTable
 .rodata.BTPowerOn.str1.1
                0x000000000800e9fa        0xe ./Drivers/Bluetooth/bluetooth.o
                                         0x11 (size before relaxing)
 .rodata.sendSpp.str1.1
                0x000000000800ea08       0xb7 ./Drivers/Bluetooth/bluetooth.o
                                         0xb9 (size before relaxing)
 .rodata.updateConnectedDeviceID.str1.1
                0x000000000800eabf        0xb ./Drivers/Bluetooth/bluetooth.o
                                          0xf (size before relaxing)
 .rodata.getBTRSII.str1.1
                0x000000000800eaca        0xb ./Drivers/Bluetooth/bluetooth.o
 .rodata.call.str1.1
                0x000000000800ead5        0x6 ./Drivers/Bluetooth/bluetooth.o
 .rodata.bluetoothMode.str1.1
                0x000000000800eadb      0x13a ./Drivers/Bluetooth/bluetooth.o
                                        0x167 (size before relaxing)
 .rodata.str1.1
                0x000000000800ec15      0x113 ./Drivers/Bluetooth/bluetooth.o
                                        0x115 (size before relaxing)
 .rodata.getTime.str1.1
                0x000000000800ed28       0x1f ./Drivers/Clock/clock.o
 .rodata.setTime.str1.1
                0x000000000800ed47       0x12 ./Drivers/Clock/clock.o
 .rodata.fsCreate.str1.1
                0x000000000800ed59       0x17 ./Drivers/FS/fs.o
                                         0x1a (size before relaxing)
 .rodata.fsRead.str1.1
                0x000000000800ed70       0x18 ./Drivers/FS/fs.o
                                         0x19 (size before relaxing)
 .rodata.str1.1
                0x000000000800ed88       0x17 ./Drivers/FS/fs.o
                                         0x19 (size before relaxing)
 .rodata.removeBoot.str1.1
                0x000000000800ed9f       0x14 ./Drivers/FTP/ftp.o
 .rodata.removeFirst.str1.1
                0x000000000800edb3        0xf ./Drivers/FTP/ftp.o
 .rodata.readConfig.str1.1
                0x000000000800edc2       0x8d ./Drivers/Files/files.o
                                         0xe0 (size before relaxing)
 .rodata.writeConfig.str1.1
                0x000000000800ee4f       0x24 ./Drivers/Files/files.o
                                         0x3f (size before relaxing)
 .rodata.writeTable.str1.1
                0x000000000800ee73        0x1 ./Drivers/Files/files.o
 .rodata.defaultParam.str1.1
                0x000000000800ee73       0x82 ./Drivers/Files/files.o
                                         0x8d (size before relaxing)
 .rodata.str1.1
                0x000000000800eef5       0x39 ./Drivers/Files/files.o
                                         0x6a (size before relaxing)
 .rodata.getgsmloc.str1.1
                0x000000000800ef2e       0x16 ./Drivers/GSMLOC/gsmloc.o
 .rodata.updateTime.str1.1
                0x000000000800ef44        0x5 ./Drivers/Gps/gps.o
 .rodata.NMEA.str1.1
                0x000000000800ef44        0xb ./Drivers/Gps/gps.o
 .rodata.str1.1
                0x000000000800ef4f       0x38 ./Drivers/Gps/gps.o
 .rodata.dataConnect.str1.1
                0x000000000800ef87        0x8 ./Drivers/MQTT/mqtt.o
                                         0x16 (size before relaxing)
 .rodata.mqttConnect.str1.1
                0x000000000800ef8f       0x2f ./Drivers/MQTT/mqtt.o
                                         0x33 (size before relaxing)
 .rodata.mqttDisconnect.str1.1
                0x000000000800efbe        0xc ./Drivers/MQTT/mqtt.o
 .rodata.mqttSend.str1.1
                0x000000000800efca      0x1a3 ./Drivers/MQTT/mqtt.o
                                        0x1af (size before relaxing)
 .rodata.str1.1
                0x000000000800f16d      0x16b ./Drivers/MQTT/mqtt.o
                                        0x173 (size before relaxing)
 .rodata.getSath.str1.1
                0x000000000800f2d8       0x26 ./Drivers/Sensor/sensor.o
                                         0x3d (size before relaxing)
 .rodata.sim868Init.str1.1
                0x000000000800f2fe        0xa ./Drivers/Sim868/sim868.o
                                          0xf (size before relaxing)
 .rodata.getTemp.str1.1
                0x000000000800f308        0x2 ./Drivers/Sim868/sim868.o
 .rodata.getSig.str1.1
                0x000000000800f308        0x2 ./Drivers/Sim868/sim868.o
 .rodata.str1.1
                0x000000000800f308       0x86 ./Drivers/Sim868/sim868.o
                                         0x8a (size before relaxing)
 .rodata.Initialize.str1.1
                0x000000000800f38e        0x6 ./Drivers/Uart/uart.o
 .rodata.bootUp.str1.1
                0x000000000800f394       0x28 ./Drivers/Uart/uart.o
                                         0x35 (size before relaxing)
 .rodata._global_impure_ptr
                0x000000000800f3bc        0x4 c:/st/stm32cubeide_1.6.1/stm32cubeide/plugins/com.st.stm32cube.ide.mcu.externaltools.gnu-tools-for-stm32.9-2020-q2-update.win32_2.0.0.202105311346/tools/bin/../lib/gcc/arm-none-eabi/9.3.1/../../../../arm-none-eabi/lib/thumb/v7-m/nofp\libc_nano.a(lib_a-impure.o)
                0x000000000800f3bc                _global_impure_ptr
 .rodata.strtok.str1.1
                0x000000000800f3c0       0x78 c:/st/stm32cubeide_1.6.1/stm32cubeide/plugins/com.st.stm32cube.ide.mcu.externaltools.gnu-tools-for-stm32.9-2020-q2-update.win32_2.0.0.202105311346/tools/bin/../lib/gcc/arm-none-eabi/9.3.1/../../../../arm-none-eabi/lib/thumb/v7-m/nofp\libc_nano.a(lib_a-strtok.o)
 .rodata.__utoa.str1.1
                0x000000000800f438       0x25 c:/st/stm32cubeide_1.6.1/stm32cubeide/plugins/com.st.stm32cube.ide.mcu.externaltools.gnu-tools-for-stm32.9-2020-q2-update.win32_2.0.0.202105311346/tools/bin/../lib/gcc/arm-none-eabi/9.3.1/../../../../arm-none-eabi/lib/thumb/v7-m/nofp\libc_nano.a(lib_a-utoa.o)
 .rodata.__assert_func.str1.1
                0x000000000800f45d       0x3c c:/st/stm32cubeide_1.6.1/stm32cubeide/plugins/com.st.stm32cube.ide.mcu.externaltools.gnu-tools-for-stm32.9-2020-q2-update.win32_2.0.0.202105311346/tools/bin/../lib/gcc/arm-none-eabi/9.3.1/../../../../arm-none-eabi/lib/thumb/v7-m/nofp\libc_nano.a(lib_a-assert.o)
                                         0x3d (size before relaxing)
 .rodata._ctype_
                0x000000000800f499      0x101 c:/st/stm32cubeide_1.6.1/stm32cubeide/plugins/com.st.stm32cube.ide.mcu.externaltools.gnu-tools-for-stm32.9-2020-q2-update.win32_2.0.0.202105311346/tools/bin/../lib/gcc/arm-none-eabi/9.3.1/../../../../arm-none-eabi/lib/thumb/v7-m/nofp\libc_nano.a(lib_a-ctype_.o)
                0x000000000800f499                _ctype_
 .rodata._svfprintf_r.str1.1
                0x000000000800f59a       0x11 c:/st/stm32cubeide_1.6.1/stm32cubeide/plugins/com.st.stm32cube.ide.mcu.externaltools.gnu-tools-for-stm32.9-2020-q2-update.win32_2.0.0.202105311346/tools/bin/../lib/gcc/arm-none-eabi/9.3.1/../../../../arm-none-eabi/lib/thumb/v7-m/nofp\libc_nano.a(lib_a-nano-svfprintf.o)
 .rodata.__ssvfscanf_r.str1.1
                0x000000000800f5ab        0x4 c:/st/stm32cubeide_1.6.1/stm32cubeide/plugins/com.st.stm32cube.ide.mcu.externaltools.gnu-tools-for-stm32.9-2020-q2-update.win32_2.0.0.202105311346/tools/bin/../lib/gcc/arm-none-eabi/9.3.1/../../../../arm-none-eabi/lib/thumb/v7-m/nofp\libc_nano.a(lib_a-nano-svfscanf.o)
 .rodata._vfprintf_r.str1.1
                0x000000000800f5ab       0x11 c:/st/stm32cubeide_1.6.1/stm32cubeide/plugins/com.st.stm32cube.ide.mcu.externaltools.gnu-tools-for-stm32.9-2020-q2-update.win32_2.0.0.202105311346/tools/bin/../lib/gcc/arm-none-eabi/9.3.1/../../../../arm-none-eabi/lib/thumb/v7-m/nofp\libc_nano.a(lib_a-nano-vfprintf.o)
 .rodata._printf_i.str1.1
                0x000000000800f5ab       0x22 c:/st/stm32cubeide_1.6.1/stm32cubeide/plugins/com.st.stm32cube.ide.mcu.externaltools.gnu-tools-for-stm32.9-2020-q2-update.win32_2.0.0.202105311346/tools/bin/../lib/gcc/arm-none-eabi/9.3.1/../../../../arm-none-eabi/lib/thumb/v7-m/nofp\libc_nano.a(lib_a-nano-vfprintf_i.o)
 .rodata.str1.1
                0x000000000800f5cd        0x6 c:/st/stm32cubeide_1.6.1/stm32cubeide/plugins/com.st.stm32cube.ide.mcu.externaltools.gnu-tools-for-stm32.9-2020-q2-update.win32_2.0.0.202105311346/tools/bin/../lib/gcc/arm-none-eabi/9.3.1/../../../../arm-none-eabi/lib/thumb/v7-m/nofp\libc_nano.a(lib_a-nano-vfscanf_i.o)
                                          0x9 (size before relaxing)
 .rodata._scanf_i.str1.1
                0x000000000800f5d3       0x12 c:/st/stm32cubeide_1.6.1/stm32cubeide/plugins/com.st.stm32cube.ide.mcu.externaltools.gnu-tools-for-stm32.9-2020-q2-update.win32_2.0.0.202105311346/tools/bin/../lib/gcc/arm-none-eabi/9.3.1/../../../../arm-none-eabi/lib/thumb/v7-m/nofp\libc_nano.a(lib_a-nano-vfscanf_i.o)
 *fill*         0x000000000800f5e5        0x3 
 .rodata.__sf_fake_stderr
                0x000000000800f5e8       0x20 c:/st/stm32cubeide_1.6.1/stm32cubeide/plugins/com.st.stm32cube.ide.mcu.externaltools.gnu-tools-for-stm32.9-2020-q2-update.win32_2.0.0.202105311346/tools/bin/../lib/gcc/arm-none-eabi/9.3.1/../../../../arm-none-eabi/lib/thumb/v7-m/nofp\libc_nano.a(lib_a-findfp.o)
                0x000000000800f5e8                __sf_fake_stderr
 .rodata.__sf_fake_stdin
                0x000000000800f608       0x20 c:/st/stm32cubeide_1.6.1/stm32cubeide/plugins/com.st.stm32cube.ide.mcu.externaltools.gnu-tools-for-stm32.9-2020-q2-update.win32_2.0.0.202105311346/tools/bin/../lib/gcc/arm-none-eabi/9.3.1/../../../../arm-none-eabi/lib/thumb/v7-m/nofp\libc_nano.a(lib_a-findfp.o)
                0x000000000800f608                __sf_fake_stdin
 .rodata.__sf_fake_stdout
                0x000000000800f628       0x20 c:/st/stm32cubeide_1.6.1/stm32cubeide/plugins/com.st.stm32cube.ide.mcu.externaltools.gnu-tools-for-stm32.9-2020-q2-update.win32_2.0.0.202105311346/tools/bin/../lib/gcc/arm-none-eabi/9.3.1/../../../../arm-none-eabi/lib/thumb/v7-m/nofp\libc_nano.a(lib_a-findfp.o)
                0x000000000800f628                __sf_fake_stdout
                0x000000000800f648                . = ALIGN (0x4)

.ARM.extab      0x000000000800f648        0x0
                0x000000000800f648                . = ALIGN (0x4)
 *(.ARM.extab* .gnu.linkonce.armextab.*)
                0x000000000800f648                . = ALIGN (0x4)

.ARM            0x000000000800f648        0x8
                0x000000000800f648                . = ALIGN (0x4)
                0x000000000800f648                __exidx_start = .
 *(.ARM.exidx*)
 .ARM.exidx     0x000000000800f648        0x8 c:/st/stm32cubeide_1.6.1/stm32cubeide/plugins/com.st.stm32cube.ide.mcu.externaltools.gnu-tools-for-stm32.9-2020-q2-update.win32_2.0.0.202105311346/tools/bin/../lib/gcc/arm-none-eabi/9.3.1/thumb/v7-m/nofp\libgcc.a(_udivmoddi4.o)
                0x000000000800f650                __exidx_end = .
                0x000000000800f650                . = ALIGN (0x4)

.rel.dyn        0x000000000800f650        0x0
 .rel.iplt      0x000000000800f650        0x0 c:/st/stm32cubeide_1.6.1/stm32cubeide/plugins/com.st.stm32cube.ide.mcu.externaltools.gnu-tools-for-stm32.9-2020-q2-update.win32_2.0.0.202105311346/tools/bin/../lib/gcc/arm-none-eabi/9.3.1/thumb/v7-m/nofp/crtbegin.o

.preinit_array  0x000000000800f650        0x0
                0x000000000800f650                . = ALIGN (0x4)
                0x000000000800f650                PROVIDE (__preinit_array_start = .)
 *(.preinit_array*)
                0x000000000800f650                PROVIDE (__preinit_array_end = .)
                0x000000000800f650                . = ALIGN (0x4)

.init_array     0x000000000800f650        0x4
                0x000000000800f650                . = ALIGN (0x4)
                0x000000000800f650                PROVIDE (__init_array_start = .)
 *(SORT_BY_NAME(.init_array.*))
 *(.init_array*)
 .init_array    0x000000000800f650        0x4 c:/st/stm32cubeide_1.6.1/stm32cubeide/plugins/com.st.stm32cube.ide.mcu.externaltools.gnu-tools-for-stm32.9-2020-q2-update.win32_2.0.0.202105311346/tools/bin/../lib/gcc/arm-none-eabi/9.3.1/thumb/v7-m/nofp/crtbegin.o