sim868.c:31:6:l3On	0	static
sim868.c:34:6:l2On	0	static
sim868.c:37:6:l3Off	0	static
sim868.c:40:6:l2Off	0	static
sim868.c:44:6:ledsOn	0	static
sim868.c:47:6:ledsOff	0	static
sim868.c:50:6:sim868On	8	static
sim868.c:62:6:sensorOn	0	static
sim868.c:68:6:loraOn	0	static
sim868.c:74:6:sensorOff	0	static
sim868.c:80:6:sim868Off	8	static
sim868.c:90:6:loraOff	0	static
sim868.c:96:5:sim868Init	24	static
sim868.c:135:6:getIMEI	8	static
sim868.c:140:6:getPNUM	8	static
sim868.c:147:6:getTemp	16	static
sim868.c:155:6:getADC	64	static
sim868.c:175:6:getSig	8	static
